MPLINK 4.49, Linker
Linker Map File - Created Sat Jun 10 21:08:30 2023

                                 Section Info
                  Section       Type    Address   Location Size(Bytes)
                ---------  ---------  ---------  ---------  ---------
                   .org_0       code   0x000000    program   0x000000
                   .org_1       code   0x000000    program   0x000034
.config_2007_SUBRUTINAS_02.O       code   0x002007    program   0x000002



                              Program Memory Usage 
                               Start         End      
                           ---------   ---------      
                            0x000000    0x000019      
                            0x002007    0x002007      
            27 out of 1094 program addresses used, program memory utilization is 2%



                              Symbols - Sorted by Name
                     Name    Address   Location    Storage File                     
                ---------  ---------  ---------  --------- ---------                
   BCD_IncrementaCentenas   0x000014    program     static E:\00.-MPLAB\00.-PIC16F84A\SUBRUTINA_02\BIN_BCD.INC
    BCD_IncrementaDecenas   0x00000e    program     static E:\00.-MPLAB\00.-PIC16F84A\SUBRUTINA_02\BIN_BCD.INC
              BCD_Resta10   0x00000a    program     static E:\00.-MPLAB\00.-PIC16F84A\SUBRUTINA_02\BIN_BCD.INC
              BIN_BCD_Fin   0x000017    program     static E:\00.-MPLAB\00.-PIC16F84A\SUBRUTINA_02\BIN_BCD.INC
                BIN_a_BCD   0x000007    program     static E:\00.-MPLAB\00.-PIC16F84A\SUBRUTINA_02\BIN_BCD.INC
                   Inicio   0x000000    program     static E:\00.-MPLAB\00.-PIC16F84A\SUBRUTINA_02\Subrutinas_02.asm
                Principal   0x000003    program     static E:\00.-MPLAB\00.-PIC16F84A\SUBRUTINA_02\Subrutinas_02.asm



                              Symbols - Sorted by Address
                     Name    Address   Location    Storage File                     
                ---------  ---------  ---------  --------- ---------                
                   Inicio   0x000000    program     static E:\00.-MPLAB\00.-PIC16F84A\SUBRUTINA_02\Subrutinas_02.asm
                Principal   0x000003    program     static E:\00.-MPLAB\00.-PIC16F84A\SUBRUTINA_02\Subrutinas_02.asm
                BIN_a_BCD   0x000007    program     static E:\00.-MPLAB\00.-PIC16F84A\SUBRUTINA_02\BIN_BCD.INC
              BCD_Resta10   0x00000a    program     static E:\00.-MPLAB\00.-PIC16F84A\SUBRUTINA_02\BIN_BCD.INC
    BCD_IncrementaDecenas   0x00000e    program     static E:\00.-MPLAB\00.-PIC16F84A\SUBRUTINA_02\BIN_BCD.INC
   BCD_IncrementaCentenas   0x000014    program     static E:\00.-MPLAB\00.-PIC16F84A\SUBRUTINA_02\BIN_BCD.INC
              BIN_BCD_Fin   0x000017    program     static E:\00.-MPLAB\00.-PIC16F84A\SUBRUTINA_02\BIN_BCD.INC


