MPLINK 4.49, Linker
Linker Map File - Created Sat Jun 17 10:51:38 2023

                                 Section Info
                  Section       Type    Address   Location Size(Bytes)
                ---------  ---------  ---------  ---------  ---------
                   .org_0       code   0x000000    program   0x000000
                   .org_1       code   0x000000    program   0x000020
 .config_2007_TIMER0_02.O       code   0x002007    program   0x000002



                              Program Memory Usage 
                               Start         End      
                           ---------   ---------      
                            0x000000    0x00000f      
                            0x002007    0x002007      
            17 out of 1094 program addresses used, program memory utilization is 1%



                              Symbols - Sorted by Name
                     Name    Address   Location    Storage File                     
                ---------  ---------  ---------  --------- ---------                
                   Inicio   0x000000    program     static E:\00.-MPLAB\00.-PIC16F84A\TIMER0_02\Timer0_02.asm
                Principal   0x000005    program     static E:\00.-MPLAB\00.-PIC16F84A\TIMER0_02\Timer0_02.asm
             Timer0_500us   0x00000a    program     static E:\00.-MPLAB\00.-PIC16F84A\TIMER0_02\Timer0_02.asm
      Timer0_Rebosamiento   0x00000d    program     static E:\00.-MPLAB\00.-PIC16F84A\TIMER0_02\Timer0_02.asm



                              Symbols - Sorted by Address
                     Name    Address   Location    Storage File                     
                ---------  ---------  ---------  --------- ---------                
                   Inicio   0x000000    program     static E:\00.-MPLAB\00.-PIC16F84A\TIMER0_02\Timer0_02.asm
                Principal   0x000005    program     static E:\00.-MPLAB\00.-PIC16F84A\TIMER0_02\Timer0_02.asm
             Timer0_500us   0x00000a    program     static E:\00.-MPLAB\00.-PIC16F84A\TIMER0_02\Timer0_02.asm
      Timer0_Rebosamiento   0x00000d    program     static E:\00.-MPLAB\00.-PIC16F84A\TIMER0_02\Timer0_02.asm


