MPLINK 4.49, Linker
Linker Map File - Created Sat Jun 10 21:14:50 2023

                                 Section Info
                  Section       Type    Address   Location Size(Bytes)
                ---------  ---------  ---------  ---------  ---------
                   .org_0       code   0x000000    program   0x000000
                   .org_1       code   0x000000    program   0x000038
.config_2007_SUBRUTINAS_03.O       code   0x002007    program   0x000002



                              Program Memory Usage 
                               Start         End      
                           ---------   ---------      
                            0x000000    0x00001b      
                            0x002007    0x002007      
            29 out of 1094 program addresses used, program memory utilization is 2%



                              Symbols - Sorted by Name
                     Name    Address   Location    Storage File                     
                ---------  ---------  ---------  --------- ---------                
   BCD_IncrementaCentenas   0x000016    program     static E:\00.-MPLAB\00.-PIC16F84A\SUBRUTINAS_03\BIN_BCD.INC
    BCD_IncrementaDecenas   0x000010    program     static E:\00.-MPLAB\00.-PIC16F84A\SUBRUTINAS_03\BIN_BCD.INC
              BCD_Resta10   0x00000c    program     static E:\00.-MPLAB\00.-PIC16F84A\SUBRUTINAS_03\BIN_BCD.INC
              BIN_BCD_Fin   0x000019    program     static E:\00.-MPLAB\00.-PIC16F84A\SUBRUTINAS_03\BIN_BCD.INC
                BIN_a_BCD   0x000009    program     static E:\00.-MPLAB\00.-PIC16F84A\SUBRUTINAS_03\BIN_BCD.INC
                   Inicio   0x000000    program     static E:\00.-MPLAB\00.-PIC16F84A\SUBRUTINAS_03\Subrutinas_03.asm
                Principal   0x000005    program     static E:\00.-MPLAB\00.-PIC16F84A\SUBRUTINAS_03\Subrutinas_03.asm



                              Symbols - Sorted by Address
                     Name    Address   Location    Storage File                     
                ---------  ---------  ---------  --------- ---------                
                   Inicio   0x000000    program     static E:\00.-MPLAB\00.-PIC16F84A\SUBRUTINAS_03\Subrutinas_03.asm
                Principal   0x000005    program     static E:\00.-MPLAB\00.-PIC16F84A\SUBRUTINAS_03\Subrutinas_03.asm
                BIN_a_BCD   0x000009    program     static E:\00.-MPLAB\00.-PIC16F84A\SUBRUTINAS_03\BIN_BCD.INC
              BCD_Resta10   0x00000c    program     static E:\00.-MPLAB\00.-PIC16F84A\SUBRUTINAS_03\BIN_BCD.INC
    BCD_IncrementaDecenas   0x000010    program     static E:\00.-MPLAB\00.-PIC16F84A\SUBRUTINAS_03\BIN_BCD.INC
   BCD_IncrementaCentenas   0x000016    program     static E:\00.-MPLAB\00.-PIC16F84A\SUBRUTINAS_03\BIN_BCD.INC
              BIN_BCD_Fin   0x000019    program     static E:\00.-MPLAB\00.-PIC16F84A\SUBRUTINAS_03\BIN_BCD.INC


