MPLINK 4.49, Linker
Linker Map File - Created Sat Jun 17 10:44:55 2023

                                 Section Info
                  Section       Type    Address   Location Size(Bytes)
                ---------  ---------  ---------  ---------  ---------
                   .org_0       code   0x000000    program   0x000000
                   .org_1       code   0x000000    program   0x0001d8
 .config_2007_TIMER0_01.O       code   0x002007    program   0x000002



                              Program Memory Usage 
                               Start         End      
                           ---------   ---------      
                            0x000000    0x0000eb      
                            0x002007    0x002007      
            237 out of 1094 program addresses used, program memory utilization is 21%



                              Symbols - Sorted by Name
                     Name    Address   Location    Storage File                     
                ---------  ---------  ---------  --------- ---------                
   BCD_IncrementaCentenas   0x00005f    program     static E:\00.-MPLAB\00.-PIC16F84A\TIMER0_01\BIN_BCD.INC
    BCD_IncrementaDecenas   0x000059    program     static E:\00.-MPLAB\00.-PIC16F84A\TIMER0_01\BIN_BCD.INC
              BCD_Resta10   0x000055    program     static E:\00.-MPLAB\00.-PIC16F84A\TIMER0_01\BIN_BCD.INC
              BIN_BCD_Fin   0x000062    program     static E:\00.-MPLAB\00.-PIC16F84A\TIMER0_01\BIN_BCD.INC
                BIN_a_BCD   0x000052    program     static E:\00.-MPLAB\00.-PIC16F84A\TIMER0_01\BIN_BCD.INC
                   Inicio   0x000000    program     static E:\00.-MPLAB\00.-PIC16F84A\TIMER0_01\Timer0_01.asm
      LCD_2Lineas4Bits5x7   0x0000a6    program     static E:\00.-MPLAB\00.-PIC16F84A\TIMER0_01\LCD_4BIT.INC
                LCD_Borra   0x0000a4    program     static E:\00.-MPLAB\00.-PIC16F84A\TIMER0_01\LCD_4BIT.INC
                 LCD_Byte   0x0000d6    program     static E:\00.-MPLAB\00.-PIC16F84A\TIMER0_01\LCD_4BIT.INC
         LCD_ByteCompleto   0x0000dd    program     static E:\00.-MPLAB\00.-PIC16F84A\TIMER0_01\LCD_4BIT.INC
             LCD_Caracter   0x0000a9    program     static E:\00.-MPLAB\00.-PIC16F84A\TIMER0_01\LCD_4BIT.INC
          LCD_CodigoCGROM   0x0000b3    program     static E:\00.-MPLAB\00.-PIC16F84A\TIMER0_01\LCD_4BIT.INC
           LCD_CursorIncr   0x000094    program     static E:\00.-MPLAB\00.-PIC16F84A\TIMER0_01\LCD_4BIT.INC
            LCD_CursorOFF   0x0000a2    program     static E:\00.-MPLAB\00.-PIC16F84A\TIMER0_01\LCD_4BIT.INC
             LCD_CursorON   0x0000a0    program     static E:\00.-MPLAB\00.-PIC16F84A\TIMER0_01\LCD_4BIT.INC
   LCD_DosEspaciosBlancos   0x0000cd    program     static E:\00.-MPLAB\00.-PIC16F84A\TIMER0_01\LCD_4BIT.INC
        LCD_EnheMayuscula   0x0000ba    program     static E:\00.-MPLAB\00.-PIC16F84A\TIMER0_01\LCD_4BIT.INC
        LCD_EnheMinuscula   0x0000b4    program     static E:\00.-MPLAB\00.-PIC16F84A\TIMER0_01\LCD_4BIT.INC
                LCD_Envia   0x0000ab    program     static E:\00.-MPLAB\00.-PIC16F84A\TIMER0_01\LCD_4BIT.INC
         LCD_EnviaBlancos   0x0000d0    program     static E:\00.-MPLAB\00.-PIC16F84A\TIMER0_01\LCD_4BIT.INC
       LCD_EnviaByteLetra   0x0000e9    program     static E:\00.-MPLAB\00.-PIC16F84A\TIMER0_01\LCD_4BIT.INC
         LCD_EnviaComando   0x0000a7    program     static E:\00.-MPLAB\00.-PIC16F84A\TIMER0_01\LCD_4BIT.INC
      LCD_EnviaOtroBlanco   0x0000d1    program     static E:\00.-MPLAB\00.-PIC16F84A\TIMER0_01\LCD_4BIT.INC
           LCD_EscribeLCD   0x00007d    program     static E:\00.-MPLAB\00.-PIC16F84A\TIMER0_01\LCD_4BIT.INC
             LCD_FinCGROM   0x0000c7    program     static E:\00.-MPLAB\00.-PIC16F84A\TIMER0_01\LCD_4BIT.INC
   LCD_FinVisualizaDigito   0x0000eb    program     static E:\00.-MPLAB\00.-PIC16F84A\TIMER0_01\LCD_4BIT.INC
                LCD_Grado   0x0000c1    program     static E:\00.-MPLAB\00.-PIC16F84A\TIMER0_01\LCD_4BIT.INC
           LCD_Inicializa   0x000065    program     static E:\00.-MPLAB\00.-PIC16F84A\TIMER0_01\LCD_4BIT.INC
               LCD_Linea1   0x000096    program     static E:\00.-MPLAB\00.-PIC16F84A\TIMER0_01\LCD_4BIT.INC
               LCD_Linea2   0x000098    program     static E:\00.-MPLAB\00.-PIC16F84A\TIMER0_01\LCD_4BIT.INC
        LCD_LineaEnBlanco   0x0000c9    program     static E:\00.-MPLAB\00.-PIC16F84A\TIMER0_01\LCD_4BIT.INC
               LCD_Nibble   0x0000e1    program     static E:\00.-MPLAB\00.-PIC16F84A\TIMER0_01\LCD_4BIT.INC
                  LCD_OFF   0x00009e    program     static E:\00.-MPLAB\00.-PIC16F84A\TIMER0_01\LCD_4BIT.INC
       LCD_PosicionLinea1   0x00009a    program     static E:\00.-MPLAB\00.-PIC16F84A\TIMER0_01\LCD_4BIT.INC
       LCD_PosicionLinea2   0x00009c    program     static E:\00.-MPLAB\00.-PIC16F84A\TIMER0_01\LCD_4BIT.INC
  LCD_TresEspaciosBlancos   0x0000cf    program     static E:\00.-MPLAB\00.-PIC16F84A\TIMER0_01\LCD_4BIT.INC
      LCD_UnEspacioBlanco   0x0000cb    program     static E:\00.-MPLAB\00.-PIC16F84A\TIMER0_01\LCD_4BIT.INC
        LCD_VisualizaAlto   0x0000de    program     static E:\00.-MPLAB\00.-PIC16F84A\TIMER0_01\LCD_4BIT.INC
        LCD_VisualizaBajo   0x0000e0    program     static E:\00.-MPLAB\00.-PIC16F84A\TIMER0_01\LCD_4BIT.INC
                Principal   0x000006    program     static E:\00.-MPLAB\00.-PIC16F84A\TIMER0_01\Timer0_01.asm
    R1Decima_BucleExterno   0x000048    program     static E:\00.-MPLAB\00.-PIC16F84A\TIMER0_01\RETARDOS.INC
   R1Decima_BucleExterno2   0x000046    program     static E:\00.-MPLAB\00.-PIC16F84A\TIMER0_01\RETARDOS.INC
    R1Decima_BucleInterno   0x00004a    program     static E:\00.-MPLAB\00.-PIC16F84A\TIMER0_01\RETARDOS.INC
        R1ms_BucleExterno   0x000032    program     static E:\00.-MPLAB\00.-PIC16F84A\TIMER0_01\RETARDOS.INC
        R1ms_BucleInterno   0x000034    program     static E:\00.-MPLAB\00.-PIC16F84A\TIMER0_01\RETARDOS.INC
            RetardoMicros   0x00001e    program     static E:\00.-MPLAB\00.-PIC16F84A\TIMER0_01\RETARDOS.INC
        Retardo_100micros   0x000018    program     static E:\00.-MPLAB\00.-PIC16F84A\TIMER0_01\RETARDOS.INC
            Retardo_100ms   0x000024    program     static E:\00.-MPLAB\00.-PIC16F84A\TIMER0_01\RETARDOS.INC
         Retardo_10micros   0x00000b    program     static E:\00.-MPLAB\00.-PIC16F84A\TIMER0_01\RETARDOS.INC
             Retardo_10ms   0x00002a    program     static E:\00.-MPLAB\00.-PIC16F84A\TIMER0_01\RETARDOS.INC
              Retardo_10s   0x00003c    program     static E:\00.-MPLAB\00.-PIC16F84A\TIMER0_01\RETARDOS.INC
          Retardo_1Decima   0x000045    program     static E:\00.-MPLAB\00.-PIC16F84A\TIMER0_01\RETARDOS.INC
              Retardo_1ms   0x000030    program     static E:\00.-MPLAB\00.-PIC16F84A\TIMER0_01\RETARDOS.INC
               Retardo_1s   0x000042    program     static E:\00.-MPLAB\00.-PIC16F84A\TIMER0_01\RETARDOS.INC
        Retardo_200micros   0x000015    program     static E:\00.-MPLAB\00.-PIC16F84A\TIMER0_01\RETARDOS.INC
            Retardo_200ms   0x000022    program     static E:\00.-MPLAB\00.-PIC16F84A\TIMER0_01\RETARDOS.INC
         Retardo_20micros   0x00001d    program     static E:\00.-MPLAB\00.-PIC16F84A\TIMER0_01\RETARDOS.INC
             Retardo_20ms   0x000028    program     static E:\00.-MPLAB\00.-PIC16F84A\TIMER0_01\RETARDOS.INC
              Retardo_20s   0x00003a    program     static E:\00.-MPLAB\00.-PIC16F84A\TIMER0_01\RETARDOS.INC
              Retardo_2ms   0x00002e    program     static E:\00.-MPLAB\00.-PIC16F84A\TIMER0_01\RETARDOS.INC
               Retardo_2s   0x000040    program     static E:\00.-MPLAB\00.-PIC16F84A\TIMER0_01\RETARDOS.INC
          Retardo_4micros   0x000011    program     static E:\00.-MPLAB\00.-PIC16F84A\TIMER0_01\RETARDOS.INC
        Retardo_500micros   0x000012    program     static E:\00.-MPLAB\00.-PIC16F84A\TIMER0_01\RETARDOS.INC
            Retardo_500ms   0x000044    program     static E:\00.-MPLAB\00.-PIC16F84A\TIMER0_01\RETARDOS.INC
         Retardo_50micros   0x00001a    program     static E:\00.-MPLAB\00.-PIC16F84A\TIMER0_01\RETARDOS.INC
             Retardo_50ms   0x000026    program     static E:\00.-MPLAB\00.-PIC16F84A\TIMER0_01\RETARDOS.INC
          Retardo_5micros   0x000010    program     static E:\00.-MPLAB\00.-PIC16F84A\TIMER0_01\RETARDOS.INC
              Retardo_5ms   0x00002c    program     static E:\00.-MPLAB\00.-PIC16F84A\TIMER0_01\RETARDOS.INC
               Retardo_5s   0x00003e    program     static E:\00.-MPLAB\00.-PIC16F84A\TIMER0_01\RETARDOS.INC
              Retardos_ms   0x000031    program     static E:\00.-MPLAB\00.-PIC16F84A\TIMER0_01\RETARDOS.INC
            Rmicros_Bucle   0x00001f    program     static E:\00.-MPLAB\00.-PIC16F84A\TIMER0_01\RETARDOS.INC



                              Symbols - Sorted by Address
                     Name    Address   Location    Storage File                     
                ---------  ---------  ---------  --------- ---------                
                   Inicio   0x000000    program     static E:\00.-MPLAB\00.-PIC16F84A\TIMER0_01\Timer0_01.asm
                Principal   0x000006    program     static E:\00.-MPLAB\00.-PIC16F84A\TIMER0_01\Timer0_01.asm
         Retardo_10micros   0x00000b    program     static E:\00.-MPLAB\00.-PIC16F84A\TIMER0_01\RETARDOS.INC
          Retardo_5micros   0x000010    program     static E:\00.-MPLAB\00.-PIC16F84A\TIMER0_01\RETARDOS.INC
          Retardo_4micros   0x000011    program     static E:\00.-MPLAB\00.-PIC16F84A\TIMER0_01\RETARDOS.INC
        Retardo_500micros   0x000012    program     static E:\00.-MPLAB\00.-PIC16F84A\TIMER0_01\RETARDOS.INC
        Retardo_200micros   0x000015    program     static E:\00.-MPLAB\00.-PIC16F84A\TIMER0_01\RETARDOS.INC
        Retardo_100micros   0x000018    program     static E:\00.-MPLAB\00.-PIC16F84A\TIMER0_01\RETARDOS.INC
         Retardo_50micros   0x00001a    program     static E:\00.-MPLAB\00.-PIC16F84A\TIMER0_01\RETARDOS.INC
         Retardo_20micros   0x00001d    program     static E:\00.-MPLAB\00.-PIC16F84A\TIMER0_01\RETARDOS.INC
            RetardoMicros   0x00001e    program     static E:\00.-MPLAB\00.-PIC16F84A\TIMER0_01\RETARDOS.INC
            Rmicros_Bucle   0x00001f    program     static E:\00.-MPLAB\00.-PIC16F84A\TIMER0_01\RETARDOS.INC
            Retardo_200ms   0x000022    program     static E:\00.-MPLAB\00.-PIC16F84A\TIMER0_01\RETARDOS.INC
            Retardo_100ms   0x000024    program     static E:\00.-MPLAB\00.-PIC16F84A\TIMER0_01\RETARDOS.INC
             Retardo_50ms   0x000026    program     static E:\00.-MPLAB\00.-PIC16F84A\TIMER0_01\RETARDOS.INC
             Retardo_20ms   0x000028    program     static E:\00.-MPLAB\00.-PIC16F84A\TIMER0_01\RETARDOS.INC
             Retardo_10ms   0x00002a    program     static E:\00.-MPLAB\00.-PIC16F84A\TIMER0_01\RETARDOS.INC
              Retardo_5ms   0x00002c    program     static E:\00.-MPLAB\00.-PIC16F84A\TIMER0_01\RETARDOS.INC
              Retardo_2ms   0x00002e    program     static E:\00.-MPLAB\00.-PIC16F84A\TIMER0_01\RETARDOS.INC
              Retardo_1ms   0x000030    program     static E:\00.-MPLAB\00.-PIC16F84A\TIMER0_01\RETARDOS.INC
              Retardos_ms   0x000031    program     static E:\00.-MPLAB\00.-PIC16F84A\TIMER0_01\RETARDOS.INC
        R1ms_BucleExterno   0x000032    program     static E:\00.-MPLAB\00.-PIC16F84A\TIMER0_01\RETARDOS.INC
        R1ms_BucleInterno   0x000034    program     static E:\00.-MPLAB\00.-PIC16F84A\TIMER0_01\RETARDOS.INC
              Retardo_20s   0x00003a    program     static E:\00.-MPLAB\00.-PIC16F84A\TIMER0_01\RETARDOS.INC
              Retardo_10s   0x00003c    program     static E:\00.-MPLAB\00.-PIC16F84A\TIMER0_01\RETARDOS.INC
               Retardo_5s   0x00003e    program     static E:\00.-MPLAB\00.-PIC16F84A\TIMER0_01\RETARDOS.INC
               Retardo_2s   0x000040    program     static E:\00.-MPLAB\00.-PIC16F84A\TIMER0_01\RETARDOS.INC
               Retardo_1s   0x000042    program     static E:\00.-MPLAB\00.-PIC16F84A\TIMER0_01\RETARDOS.INC
            Retardo_500ms   0x000044    program     static E:\00.-MPLAB\00.-PIC16F84A\TIMER0_01\RETARDOS.INC
          Retardo_1Decima   0x000045    program     static E:\00.-MPLAB\00.-PIC16F84A\TIMER0_01\RETARDOS.INC
   R1Decima_BucleExterno2   0x000046    program     static E:\00.-MPLAB\00.-PIC16F84A\TIMER0_01\RETARDOS.INC
    R1Decima_BucleExterno   0x000048    program     static E:\00.-MPLAB\00.-PIC16F84A\TIMER0_01\RETARDOS.INC
    R1Decima_BucleInterno   0x00004a    program     static E:\00.-MPLAB\00.-PIC16F84A\TIMER0_01\RETARDOS.INC
                BIN_a_BCD   0x000052    program     static E:\00.-MPLAB\00.-PIC16F84A\TIMER0_01\BIN_BCD.INC
              BCD_Resta10   0x000055    program     static E:\00.-MPLAB\00.-PIC16F84A\TIMER0_01\BIN_BCD.INC
    BCD_IncrementaDecenas   0x000059    program     static E:\00.-MPLAB\00.-PIC16F84A\TIMER0_01\BIN_BCD.INC
   BCD_IncrementaCentenas   0x00005f    program     static E:\00.-MPLAB\00.-PIC16F84A\TIMER0_01\BIN_BCD.INC
              BIN_BCD_Fin   0x000062    program     static E:\00.-MPLAB\00.-PIC16F84A\TIMER0_01\BIN_BCD.INC
           LCD_Inicializa   0x000065    program     static E:\00.-MPLAB\00.-PIC16F84A\TIMER0_01\LCD_4BIT.INC
           LCD_EscribeLCD   0x00007d    program     static E:\00.-MPLAB\00.-PIC16F84A\TIMER0_01\LCD_4BIT.INC
           LCD_CursorIncr   0x000094    program     static E:\00.-MPLAB\00.-PIC16F84A\TIMER0_01\LCD_4BIT.INC
               LCD_Linea1   0x000096    program     static E:\00.-MPLAB\00.-PIC16F84A\TIMER0_01\LCD_4BIT.INC
               LCD_Linea2   0x000098    program     static E:\00.-MPLAB\00.-PIC16F84A\TIMER0_01\LCD_4BIT.INC
       LCD_PosicionLinea1   0x00009a    program     static E:\00.-MPLAB\00.-PIC16F84A\TIMER0_01\LCD_4BIT.INC
       LCD_PosicionLinea2   0x00009c    program     static E:\00.-MPLAB\00.-PIC16F84A\TIMER0_01\LCD_4BIT.INC
                  LCD_OFF   0x00009e    program     static E:\00.-MPLAB\00.-PIC16F84A\TIMER0_01\LCD_4BIT.INC
             LCD_CursorON   0x0000a0    program     static E:\00.-MPLAB\00.-PIC16F84A\TIMER0_01\LCD_4BIT.INC
            LCD_CursorOFF   0x0000a2    program     static E:\00.-MPLAB\00.-PIC16F84A\TIMER0_01\LCD_4BIT.INC
                LCD_Borra   0x0000a4    program     static E:\00.-MPLAB\00.-PIC16F84A\TIMER0_01\LCD_4BIT.INC
      LCD_2Lineas4Bits5x7   0x0000a6    program     static E:\00.-MPLAB\00.-PIC16F84A\TIMER0_01\LCD_4BIT.INC
         LCD_EnviaComando   0x0000a7    program     static E:\00.-MPLAB\00.-PIC16F84A\TIMER0_01\LCD_4BIT.INC
             LCD_Caracter   0x0000a9    program     static E:\00.-MPLAB\00.-PIC16F84A\TIMER0_01\LCD_4BIT.INC
                LCD_Envia   0x0000ab    program     static E:\00.-MPLAB\00.-PIC16F84A\TIMER0_01\LCD_4BIT.INC
          LCD_CodigoCGROM   0x0000b3    program     static E:\00.-MPLAB\00.-PIC16F84A\TIMER0_01\LCD_4BIT.INC
        LCD_EnheMinuscula   0x0000b4    program     static E:\00.-MPLAB\00.-PIC16F84A\TIMER0_01\LCD_4BIT.INC
        LCD_EnheMayuscula   0x0000ba    program     static E:\00.-MPLAB\00.-PIC16F84A\TIMER0_01\LCD_4BIT.INC
                LCD_Grado   0x0000c1    program     static E:\00.-MPLAB\00.-PIC16F84A\TIMER0_01\LCD_4BIT.INC
             LCD_FinCGROM   0x0000c7    program     static E:\00.-MPLAB\00.-PIC16F84A\TIMER0_01\LCD_4BIT.INC
        LCD_LineaEnBlanco   0x0000c9    program     static E:\00.-MPLAB\00.-PIC16F84A\TIMER0_01\LCD_4BIT.INC
      LCD_UnEspacioBlanco   0x0000cb    program     static E:\00.-MPLAB\00.-PIC16F84A\TIMER0_01\LCD_4BIT.INC
   LCD_DosEspaciosBlancos   0x0000cd    program     static E:\00.-MPLAB\00.-PIC16F84A\TIMER0_01\LCD_4BIT.INC
  LCD_TresEspaciosBlancos   0x0000cf    program     static E:\00.-MPLAB\00.-PIC16F84A\TIMER0_01\LCD_4BIT.INC
         LCD_EnviaBlancos   0x0000d0    program     static E:\00.-MPLAB\00.-PIC16F84A\TIMER0_01\LCD_4BIT.INC
      LCD_EnviaOtroBlanco   0x0000d1    program     static E:\00.-MPLAB\00.-PIC16F84A\TIMER0_01\LCD_4BIT.INC
                 LCD_Byte   0x0000d6    program     static E:\00.-MPLAB\00.-PIC16F84A\TIMER0_01\LCD_4BIT.INC
         LCD_ByteCompleto   0x0000dd    program     static E:\00.-MPLAB\00.-PIC16F84A\TIMER0_01\LCD_4BIT.INC
        LCD_VisualizaAlto   0x0000de    program     static E:\00.-MPLAB\00.-PIC16F84A\TIMER0_01\LCD_4BIT.INC
        LCD_VisualizaBajo   0x0000e0    program     static E:\00.-MPLAB\00.-PIC16F84A\TIMER0_01\LCD_4BIT.INC
               LCD_Nibble   0x0000e1    program     static E:\00.-MPLAB\00.-PIC16F84A\TIMER0_01\LCD_4BIT.INC
       LCD_EnviaByteLetra   0x0000e9    program     static E:\00.-MPLAB\00.-PIC16F84A\TIMER0_01\LCD_4BIT.INC
   LCD_FinVisualizaDigito   0x0000eb    program     static E:\00.-MPLAB\00.-PIC16F84A\TIMER0_01\LCD_4BIT.INC


