MPLINK 4.49, Linker
Linker Map File - Created Thu Jun 08 21:22:09 2023

                                 Section Info
                  Section       Type    Address   Location Size(Bytes)
                ---------  ---------  ---------  ---------  ---------
                   .org_0       code   0x000000    program   0x000000
                   .org_1       code   0x000000    program   0x000022
 .config_2007_FIBONACCI.O       code   0x002007    program   0x000002



                              Program Memory Usage 
                               Start         End      
                           ---------   ---------      
                            0x000000    0x000010      
                            0x002007    0x002007      
            18 out of 1094 program addresses used, program memory utilization is 1%



                              Symbols - Sorted by Name
                     Name    Address   Location    Storage File                     
                ---------  ---------  ---------  --------- ---------                
                      Fin   0x00000e    program     static E:\00.-MPLAB\00.-PIC16F84A\FIBONACCI\Fibonacci.asm
                   Inicio   0x000000    program     static E:\00.-MPLAB\00.-PIC16F84A\FIBONACCI\Fibonacci.asm
                Principal   0x000003    program     static E:\00.-MPLAB\00.-PIC16F84A\FIBONACCI\Fibonacci.asm
             SigueSumando   0x000005    program     static E:\00.-MPLAB\00.-PIC16F84A\FIBONACCI\Fibonacci.asm



                              Symbols - Sorted by Address
                     Name    Address   Location    Storage File                     
                ---------  ---------  ---------  --------- ---------                
                   Inicio   0x000000    program     static E:\00.-MPLAB\00.-PIC16F84A\FIBONACCI\Fibonacci.asm
                Principal   0x000003    program     static E:\00.-MPLAB\00.-PIC16F84A\FIBONACCI\Fibonacci.asm
             SigueSumando   0x000005    program     static E:\00.-MPLAB\00.-PIC16F84A\FIBONACCI\Fibonacci.asm
                      Fin   0x00000e    program     static E:\00.-MPLAB\00.-PIC16F84A\FIBONACCI\Fibonacci.asm


