MPLINK 4.49, Linker
Linker Map File - Created Sat Jun 17 11:02:53 2023

                                 Section Info
                  Section       Type    Address   Location Size(Bytes)
                ---------  ---------  ---------  ---------  ---------
                   .org_0       code   0x000000    program   0x000000
                   .org_1       code   0x000000    program   0x000028
 .config_2007_TIMER0_03.O       code   0x002007    program   0x000002



                              Program Memory Usage 
                               Start         End      
                           ---------   ---------      
                            0x000000    0x000013      
                            0x002007    0x002007      
            21 out of 1094 program addresses used, program memory utilization is 1%



                              Symbols - Sorted by Name
                     Name    Address   Location    Storage File                     
                ---------  ---------  ---------  --------- ---------                
                   Inicio   0x000000    program     static E:\00.-MPLAB\00.-PIC16F84A\TIMER0_03\Timer0_03.asm
                Principal   0x000005    program     static E:\00.-MPLAB\00.-PIC16F84A\TIMER0_03\Timer0_03.asm
             Timer0_500us   0x00000c    program     static E:\00.-MPLAB\00.-PIC16F84A\TIMER0_03\Timer0_03.asm
      Timer0_Rebosamiento   0x000011    program     static E:\00.-MPLAB\00.-PIC16F84A\TIMER0_03\Timer0_03.asm



                              Symbols - Sorted by Address
                     Name    Address   Location    Storage File                     
                ---------  ---------  ---------  --------- ---------                
                   Inicio   0x000000    program     static E:\00.-MPLAB\00.-PIC16F84A\TIMER0_03\Timer0_03.asm
                Principal   0x000005    program     static E:\00.-MPLAB\00.-PIC16F84A\TIMER0_03\Timer0_03.asm
             Timer0_500us   0x00000c    program     static E:\00.-MPLAB\00.-PIC16F84A\TIMER0_03\Timer0_03.asm
      Timer0_Rebosamiento   0x000011    program     static E:\00.-MPLAB\00.-PIC16F84A\TIMER0_03\Timer0_03.asm


