MPLINK 4.49, Linker
Linker Map File - Created Mon Jun 05 20:30:49 2023

                                 Section Info
                  Section       Type    Address   Location Size(Bytes)
                ---------  ---------  ---------  ---------  ---------
                   .org_0       code   0x000000    program   0x000000
                   .org_1       code   0x000000    program   0x0001f6
    .config_2007_LCD_07.O       code   0x002007    program   0x000002



                              Program Memory Usage 
                               Start         End      
                           ---------   ---------      
                            0x000000    0x0000fa      
                            0x002007    0x002007      
            252 out of 1094 program addresses used, program memory utilization is 23%



                              Symbols - Sorted by Name
                     Name    Address   Location    Storage File                     
                ---------  ---------  ---------  --------- ---------                
   BCD_IncrementaCentenas   0x0000f5    program     static E:\00.-MPLAB\00.-PIC16F84A\LCD_07\BIN_BCD.INC
    BCD_IncrementaDecenas   0x0000ef    program     static E:\00.-MPLAB\00.-PIC16F84A\LCD_07\BIN_BCD.INC
              BCD_Resta10   0x0000eb    program     static E:\00.-MPLAB\00.-PIC16F84A\LCD_07\BIN_BCD.INC
              BIN_BCD_Fin   0x0000f8    program     static E:\00.-MPLAB\00.-PIC16F84A\LCD_07\BIN_BCD.INC
                BIN_a_BCD   0x0000e8    program     static E:\00.-MPLAB\00.-PIC16F84A\LCD_07\BIN_BCD.INC
           Fin_Incrementa   0x000013    program     static E:\00.-MPLAB\00.-PIC16F84A\LCD_07\LCD_07.asm
       IncrementaContador   0x000014    program     static E:\00.-MPLAB\00.-PIC16F84A\LCD_07\LCD_07.asm
      IncrementaVisualiza   0x000009    program     static E:\00.-MPLAB\00.-PIC16F84A\LCD_07\LCD_07.asm
                   Inicio   0x000000    program     static E:\00.-MPLAB\00.-PIC16F84A\LCD_07\LCD_07.asm
      LCD_2Lineas4Bits5x7   0x00005b    program     static E:\00.-MPLAB\00.-PIC16F84A\LCD_07\LCD_4BIT.INC
                LCD_Borra   0x000059    program     static E:\00.-MPLAB\00.-PIC16F84A\LCD_07\LCD_4BIT.INC
                 LCD_Byte   0x00008b    program     static E:\00.-MPLAB\00.-PIC16F84A\LCD_07\LCD_4BIT.INC
         LCD_ByteCompleto   0x000092    program     static E:\00.-MPLAB\00.-PIC16F84A\LCD_07\LCD_4BIT.INC
             LCD_Caracter   0x00005e    program     static E:\00.-MPLAB\00.-PIC16F84A\LCD_07\LCD_4BIT.INC
          LCD_CodigoCGROM   0x000068    program     static E:\00.-MPLAB\00.-PIC16F84A\LCD_07\LCD_4BIT.INC
           LCD_CursorIncr   0x000049    program     static E:\00.-MPLAB\00.-PIC16F84A\LCD_07\LCD_4BIT.INC
            LCD_CursorOFF   0x000057    program     static E:\00.-MPLAB\00.-PIC16F84A\LCD_07\LCD_4BIT.INC
             LCD_CursorON   0x000055    program     static E:\00.-MPLAB\00.-PIC16F84A\LCD_07\LCD_4BIT.INC
   LCD_DosEspaciosBlancos   0x000082    program     static E:\00.-MPLAB\00.-PIC16F84A\LCD_07\LCD_4BIT.INC
        LCD_EnheMayuscula   0x00006f    program     static E:\00.-MPLAB\00.-PIC16F84A\LCD_07\LCD_4BIT.INC
        LCD_EnheMinuscula   0x000069    program     static E:\00.-MPLAB\00.-PIC16F84A\LCD_07\LCD_4BIT.INC
                LCD_Envia   0x000060    program     static E:\00.-MPLAB\00.-PIC16F84A\LCD_07\LCD_4BIT.INC
         LCD_EnviaBlancos   0x000085    program     static E:\00.-MPLAB\00.-PIC16F84A\LCD_07\LCD_4BIT.INC
       LCD_EnviaByteLetra   0x00009e    program     static E:\00.-MPLAB\00.-PIC16F84A\LCD_07\LCD_4BIT.INC
         LCD_EnviaComando   0x00005c    program     static E:\00.-MPLAB\00.-PIC16F84A\LCD_07\LCD_4BIT.INC
      LCD_EnviaOtroBlanco   0x000086    program     static E:\00.-MPLAB\00.-PIC16F84A\LCD_07\LCD_4BIT.INC
           LCD_EscribeLCD   0x000032    program     static E:\00.-MPLAB\00.-PIC16F84A\LCD_07\LCD_4BIT.INC
             LCD_FinCGROM   0x00007c    program     static E:\00.-MPLAB\00.-PIC16F84A\LCD_07\LCD_4BIT.INC
   LCD_FinVisualizaDigito   0x0000a0    program     static E:\00.-MPLAB\00.-PIC16F84A\LCD_07\LCD_4BIT.INC
                LCD_Grado   0x000076    program     static E:\00.-MPLAB\00.-PIC16F84A\LCD_07\LCD_4BIT.INC
           LCD_Inicializa   0x00001a    program     static E:\00.-MPLAB\00.-PIC16F84A\LCD_07\LCD_4BIT.INC
               LCD_Linea1   0x00004b    program     static E:\00.-MPLAB\00.-PIC16F84A\LCD_07\LCD_4BIT.INC
               LCD_Linea2   0x00004d    program     static E:\00.-MPLAB\00.-PIC16F84A\LCD_07\LCD_4BIT.INC
        LCD_LineaEnBlanco   0x00007e    program     static E:\00.-MPLAB\00.-PIC16F84A\LCD_07\LCD_4BIT.INC
               LCD_Nibble   0x000096    program     static E:\00.-MPLAB\00.-PIC16F84A\LCD_07\LCD_4BIT.INC
                  LCD_OFF   0x000053    program     static E:\00.-MPLAB\00.-PIC16F84A\LCD_07\LCD_4BIT.INC
       LCD_PosicionLinea1   0x00004f    program     static E:\00.-MPLAB\00.-PIC16F84A\LCD_07\LCD_4BIT.INC
       LCD_PosicionLinea2   0x000051    program     static E:\00.-MPLAB\00.-PIC16F84A\LCD_07\LCD_4BIT.INC
  LCD_TresEspaciosBlancos   0x000084    program     static E:\00.-MPLAB\00.-PIC16F84A\LCD_07\LCD_4BIT.INC
      LCD_UnEspacioBlanco   0x000080    program     static E:\00.-MPLAB\00.-PIC16F84A\LCD_07\LCD_4BIT.INC
        LCD_VisualizaAlto   0x000093    program     static E:\00.-MPLAB\00.-PIC16F84A\LCD_07\LCD_4BIT.INC
        LCD_VisualizaBajo   0x000095    program     static E:\00.-MPLAB\00.-PIC16F84A\LCD_07\LCD_4BIT.INC
                Principal   0x000006    program     static E:\00.-MPLAB\00.-PIC16F84A\LCD_07\LCD_07.asm
    R1Decima_BucleExterno   0x0000de    program     static E:\00.-MPLAB\00.-PIC16F84A\LCD_07\RETARDOS.INC
   R1Decima_BucleExterno2   0x0000dc    program     static E:\00.-MPLAB\00.-PIC16F84A\LCD_07\RETARDOS.INC
    R1Decima_BucleInterno   0x0000e0    program     static E:\00.-MPLAB\00.-PIC16F84A\LCD_07\RETARDOS.INC
        R1ms_BucleExterno   0x0000c8    program     static E:\00.-MPLAB\00.-PIC16F84A\LCD_07\RETARDOS.INC
        R1ms_BucleInterno   0x0000ca    program     static E:\00.-MPLAB\00.-PIC16F84A\LCD_07\RETARDOS.INC
            RetardoMicros   0x0000b4    program     static E:\00.-MPLAB\00.-PIC16F84A\LCD_07\RETARDOS.INC
        Retardo_100micros   0x0000ae    program     static E:\00.-MPLAB\00.-PIC16F84A\LCD_07\RETARDOS.INC
            Retardo_100ms   0x0000ba    program     static E:\00.-MPLAB\00.-PIC16F84A\LCD_07\RETARDOS.INC
         Retardo_10micros   0x0000a1    program     static E:\00.-MPLAB\00.-PIC16F84A\LCD_07\RETARDOS.INC
             Retardo_10ms   0x0000c0    program     static E:\00.-MPLAB\00.-PIC16F84A\LCD_07\RETARDOS.INC
              Retardo_10s   0x0000d2    program     static E:\00.-MPLAB\00.-PIC16F84A\LCD_07\RETARDOS.INC
          Retardo_1Decima   0x0000db    program     static E:\00.-MPLAB\00.-PIC16F84A\LCD_07\RETARDOS.INC
              Retardo_1ms   0x0000c6    program     static E:\00.-MPLAB\00.-PIC16F84A\LCD_07\RETARDOS.INC
               Retardo_1s   0x0000d8    program     static E:\00.-MPLAB\00.-PIC16F84A\LCD_07\RETARDOS.INC
        Retardo_200micros   0x0000ab    program     static E:\00.-MPLAB\00.-PIC16F84A\LCD_07\RETARDOS.INC
            Retardo_200ms   0x0000b8    program     static E:\00.-MPLAB\00.-PIC16F84A\LCD_07\RETARDOS.INC
         Retardo_20micros   0x0000b3    program     static E:\00.-MPLAB\00.-PIC16F84A\LCD_07\RETARDOS.INC
             Retardo_20ms   0x0000be    program     static E:\00.-MPLAB\00.-PIC16F84A\LCD_07\RETARDOS.INC
              Retardo_20s   0x0000d0    program     static E:\00.-MPLAB\00.-PIC16F84A\LCD_07\RETARDOS.INC
              Retardo_2ms   0x0000c4    program     static E:\00.-MPLAB\00.-PIC16F84A\LCD_07\RETARDOS.INC
               Retardo_2s   0x0000d6    program     static E:\00.-MPLAB\00.-PIC16F84A\LCD_07\RETARDOS.INC
          Retardo_4micros   0x0000a7    program     static E:\00.-MPLAB\00.-PIC16F84A\LCD_07\RETARDOS.INC
        Retardo_500micros   0x0000a8    program     static E:\00.-MPLAB\00.-PIC16F84A\LCD_07\RETARDOS.INC
            Retardo_500ms   0x0000da    program     static E:\00.-MPLAB\00.-PIC16F84A\LCD_07\RETARDOS.INC
         Retardo_50micros   0x0000b0    program     static E:\00.-MPLAB\00.-PIC16F84A\LCD_07\RETARDOS.INC
             Retardo_50ms   0x0000bc    program     static E:\00.-MPLAB\00.-PIC16F84A\LCD_07\RETARDOS.INC
          Retardo_5micros   0x0000a6    program     static E:\00.-MPLAB\00.-PIC16F84A\LCD_07\RETARDOS.INC
              Retardo_5ms   0x0000c2    program     static E:\00.-MPLAB\00.-PIC16F84A\LCD_07\RETARDOS.INC
               Retardo_5s   0x0000d4    program     static E:\00.-MPLAB\00.-PIC16F84A\LCD_07\RETARDOS.INC
              Retardos_ms   0x0000c7    program     static E:\00.-MPLAB\00.-PIC16F84A\LCD_07\RETARDOS.INC
            Rmicros_Bucle   0x0000b5    program     static E:\00.-MPLAB\00.-PIC16F84A\LCD_07\RETARDOS.INC
                Visualiza   0x00000d    program     static E:\00.-MPLAB\00.-PIC16F84A\LCD_07\LCD_07.asm



                              Symbols - Sorted by Address
                     Name    Address   Location    Storage File                     
                ---------  ---------  ---------  --------- ---------                
                   Inicio   0x000000    program     static E:\00.-MPLAB\00.-PIC16F84A\LCD_07\LCD_07.asm
                Principal   0x000006    program     static E:\00.-MPLAB\00.-PIC16F84A\LCD_07\LCD_07.asm
      IncrementaVisualiza   0x000009    program     static E:\00.-MPLAB\00.-PIC16F84A\LCD_07\LCD_07.asm
                Visualiza   0x00000d    program     static E:\00.-MPLAB\00.-PIC16F84A\LCD_07\LCD_07.asm
           Fin_Incrementa   0x000013    program     static E:\00.-MPLAB\00.-PIC16F84A\LCD_07\LCD_07.asm
       IncrementaContador   0x000014    program     static E:\00.-MPLAB\00.-PIC16F84A\LCD_07\LCD_07.asm
           LCD_Inicializa   0x00001a    program     static E:\00.-MPLAB\00.-PIC16F84A\LCD_07\LCD_4BIT.INC
           LCD_EscribeLCD   0x000032    program     static E:\00.-MPLAB\00.-PIC16F84A\LCD_07\LCD_4BIT.INC
           LCD_CursorIncr   0x000049    program     static E:\00.-MPLAB\00.-PIC16F84A\LCD_07\LCD_4BIT.INC
               LCD_Linea1   0x00004b    program     static E:\00.-MPLAB\00.-PIC16F84A\LCD_07\LCD_4BIT.INC
               LCD_Linea2   0x00004d    program     static E:\00.-MPLAB\00.-PIC16F84A\LCD_07\LCD_4BIT.INC
       LCD_PosicionLinea1   0x00004f    program     static E:\00.-MPLAB\00.-PIC16F84A\LCD_07\LCD_4BIT.INC
       LCD_PosicionLinea2   0x000051    program     static E:\00.-MPLAB\00.-PIC16F84A\LCD_07\LCD_4BIT.INC
                  LCD_OFF   0x000053    program     static E:\00.-MPLAB\00.-PIC16F84A\LCD_07\LCD_4BIT.INC
             LCD_CursorON   0x000055    program     static E:\00.-MPLAB\00.-PIC16F84A\LCD_07\LCD_4BIT.INC
            LCD_CursorOFF   0x000057    program     static E:\00.-MPLAB\00.-PIC16F84A\LCD_07\LCD_4BIT.INC
                LCD_Borra   0x000059    program     static E:\00.-MPLAB\00.-PIC16F84A\LCD_07\LCD_4BIT.INC
      LCD_2Lineas4Bits5x7   0x00005b    program     static E:\00.-MPLAB\00.-PIC16F84A\LCD_07\LCD_4BIT.INC
         LCD_EnviaComando   0x00005c    program     static E:\00.-MPLAB\00.-PIC16F84A\LCD_07\LCD_4BIT.INC
             LCD_Caracter   0x00005e    program     static E:\00.-MPLAB\00.-PIC16F84A\LCD_07\LCD_4BIT.INC
                LCD_Envia   0x000060    program     static E:\00.-MPLAB\00.-PIC16F84A\LCD_07\LCD_4BIT.INC
          LCD_CodigoCGROM   0x000068    program     static E:\00.-MPLAB\00.-PIC16F84A\LCD_07\LCD_4BIT.INC
        LCD_EnheMinuscula   0x000069    program     static E:\00.-MPLAB\00.-PIC16F84A\LCD_07\LCD_4BIT.INC
        LCD_EnheMayuscula   0x00006f    program     static E:\00.-MPLAB\00.-PIC16F84A\LCD_07\LCD_4BIT.INC
                LCD_Grado   0x000076    program     static E:\00.-MPLAB\00.-PIC16F84A\LCD_07\LCD_4BIT.INC
             LCD_FinCGROM   0x00007c    program     static E:\00.-MPLAB\00.-PIC16F84A\LCD_07\LCD_4BIT.INC
        LCD_LineaEnBlanco   0x00007e    program     static E:\00.-MPLAB\00.-PIC16F84A\LCD_07\LCD_4BIT.INC
      LCD_UnEspacioBlanco   0x000080    program     static E:\00.-MPLAB\00.-PIC16F84A\LCD_07\LCD_4BIT.INC
   LCD_DosEspaciosBlancos   0x000082    program     static E:\00.-MPLAB\00.-PIC16F84A\LCD_07\LCD_4BIT.INC
  LCD_TresEspaciosBlancos   0x000084    program     static E:\00.-MPLAB\00.-PIC16F84A\LCD_07\LCD_4BIT.INC
         LCD_EnviaBlancos   0x000085    program     static E:\00.-MPLAB\00.-PIC16F84A\LCD_07\LCD_4BIT.INC
      LCD_EnviaOtroBlanco   0x000086    program     static E:\00.-MPLAB\00.-PIC16F84A\LCD_07\LCD_4BIT.INC
                 LCD_Byte   0x00008b    program     static E:\00.-MPLAB\00.-PIC16F84A\LCD_07\LCD_4BIT.INC
         LCD_ByteCompleto   0x000092    program     static E:\00.-MPLAB\00.-PIC16F84A\LCD_07\LCD_4BIT.INC
        LCD_VisualizaAlto   0x000093    program     static E:\00.-MPLAB\00.-PIC16F84A\LCD_07\LCD_4BIT.INC
        LCD_VisualizaBajo   0x000095    program     static E:\00.-MPLAB\00.-PIC16F84A\LCD_07\LCD_4BIT.INC
               LCD_Nibble   0x000096    program     static E:\00.-MPLAB\00.-PIC16F84A\LCD_07\LCD_4BIT.INC
       LCD_EnviaByteLetra   0x00009e    program     static E:\00.-MPLAB\00.-PIC16F84A\LCD_07\LCD_4BIT.INC
   LCD_FinVisualizaDigito   0x0000a0    program     static E:\00.-MPLAB\00.-PIC16F84A\LCD_07\LCD_4BIT.INC
         Retardo_10micros   0x0000a1    program     static E:\00.-MPLAB\00.-PIC16F84A\LCD_07\RETARDOS.INC
          Retardo_5micros   0x0000a6    program     static E:\00.-MPLAB\00.-PIC16F84A\LCD_07\RETARDOS.INC
          Retardo_4micros   0x0000a7    program     static E:\00.-MPLAB\00.-PIC16F84A\LCD_07\RETARDOS.INC
        Retardo_500micros   0x0000a8    program     static E:\00.-MPLAB\00.-PIC16F84A\LCD_07\RETARDOS.INC
        Retardo_200micros   0x0000ab    program     static E:\00.-MPLAB\00.-PIC16F84A\LCD_07\RETARDOS.INC
        Retardo_100micros   0x0000ae    program     static E:\00.-MPLAB\00.-PIC16F84A\LCD_07\RETARDOS.INC
         Retardo_50micros   0x0000b0    program     static E:\00.-MPLAB\00.-PIC16F84A\LCD_07\RETARDOS.INC
         Retardo_20micros   0x0000b3    program     static E:\00.-MPLAB\00.-PIC16F84A\LCD_07\RETARDOS.INC
            RetardoMicros   0x0000b4    program     static E:\00.-MPLAB\00.-PIC16F84A\LCD_07\RETARDOS.INC
            Rmicros_Bucle   0x0000b5    program     static E:\00.-MPLAB\00.-PIC16F84A\LCD_07\RETARDOS.INC
            Retardo_200ms   0x0000b8    program     static E:\00.-MPLAB\00.-PIC16F84A\LCD_07\RETARDOS.INC
            Retardo_100ms   0x0000ba    program     static E:\00.-MPLAB\00.-PIC16F84A\LCD_07\RETARDOS.INC
             Retardo_50ms   0x0000bc    program     static E:\00.-MPLAB\00.-PIC16F84A\LCD_07\RETARDOS.INC
             Retardo_20ms   0x0000be    program     static E:\00.-MPLAB\00.-PIC16F84A\LCD_07\RETARDOS.INC
             Retardo_10ms   0x0000c0    program     static E:\00.-MPLAB\00.-PIC16F84A\LCD_07\RETARDOS.INC
              Retardo_5ms   0x0000c2    program     static E:\00.-MPLAB\00.-PIC16F84A\LCD_07\RETARDOS.INC
              Retardo_2ms   0x0000c4    program     static E:\00.-MPLAB\00.-PIC16F84A\LCD_07\RETARDOS.INC
              Retardo_1ms   0x0000c6    program     static E:\00.-MPLAB\00.-PIC16F84A\LCD_07\RETARDOS.INC
              Retardos_ms   0x0000c7    program     static E:\00.-MPLAB\00.-PIC16F84A\LCD_07\RETARDOS.INC
        R1ms_BucleExterno   0x0000c8    program     static E:\00.-MPLAB\00.-PIC16F84A\LCD_07\RETARDOS.INC
        R1ms_BucleInterno   0x0000ca    program     static E:\00.-MPLAB\00.-PIC16F84A\LCD_07\RETARDOS.INC
              Retardo_20s   0x0000d0    program     static E:\00.-MPLAB\00.-PIC16F84A\LCD_07\RETARDOS.INC
              Retardo_10s   0x0000d2    program     static E:\00.-MPLAB\00.-PIC16F84A\LCD_07\RETARDOS.INC
               Retardo_5s   0x0000d4    program     static E:\00.-MPLAB\00.-PIC16F84A\LCD_07\RETARDOS.INC
               Retardo_2s   0x0000d6    program     static E:\00.-MPLAB\00.-PIC16F84A\LCD_07\RETARDOS.INC
               Retardo_1s   0x0000d8    program     static E:\00.-MPLAB\00.-PIC16F84A\LCD_07\RETARDOS.INC
            Retardo_500ms   0x0000da    program     static E:\00.-MPLAB\00.-PIC16F84A\LCD_07\RETARDOS.INC
          Retardo_1Decima   0x0000db    program     static E:\00.-MPLAB\00.-PIC16F84A\LCD_07\RETARDOS.INC
   R1Decima_BucleExterno2   0x0000dc    program     static E:\00.-MPLAB\00.-PIC16F84A\LCD_07\RETARDOS.INC
    R1Decima_BucleExterno   0x0000de    program     static E:\00.-MPLAB\00.-PIC16F84A\LCD_07\RETARDOS.INC
    R1Decima_BucleInterno   0x0000e0    program     static E:\00.-MPLAB\00.-PIC16F84A\LCD_07\RETARDOS.INC
                BIN_a_BCD   0x0000e8    program     static E:\00.-MPLAB\00.-PIC16F84A\LCD_07\BIN_BCD.INC
              BCD_Resta10   0x0000eb    program     static E:\00.-MPLAB\00.-PIC16F84A\LCD_07\BIN_BCD.INC
    BCD_IncrementaDecenas   0x0000ef    program     static E:\00.-MPLAB\00.-PIC16F84A\LCD_07\BIN_BCD.INC
   BCD_IncrementaCentenas   0x0000f5    program     static E:\00.-MPLAB\00.-PIC16F84A\LCD_07\BIN_BCD.INC
              BIN_BCD_Fin   0x0000f8    program     static E:\00.-MPLAB\00.-PIC16F84A\LCD_07\BIN_BCD.INC


