MPLINK 4.49, Linker
Linker Map File - Created Mon Jun 05 21:43:07 2023

                                 Section Info
                  Section       Type    Address   Location Size(Bytes)
                ---------  ---------  ---------  ---------  ---------
                   .org_0       code   0x000000    program   0x000000
                   .org_1       code   0x000000    program   0x000210
    .config_2007_LCD_08.O       code   0x002007    program   0x000002



                              Program Memory Usage 
                               Start         End      
                           ---------   ---------      
                            0x000000    0x000107      
                            0x002007    0x002007      
            265 out of 1094 program addresses used, program memory utilization is 24%



                              Symbols - Sorted by Name
                     Name    Address   Location    Storage File                     
                ---------  ---------  ---------  --------- ---------                
   BCD_IncrementaCentenas   0x000102    program     static E:\00.-MPLAB\00.-PIC16F84A\LCD_08\BIN_BCD.INC
    BCD_IncrementaDecenas   0x0000fc    program     static E:\00.-MPLAB\00.-PIC16F84A\LCD_08\BIN_BCD.INC
              BCD_Resta10   0x0000f8    program     static E:\00.-MPLAB\00.-PIC16F84A\LCD_08\BIN_BCD.INC
              BIN_BCD_Fin   0x000105    program     static E:\00.-MPLAB\00.-PIC16F84A\LCD_08\BIN_BCD.INC
                BIN_a_BCD   0x0000f5    program     static E:\00.-MPLAB\00.-PIC16F84A\LCD_08\BIN_BCD.INC
                      Fin   0x00000e    program     static E:\00.-MPLAB\00.-PIC16F84A\LCD_08\LCD_08.asm
                   Inicio   0x000000    program     static E:\00.-MPLAB\00.-PIC16F84A\LCD_08\LCD_08.asm
      LCD_2Lineas4Bits5x7   0x000068    program     static E:\00.-MPLAB\00.-PIC16F84A\LCD_08\LCD_4BIT.INC
                LCD_Borra   0x000066    program     static E:\00.-MPLAB\00.-PIC16F84A\LCD_08\LCD_4BIT.INC
                 LCD_Byte   0x000098    program     static E:\00.-MPLAB\00.-PIC16F84A\LCD_08\LCD_4BIT.INC
         LCD_ByteCompleto   0x00009f    program     static E:\00.-MPLAB\00.-PIC16F84A\LCD_08\LCD_4BIT.INC
             LCD_Caracter   0x00006b    program     static E:\00.-MPLAB\00.-PIC16F84A\LCD_08\LCD_4BIT.INC
          LCD_CodigoCGROM   0x000075    program     static E:\00.-MPLAB\00.-PIC16F84A\LCD_08\LCD_4BIT.INC
           LCD_CursorIncr   0x000056    program     static E:\00.-MPLAB\00.-PIC16F84A\LCD_08\LCD_4BIT.INC
            LCD_CursorOFF   0x000064    program     static E:\00.-MPLAB\00.-PIC16F84A\LCD_08\LCD_4BIT.INC
             LCD_CursorON   0x000062    program     static E:\00.-MPLAB\00.-PIC16F84A\LCD_08\LCD_4BIT.INC
   LCD_DosEspaciosBlancos   0x00008f    program     static E:\00.-MPLAB\00.-PIC16F84A\LCD_08\LCD_4BIT.INC
        LCD_EnheMayuscula   0x00007c    program     static E:\00.-MPLAB\00.-PIC16F84A\LCD_08\LCD_4BIT.INC
        LCD_EnheMinuscula   0x000076    program     static E:\00.-MPLAB\00.-PIC16F84A\LCD_08\LCD_4BIT.INC
                LCD_Envia   0x00006d    program     static E:\00.-MPLAB\00.-PIC16F84A\LCD_08\LCD_4BIT.INC
         LCD_EnviaBlancos   0x000092    program     static E:\00.-MPLAB\00.-PIC16F84A\LCD_08\LCD_4BIT.INC
       LCD_EnviaByteLetra   0x0000ab    program     static E:\00.-MPLAB\00.-PIC16F84A\LCD_08\LCD_4BIT.INC
         LCD_EnviaComando   0x000069    program     static E:\00.-MPLAB\00.-PIC16F84A\LCD_08\LCD_4BIT.INC
      LCD_EnviaOtroBlanco   0x000093    program     static E:\00.-MPLAB\00.-PIC16F84A\LCD_08\LCD_4BIT.INC
           LCD_EscribeLCD   0x00003f    program     static E:\00.-MPLAB\00.-PIC16F84A\LCD_08\LCD_4BIT.INC
             LCD_FinCGROM   0x000089    program     static E:\00.-MPLAB\00.-PIC16F84A\LCD_08\LCD_4BIT.INC
   LCD_FinVisualizaDigito   0x0000ad    program     static E:\00.-MPLAB\00.-PIC16F84A\LCD_08\LCD_4BIT.INC
                LCD_Grado   0x000083    program     static E:\00.-MPLAB\00.-PIC16F84A\LCD_08\LCD_4BIT.INC
           LCD_Inicializa   0x000027    program     static E:\00.-MPLAB\00.-PIC16F84A\LCD_08\LCD_4BIT.INC
               LCD_Linea1   0x000058    program     static E:\00.-MPLAB\00.-PIC16F84A\LCD_08\LCD_4BIT.INC
               LCD_Linea2   0x00005a    program     static E:\00.-MPLAB\00.-PIC16F84A\LCD_08\LCD_4BIT.INC
        LCD_LineaEnBlanco   0x00008b    program     static E:\00.-MPLAB\00.-PIC16F84A\LCD_08\LCD_4BIT.INC
               LCD_Nibble   0x0000a3    program     static E:\00.-MPLAB\00.-PIC16F84A\LCD_08\LCD_4BIT.INC
                  LCD_OFF   0x000060    program     static E:\00.-MPLAB\00.-PIC16F84A\LCD_08\LCD_4BIT.INC
       LCD_PosicionLinea1   0x00005c    program     static E:\00.-MPLAB\00.-PIC16F84A\LCD_08\LCD_4BIT.INC
       LCD_PosicionLinea2   0x00005e    program     static E:\00.-MPLAB\00.-PIC16F84A\LCD_08\LCD_4BIT.INC
  LCD_TresEspaciosBlancos   0x000091    program     static E:\00.-MPLAB\00.-PIC16F84A\LCD_08\LCD_4BIT.INC
      LCD_UnEspacioBlanco   0x00008d    program     static E:\00.-MPLAB\00.-PIC16F84A\LCD_08\LCD_4BIT.INC
        LCD_VisualizaAlto   0x0000a0    program     static E:\00.-MPLAB\00.-PIC16F84A\LCD_08\LCD_4BIT.INC
        LCD_VisualizaBajo   0x0000a2    program     static E:\00.-MPLAB\00.-PIC16F84A\LCD_08\LCD_4BIT.INC
                Principal   0x000006    program     static E:\00.-MPLAB\00.-PIC16F84A\LCD_08\LCD_08.asm
    R1Decima_BucleExterno   0x0000eb    program     static E:\00.-MPLAB\00.-PIC16F84A\LCD_08\RETARDOS.INC
   R1Decima_BucleExterno2   0x0000e9    program     static E:\00.-MPLAB\00.-PIC16F84A\LCD_08\RETARDOS.INC
    R1Decima_BucleInterno   0x0000ed    program     static E:\00.-MPLAB\00.-PIC16F84A\LCD_08\RETARDOS.INC
        R1ms_BucleExterno   0x0000d5    program     static E:\00.-MPLAB\00.-PIC16F84A\LCD_08\RETARDOS.INC
        R1ms_BucleInterno   0x0000d7    program     static E:\00.-MPLAB\00.-PIC16F84A\LCD_08\RETARDOS.INC
            RetardoMicros   0x0000c1    program     static E:\00.-MPLAB\00.-PIC16F84A\LCD_08\RETARDOS.INC
        Retardo_100micros   0x0000bb    program     static E:\00.-MPLAB\00.-PIC16F84A\LCD_08\RETARDOS.INC
            Retardo_100ms   0x0000c7    program     static E:\00.-MPLAB\00.-PIC16F84A\LCD_08\RETARDOS.INC
         Retardo_10micros   0x0000ae    program     static E:\00.-MPLAB\00.-PIC16F84A\LCD_08\RETARDOS.INC
             Retardo_10ms   0x0000cd    program     static E:\00.-MPLAB\00.-PIC16F84A\LCD_08\RETARDOS.INC
              Retardo_10s   0x0000df    program     static E:\00.-MPLAB\00.-PIC16F84A\LCD_08\RETARDOS.INC
          Retardo_1Decima   0x0000e8    program     static E:\00.-MPLAB\00.-PIC16F84A\LCD_08\RETARDOS.INC
              Retardo_1ms   0x0000d3    program     static E:\00.-MPLAB\00.-PIC16F84A\LCD_08\RETARDOS.INC
               Retardo_1s   0x0000e5    program     static E:\00.-MPLAB\00.-PIC16F84A\LCD_08\RETARDOS.INC
        Retardo_200micros   0x0000b8    program     static E:\00.-MPLAB\00.-PIC16F84A\LCD_08\RETARDOS.INC
            Retardo_200ms   0x0000c5    program     static E:\00.-MPLAB\00.-PIC16F84A\LCD_08\RETARDOS.INC
         Retardo_20micros   0x0000c0    program     static E:\00.-MPLAB\00.-PIC16F84A\LCD_08\RETARDOS.INC
             Retardo_20ms   0x0000cb    program     static E:\00.-MPLAB\00.-PIC16F84A\LCD_08\RETARDOS.INC
              Retardo_20s   0x0000dd    program     static E:\00.-MPLAB\00.-PIC16F84A\LCD_08\RETARDOS.INC
              Retardo_2ms   0x0000d1    program     static E:\00.-MPLAB\00.-PIC16F84A\LCD_08\RETARDOS.INC
               Retardo_2s   0x0000e3    program     static E:\00.-MPLAB\00.-PIC16F84A\LCD_08\RETARDOS.INC
          Retardo_4micros   0x0000b4    program     static E:\00.-MPLAB\00.-PIC16F84A\LCD_08\RETARDOS.INC
        Retardo_500micros   0x0000b5    program     static E:\00.-MPLAB\00.-PIC16F84A\LCD_08\RETARDOS.INC
            Retardo_500ms   0x0000e7    program     static E:\00.-MPLAB\00.-PIC16F84A\LCD_08\RETARDOS.INC
         Retardo_50micros   0x0000bd    program     static E:\00.-MPLAB\00.-PIC16F84A\LCD_08\RETARDOS.INC
             Retardo_50ms   0x0000c9    program     static E:\00.-MPLAB\00.-PIC16F84A\LCD_08\RETARDOS.INC
          Retardo_5micros   0x0000b3    program     static E:\00.-MPLAB\00.-PIC16F84A\LCD_08\RETARDOS.INC
              Retardo_5ms   0x0000cf    program     static E:\00.-MPLAB\00.-PIC16F84A\LCD_08\RETARDOS.INC
               Retardo_5s   0x0000e1    program     static E:\00.-MPLAB\00.-PIC16F84A\LCD_08\RETARDOS.INC
              Retardos_ms   0x0000d4    program     static E:\00.-MPLAB\00.-PIC16F84A\LCD_08\RETARDOS.INC
            Rmicros_Bucle   0x0000c2    program     static E:\00.-MPLAB\00.-PIC16F84A\LCD_08\RETARDOS.INC
             VisualizaBit   0x00001f    program     static E:\00.-MPLAB\00.-PIC16F84A\LCD_08\LCD_08.asm
        VisualizaContador   0x00000f    program     static E:\00.-MPLAB\00.-PIC16F84A\LCD_08\LCD_08.asm



                              Symbols - Sorted by Address
                     Name    Address   Location    Storage File                     
                ---------  ---------  ---------  --------- ---------                
                   Inicio   0x000000    program     static E:\00.-MPLAB\00.-PIC16F84A\LCD_08\LCD_08.asm
                Principal   0x000006    program     static E:\00.-MPLAB\00.-PIC16F84A\LCD_08\LCD_08.asm
                      Fin   0x00000e    program     static E:\00.-MPLAB\00.-PIC16F84A\LCD_08\LCD_08.asm
        VisualizaContador   0x00000f    program     static E:\00.-MPLAB\00.-PIC16F84A\LCD_08\LCD_08.asm
             VisualizaBit   0x00001f    program     static E:\00.-MPLAB\00.-PIC16F84A\LCD_08\LCD_08.asm
           LCD_Inicializa   0x000027    program     static E:\00.-MPLAB\00.-PIC16F84A\LCD_08\LCD_4BIT.INC
           LCD_EscribeLCD   0x00003f    program     static E:\00.-MPLAB\00.-PIC16F84A\LCD_08\LCD_4BIT.INC
           LCD_CursorIncr   0x000056    program     static E:\00.-MPLAB\00.-PIC16F84A\LCD_08\LCD_4BIT.INC
               LCD_Linea1   0x000058    program     static E:\00.-MPLAB\00.-PIC16F84A\LCD_08\LCD_4BIT.INC
               LCD_Linea2   0x00005a    program     static E:\00.-MPLAB\00.-PIC16F84A\LCD_08\LCD_4BIT.INC
       LCD_PosicionLinea1   0x00005c    program     static E:\00.-MPLAB\00.-PIC16F84A\LCD_08\LCD_4BIT.INC
       LCD_PosicionLinea2   0x00005e    program     static E:\00.-MPLAB\00.-PIC16F84A\LCD_08\LCD_4BIT.INC
                  LCD_OFF   0x000060    program     static E:\00.-MPLAB\00.-PIC16F84A\LCD_08\LCD_4BIT.INC
             LCD_CursorON   0x000062    program     static E:\00.-MPLAB\00.-PIC16F84A\LCD_08\LCD_4BIT.INC
            LCD_CursorOFF   0x000064    program     static E:\00.-MPLAB\00.-PIC16F84A\LCD_08\LCD_4BIT.INC
                LCD_Borra   0x000066    program     static E:\00.-MPLAB\00.-PIC16F84A\LCD_08\LCD_4BIT.INC
      LCD_2Lineas4Bits5x7   0x000068    program     static E:\00.-MPLAB\00.-PIC16F84A\LCD_08\LCD_4BIT.INC
         LCD_EnviaComando   0x000069    program     static E:\00.-MPLAB\00.-PIC16F84A\LCD_08\LCD_4BIT.INC
             LCD_Caracter   0x00006b    program     static E:\00.-MPLAB\00.-PIC16F84A\LCD_08\LCD_4BIT.INC
                LCD_Envia   0x00006d    program     static E:\00.-MPLAB\00.-PIC16F84A\LCD_08\LCD_4BIT.INC
          LCD_CodigoCGROM   0x000075    program     static E:\00.-MPLAB\00.-PIC16F84A\LCD_08\LCD_4BIT.INC
        LCD_EnheMinuscula   0x000076    program     static E:\00.-MPLAB\00.-PIC16F84A\LCD_08\LCD_4BIT.INC
        LCD_EnheMayuscula   0x00007c    program     static E:\00.-MPLAB\00.-PIC16F84A\LCD_08\LCD_4BIT.INC
                LCD_Grado   0x000083    program     static E:\00.-MPLAB\00.-PIC16F84A\LCD_08\LCD_4BIT.INC
             LCD_FinCGROM   0x000089    program     static E:\00.-MPLAB\00.-PIC16F84A\LCD_08\LCD_4BIT.INC
        LCD_LineaEnBlanco   0x00008b    program     static E:\00.-MPLAB\00.-PIC16F84A\LCD_08\LCD_4BIT.INC
      LCD_UnEspacioBlanco   0x00008d    program     static E:\00.-MPLAB\00.-PIC16F84A\LCD_08\LCD_4BIT.INC
   LCD_DosEspaciosBlancos   0x00008f    program     static E:\00.-MPLAB\00.-PIC16F84A\LCD_08\LCD_4BIT.INC
  LCD_TresEspaciosBlancos   0x000091    program     static E:\00.-MPLAB\00.-PIC16F84A\LCD_08\LCD_4BIT.INC
         LCD_EnviaBlancos   0x000092    program     static E:\00.-MPLAB\00.-PIC16F84A\LCD_08\LCD_4BIT.INC
      LCD_EnviaOtroBlanco   0x000093    program     static E:\00.-MPLAB\00.-PIC16F84A\LCD_08\LCD_4BIT.INC
                 LCD_Byte   0x000098    program     static E:\00.-MPLAB\00.-PIC16F84A\LCD_08\LCD_4BIT.INC
         LCD_ByteCompleto   0x00009f    program     static E:\00.-MPLAB\00.-PIC16F84A\LCD_08\LCD_4BIT.INC
        LCD_VisualizaAlto   0x0000a0    program     static E:\00.-MPLAB\00.-PIC16F84A\LCD_08\LCD_4BIT.INC
        LCD_VisualizaBajo   0x0000a2    program     static E:\00.-MPLAB\00.-PIC16F84A\LCD_08\LCD_4BIT.INC
               LCD_Nibble   0x0000a3    program     static E:\00.-MPLAB\00.-PIC16F84A\LCD_08\LCD_4BIT.INC
       LCD_EnviaByteLetra   0x0000ab    program     static E:\00.-MPLAB\00.-PIC16F84A\LCD_08\LCD_4BIT.INC
   LCD_FinVisualizaDigito   0x0000ad    program     static E:\00.-MPLAB\00.-PIC16F84A\LCD_08\LCD_4BIT.INC
         Retardo_10micros   0x0000ae    program     static E:\00.-MPLAB\00.-PIC16F84A\LCD_08\RETARDOS.INC
          Retardo_5micros   0x0000b3    program     static E:\00.-MPLAB\00.-PIC16F84A\LCD_08\RETARDOS.INC
          Retardo_4micros   0x0000b4    program     static E:\00.-MPLAB\00.-PIC16F84A\LCD_08\RETARDOS.INC
        Retardo_500micros   0x0000b5    program     static E:\00.-MPLAB\00.-PIC16F84A\LCD_08\RETARDOS.INC
        Retardo_200micros   0x0000b8    program     static E:\00.-MPLAB\00.-PIC16F84A\LCD_08\RETARDOS.INC
        Retardo_100micros   0x0000bb    program     static E:\00.-MPLAB\00.-PIC16F84A\LCD_08\RETARDOS.INC
         Retardo_50micros   0x0000bd    program     static E:\00.-MPLAB\00.-PIC16F84A\LCD_08\RETARDOS.INC
         Retardo_20micros   0x0000c0    program     static E:\00.-MPLAB\00.-PIC16F84A\LCD_08\RETARDOS.INC
            RetardoMicros   0x0000c1    program     static E:\00.-MPLAB\00.-PIC16F84A\LCD_08\RETARDOS.INC
            Rmicros_Bucle   0x0000c2    program     static E:\00.-MPLAB\00.-PIC16F84A\LCD_08\RETARDOS.INC
            Retardo_200ms   0x0000c5    program     static E:\00.-MPLAB\00.-PIC16F84A\LCD_08\RETARDOS.INC
            Retardo_100ms   0x0000c7    program     static E:\00.-MPLAB\00.-PIC16F84A\LCD_08\RETARDOS.INC
             Retardo_50ms   0x0000c9    program     static E:\00.-MPLAB\00.-PIC16F84A\LCD_08\RETARDOS.INC
             Retardo_20ms   0x0000cb    program     static E:\00.-MPLAB\00.-PIC16F84A\LCD_08\RETARDOS.INC
             Retardo_10ms   0x0000cd    program     static E:\00.-MPLAB\00.-PIC16F84A\LCD_08\RETARDOS.INC
              Retardo_5ms   0x0000cf    program     static E:\00.-MPLAB\00.-PIC16F84A\LCD_08\RETARDOS.INC
              Retardo_2ms   0x0000d1    program     static E:\00.-MPLAB\00.-PIC16F84A\LCD_08\RETARDOS.INC
              Retardo_1ms   0x0000d3    program     static E:\00.-MPLAB\00.-PIC16F84A\LCD_08\RETARDOS.INC
              Retardos_ms   0x0000d4    program     static E:\00.-MPLAB\00.-PIC16F84A\LCD_08\RETARDOS.INC
        R1ms_BucleExterno   0x0000d5    program     static E:\00.-MPLAB\00.-PIC16F84A\LCD_08\RETARDOS.INC
        R1ms_BucleInterno   0x0000d7    program     static E:\00.-MPLAB\00.-PIC16F84A\LCD_08\RETARDOS.INC
              Retardo_20s   0x0000dd    program     static E:\00.-MPLAB\00.-PIC16F84A\LCD_08\RETARDOS.INC
              Retardo_10s   0x0000df    program     static E:\00.-MPLAB\00.-PIC16F84A\LCD_08\RETARDOS.INC
               Retardo_5s   0x0000e1    program     static E:\00.-MPLAB\00.-PIC16F84A\LCD_08\RETARDOS.INC
               Retardo_2s   0x0000e3    program     static E:\00.-MPLAB\00.-PIC16F84A\LCD_08\RETARDOS.INC
               Retardo_1s   0x0000e5    program     static E:\00.-MPLAB\00.-PIC16F84A\LCD_08\RETARDOS.INC
            Retardo_500ms   0x0000e7    program     static E:\00.-MPLAB\00.-PIC16F84A\LCD_08\RETARDOS.INC
          Retardo_1Decima   0x0000e8    program     static E:\00.-MPLAB\00.-PIC16F84A\LCD_08\RETARDOS.INC
   R1Decima_BucleExterno2   0x0000e9    program     static E:\00.-MPLAB\00.-PIC16F84A\LCD_08\RETARDOS.INC
    R1Decima_BucleExterno   0x0000eb    program     static E:\00.-MPLAB\00.-PIC16F84A\LCD_08\RETARDOS.INC
    R1Decima_BucleInterno   0x0000ed    program     static E:\00.-MPLAB\00.-PIC16F84A\LCD_08\RETARDOS.INC
                BIN_a_BCD   0x0000f5    program     static E:\00.-MPLAB\00.-PIC16F84A\LCD_08\BIN_BCD.INC
              BCD_Resta10   0x0000f8    program     static E:\00.-MPLAB\00.-PIC16F84A\LCD_08\BIN_BCD.INC
    BCD_IncrementaDecenas   0x0000fc    program     static E:\00.-MPLAB\00.-PIC16F84A\LCD_08\BIN_BCD.INC
   BCD_IncrementaCentenas   0x000102    program     static E:\00.-MPLAB\00.-PIC16F84A\LCD_08\BIN_BCD.INC
              BIN_BCD_Fin   0x000105    program     static E:\00.-MPLAB\00.-PIC16F84A\LCD_08\BIN_BCD.INC


