MPLINK 4.49, Linker
Linker Map File - Created Sun Jun 04 20:13:28 2023

                                 Section Info
                  Section       Type    Address   Location Size(Bytes)
                ---------  ---------  ---------  ---------  ---------
                   .org_0       code   0x000000    program   0x000000
                   .org_1       code   0x000000    program   0x0001ec
    .config_2007_LCD_05.O       code   0x002007    program   0x000002



                              Program Memory Usage 
                               Start         End      
                           ---------   ---------      
                            0x000000    0x0000f5      
                            0x002007    0x002007      
            247 out of 1094 program addresses used, program memory utilization is 22%



                              Symbols - Sorted by Name
                     Name    Address   Location    Storage File                     
                ---------  ---------  ---------  --------- ---------                
   BCD_IncrementaCentenas   0x000069    program     static E:\00.-MPLAB\00.-PIC16F84A\LCD_05\BIN_BCD.INC
    BCD_IncrementaDecenas   0x000063    program     static E:\00.-MPLAB\00.-PIC16F84A\LCD_05\BIN_BCD.INC
              BCD_Resta10   0x00005f    program     static E:\00.-MPLAB\00.-PIC16F84A\LCD_05\BIN_BCD.INC
              BIN_BCD_Fin   0x00006c    program     static E:\00.-MPLAB\00.-PIC16F84A\LCD_05\BIN_BCD.INC
                BIN_a_BCD   0x00005c    program     static E:\00.-MPLAB\00.-PIC16F84A\LCD_05\BIN_BCD.INC
         EsperaDejePulsar   0x000012    program     static E:\00.-MPLAB\00.-PIC16F84A\LCD_05\LCD_05.asm
           Fin_Incrementa   0x000014    program     static E:\00.-MPLAB\00.-PIC16F84A\LCD_05\LCD_05.asm
      IncrementaVisualiza   0x000009    program     static E:\00.-MPLAB\00.-PIC16F84A\LCD_05\LCD_05.asm
                   Inicio   0x000000    program     static E:\00.-MPLAB\00.-PIC16F84A\LCD_05\LCD_05.asm
      LCD_2Lineas4Bits5x7   0x0000b0    program     static E:\00.-MPLAB\00.-PIC16F84A\LCD_05\LCD_4BIT.INC
                LCD_Borra   0x0000ae    program     static E:\00.-MPLAB\00.-PIC16F84A\LCD_05\LCD_4BIT.INC
                 LCD_Byte   0x0000e0    program     static E:\00.-MPLAB\00.-PIC16F84A\LCD_05\LCD_4BIT.INC
         LCD_ByteCompleto   0x0000e7    program     static E:\00.-MPLAB\00.-PIC16F84A\LCD_05\LCD_4BIT.INC
             LCD_Caracter   0x0000b3    program     static E:\00.-MPLAB\00.-PIC16F84A\LCD_05\LCD_4BIT.INC
          LCD_CodigoCGROM   0x0000bd    program     static E:\00.-MPLAB\00.-PIC16F84A\LCD_05\LCD_4BIT.INC
           LCD_CursorIncr   0x00009e    program     static E:\00.-MPLAB\00.-PIC16F84A\LCD_05\LCD_4BIT.INC
            LCD_CursorOFF   0x0000ac    program     static E:\00.-MPLAB\00.-PIC16F84A\LCD_05\LCD_4BIT.INC
             LCD_CursorON   0x0000aa    program     static E:\00.-MPLAB\00.-PIC16F84A\LCD_05\LCD_4BIT.INC
   LCD_DosEspaciosBlancos   0x0000d7    program     static E:\00.-MPLAB\00.-PIC16F84A\LCD_05\LCD_4BIT.INC
        LCD_EnheMayuscula   0x0000c4    program     static E:\00.-MPLAB\00.-PIC16F84A\LCD_05\LCD_4BIT.INC
        LCD_EnheMinuscula   0x0000be    program     static E:\00.-MPLAB\00.-PIC16F84A\LCD_05\LCD_4BIT.INC
                LCD_Envia   0x0000b5    program     static E:\00.-MPLAB\00.-PIC16F84A\LCD_05\LCD_4BIT.INC
         LCD_EnviaBlancos   0x0000da    program     static E:\00.-MPLAB\00.-PIC16F84A\LCD_05\LCD_4BIT.INC
       LCD_EnviaByteLetra   0x0000f3    program     static E:\00.-MPLAB\00.-PIC16F84A\LCD_05\LCD_4BIT.INC
         LCD_EnviaComando   0x0000b1    program     static E:\00.-MPLAB\00.-PIC16F84A\LCD_05\LCD_4BIT.INC
      LCD_EnviaOtroBlanco   0x0000db    program     static E:\00.-MPLAB\00.-PIC16F84A\LCD_05\LCD_4BIT.INC
           LCD_EscribeLCD   0x000087    program     static E:\00.-MPLAB\00.-PIC16F84A\LCD_05\LCD_4BIT.INC
             LCD_FinCGROM   0x0000d1    program     static E:\00.-MPLAB\00.-PIC16F84A\LCD_05\LCD_4BIT.INC
   LCD_FinVisualizaDigito   0x0000f5    program     static E:\00.-MPLAB\00.-PIC16F84A\LCD_05\LCD_4BIT.INC
                LCD_Grado   0x0000cb    program     static E:\00.-MPLAB\00.-PIC16F84A\LCD_05\LCD_4BIT.INC
           LCD_Inicializa   0x00006f    program     static E:\00.-MPLAB\00.-PIC16F84A\LCD_05\LCD_4BIT.INC
               LCD_Linea1   0x0000a0    program     static E:\00.-MPLAB\00.-PIC16F84A\LCD_05\LCD_4BIT.INC
               LCD_Linea2   0x0000a2    program     static E:\00.-MPLAB\00.-PIC16F84A\LCD_05\LCD_4BIT.INC
        LCD_LineaEnBlanco   0x0000d3    program     static E:\00.-MPLAB\00.-PIC16F84A\LCD_05\LCD_4BIT.INC
               LCD_Nibble   0x0000eb    program     static E:\00.-MPLAB\00.-PIC16F84A\LCD_05\LCD_4BIT.INC
                  LCD_OFF   0x0000a8    program     static E:\00.-MPLAB\00.-PIC16F84A\LCD_05\LCD_4BIT.INC
       LCD_PosicionLinea1   0x0000a4    program     static E:\00.-MPLAB\00.-PIC16F84A\LCD_05\LCD_4BIT.INC
       LCD_PosicionLinea2   0x0000a6    program     static E:\00.-MPLAB\00.-PIC16F84A\LCD_05\LCD_4BIT.INC
  LCD_TresEspaciosBlancos   0x0000d9    program     static E:\00.-MPLAB\00.-PIC16F84A\LCD_05\LCD_4BIT.INC
      LCD_UnEspacioBlanco   0x0000d5    program     static E:\00.-MPLAB\00.-PIC16F84A\LCD_05\LCD_4BIT.INC
        LCD_VisualizaAlto   0x0000e8    program     static E:\00.-MPLAB\00.-PIC16F84A\LCD_05\LCD_4BIT.INC
        LCD_VisualizaBajo   0x0000ea    program     static E:\00.-MPLAB\00.-PIC16F84A\LCD_05\LCD_4BIT.INC
                Principal   0x000006    program     static E:\00.-MPLAB\00.-PIC16F84A\LCD_05\LCD_05.asm
    R1Decima_BucleExterno   0x000052    program     static E:\00.-MPLAB\00.-PIC16F84A\LCD_05\RETARDOS.INC
   R1Decima_BucleExterno2   0x000050    program     static E:\00.-MPLAB\00.-PIC16F84A\LCD_05\RETARDOS.INC
    R1Decima_BucleInterno   0x000054    program     static E:\00.-MPLAB\00.-PIC16F84A\LCD_05\RETARDOS.INC
        R1ms_BucleExterno   0x00003c    program     static E:\00.-MPLAB\00.-PIC16F84A\LCD_05\RETARDOS.INC
        R1ms_BucleInterno   0x00003e    program     static E:\00.-MPLAB\00.-PIC16F84A\LCD_05\RETARDOS.INC
            RetardoMicros   0x000028    program     static E:\00.-MPLAB\00.-PIC16F84A\LCD_05\RETARDOS.INC
        Retardo_100micros   0x000022    program     static E:\00.-MPLAB\00.-PIC16F84A\LCD_05\RETARDOS.INC
            Retardo_100ms   0x00002e    program     static E:\00.-MPLAB\00.-PIC16F84A\LCD_05\RETARDOS.INC
         Retardo_10micros   0x000015    program     static E:\00.-MPLAB\00.-PIC16F84A\LCD_05\RETARDOS.INC
             Retardo_10ms   0x000034    program     static E:\00.-MPLAB\00.-PIC16F84A\LCD_05\RETARDOS.INC
              Retardo_10s   0x000046    program     static E:\00.-MPLAB\00.-PIC16F84A\LCD_05\RETARDOS.INC
          Retardo_1Decima   0x00004f    program     static E:\00.-MPLAB\00.-PIC16F84A\LCD_05\RETARDOS.INC
              Retardo_1ms   0x00003a    program     static E:\00.-MPLAB\00.-PIC16F84A\LCD_05\RETARDOS.INC
               Retardo_1s   0x00004c    program     static E:\00.-MPLAB\00.-PIC16F84A\LCD_05\RETARDOS.INC
        Retardo_200micros   0x00001f    program     static E:\00.-MPLAB\00.-PIC16F84A\LCD_05\RETARDOS.INC
            Retardo_200ms   0x00002c    program     static E:\00.-MPLAB\00.-PIC16F84A\LCD_05\RETARDOS.INC
         Retardo_20micros   0x000027    program     static E:\00.-MPLAB\00.-PIC16F84A\LCD_05\RETARDOS.INC
             Retardo_20ms   0x000032    program     static E:\00.-MPLAB\00.-PIC16F84A\LCD_05\RETARDOS.INC
              Retardo_20s   0x000044    program     static E:\00.-MPLAB\00.-PIC16F84A\LCD_05\RETARDOS.INC
              Retardo_2ms   0x000038    program     static E:\00.-MPLAB\00.-PIC16F84A\LCD_05\RETARDOS.INC
               Retardo_2s   0x00004a    program     static E:\00.-MPLAB\00.-PIC16F84A\LCD_05\RETARDOS.INC
          Retardo_4micros   0x00001b    program     static E:\00.-MPLAB\00.-PIC16F84A\LCD_05\RETARDOS.INC
        Retardo_500micros   0x00001c    program     static E:\00.-MPLAB\00.-PIC16F84A\LCD_05\RETARDOS.INC
            Retardo_500ms   0x00004e    program     static E:\00.-MPLAB\00.-PIC16F84A\LCD_05\RETARDOS.INC
         Retardo_50micros   0x000024    program     static E:\00.-MPLAB\00.-PIC16F84A\LCD_05\RETARDOS.INC
             Retardo_50ms   0x000030    program     static E:\00.-MPLAB\00.-PIC16F84A\LCD_05\RETARDOS.INC
          Retardo_5micros   0x00001a    program     static E:\00.-MPLAB\00.-PIC16F84A\LCD_05\RETARDOS.INC
              Retardo_5ms   0x000036    program     static E:\00.-MPLAB\00.-PIC16F84A\LCD_05\RETARDOS.INC
               Retardo_5s   0x000048    program     static E:\00.-MPLAB\00.-PIC16F84A\LCD_05\RETARDOS.INC
              Retardos_ms   0x00003b    program     static E:\00.-MPLAB\00.-PIC16F84A\LCD_05\RETARDOS.INC
            Rmicros_Bucle   0x000029    program     static E:\00.-MPLAB\00.-PIC16F84A\LCD_05\RETARDOS.INC
                Visualiza   0x00000d    program     static E:\00.-MPLAB\00.-PIC16F84A\LCD_05\LCD_05.asm



                              Symbols - Sorted by Address
                     Name    Address   Location    Storage File                     
                ---------  ---------  ---------  --------- ---------                
                   Inicio   0x000000    program     static E:\00.-MPLAB\00.-PIC16F84A\LCD_05\LCD_05.asm
                Principal   0x000006    program     static E:\00.-MPLAB\00.-PIC16F84A\LCD_05\LCD_05.asm
      IncrementaVisualiza   0x000009    program     static E:\00.-MPLAB\00.-PIC16F84A\LCD_05\LCD_05.asm
                Visualiza   0x00000d    program     static E:\00.-MPLAB\00.-PIC16F84A\LCD_05\LCD_05.asm
         EsperaDejePulsar   0x000012    program     static E:\00.-MPLAB\00.-PIC16F84A\LCD_05\LCD_05.asm
           Fin_Incrementa   0x000014    program     static E:\00.-MPLAB\00.-PIC16F84A\LCD_05\LCD_05.asm
         Retardo_10micros   0x000015    program     static E:\00.-MPLAB\00.-PIC16F84A\LCD_05\RETARDOS.INC
          Retardo_5micros   0x00001a    program     static E:\00.-MPLAB\00.-PIC16F84A\LCD_05\RETARDOS.INC
          Retardo_4micros   0x00001b    program     static E:\00.-MPLAB\00.-PIC16F84A\LCD_05\RETARDOS.INC
        Retardo_500micros   0x00001c    program     static E:\00.-MPLAB\00.-PIC16F84A\LCD_05\RETARDOS.INC
        Retardo_200micros   0x00001f    program     static E:\00.-MPLAB\00.-PIC16F84A\LCD_05\RETARDOS.INC
        Retardo_100micros   0x000022    program     static E:\00.-MPLAB\00.-PIC16F84A\LCD_05\RETARDOS.INC
         Retardo_50micros   0x000024    program     static E:\00.-MPLAB\00.-PIC16F84A\LCD_05\RETARDOS.INC
         Retardo_20micros   0x000027    program     static E:\00.-MPLAB\00.-PIC16F84A\LCD_05\RETARDOS.INC
            RetardoMicros   0x000028    program     static E:\00.-MPLAB\00.-PIC16F84A\LCD_05\RETARDOS.INC
            Rmicros_Bucle   0x000029    program     static E:\00.-MPLAB\00.-PIC16F84A\LCD_05\RETARDOS.INC
            Retardo_200ms   0x00002c    program     static E:\00.-MPLAB\00.-PIC16F84A\LCD_05\RETARDOS.INC
            Retardo_100ms   0x00002e    program     static E:\00.-MPLAB\00.-PIC16F84A\LCD_05\RETARDOS.INC
             Retardo_50ms   0x000030    program     static E:\00.-MPLAB\00.-PIC16F84A\LCD_05\RETARDOS.INC
             Retardo_20ms   0x000032    program     static E:\00.-MPLAB\00.-PIC16F84A\LCD_05\RETARDOS.INC
             Retardo_10ms   0x000034    program     static E:\00.-MPLAB\00.-PIC16F84A\LCD_05\RETARDOS.INC
              Retardo_5ms   0x000036    program     static E:\00.-MPLAB\00.-PIC16F84A\LCD_05\RETARDOS.INC
              Retardo_2ms   0x000038    program     static E:\00.-MPLAB\00.-PIC16F84A\LCD_05\RETARDOS.INC
              Retardo_1ms   0x00003a    program     static E:\00.-MPLAB\00.-PIC16F84A\LCD_05\RETARDOS.INC
              Retardos_ms   0x00003b    program     static E:\00.-MPLAB\00.-PIC16F84A\LCD_05\RETARDOS.INC
        R1ms_BucleExterno   0x00003c    program     static E:\00.-MPLAB\00.-PIC16F84A\LCD_05\RETARDOS.INC
        R1ms_BucleInterno   0x00003e    program     static E:\00.-MPLAB\00.-PIC16F84A\LCD_05\RETARDOS.INC
              Retardo_20s   0x000044    program     static E:\00.-MPLAB\00.-PIC16F84A\LCD_05\RETARDOS.INC
              Retardo_10s   0x000046    program     static E:\00.-MPLAB\00.-PIC16F84A\LCD_05\RETARDOS.INC
               Retardo_5s   0x000048    program     static E:\00.-MPLAB\00.-PIC16F84A\LCD_05\RETARDOS.INC
               Retardo_2s   0x00004a    program     static E:\00.-MPLAB\00.-PIC16F84A\LCD_05\RETARDOS.INC
               Retardo_1s   0x00004c    program     static E:\00.-MPLAB\00.-PIC16F84A\LCD_05\RETARDOS.INC
            Retardo_500ms   0x00004e    program     static E:\00.-MPLAB\00.-PIC16F84A\LCD_05\RETARDOS.INC
          Retardo_1Decima   0x00004f    program     static E:\00.-MPLAB\00.-PIC16F84A\LCD_05\RETARDOS.INC
   R1Decima_BucleExterno2   0x000050    program     static E:\00.-MPLAB\00.-PIC16F84A\LCD_05\RETARDOS.INC
    R1Decima_BucleExterno   0x000052    program     static E:\00.-MPLAB\00.-PIC16F84A\LCD_05\RETARDOS.INC
    R1Decima_BucleInterno   0x000054    program     static E:\00.-MPLAB\00.-PIC16F84A\LCD_05\RETARDOS.INC
                BIN_a_BCD   0x00005c    program     static E:\00.-MPLAB\00.-PIC16F84A\LCD_05\BIN_BCD.INC
              BCD_Resta10   0x00005f    program     static E:\00.-MPLAB\00.-PIC16F84A\LCD_05\BIN_BCD.INC
    BCD_IncrementaDecenas   0x000063    program     static E:\00.-MPLAB\00.-PIC16F84A\LCD_05\BIN_BCD.INC
   BCD_IncrementaCentenas   0x000069    program     static E:\00.-MPLAB\00.-PIC16F84A\LCD_05\BIN_BCD.INC
              BIN_BCD_Fin   0x00006c    program     static E:\00.-MPLAB\00.-PIC16F84A\LCD_05\BIN_BCD.INC
           LCD_Inicializa   0x00006f    program     static E:\00.-MPLAB\00.-PIC16F84A\LCD_05\LCD_4BIT.INC
           LCD_EscribeLCD   0x000087    program     static E:\00.-MPLAB\00.-PIC16F84A\LCD_05\LCD_4BIT.INC
           LCD_CursorIncr   0x00009e    program     static E:\00.-MPLAB\00.-PIC16F84A\LCD_05\LCD_4BIT.INC
               LCD_Linea1   0x0000a0    program     static E:\00.-MPLAB\00.-PIC16F84A\LCD_05\LCD_4BIT.INC
               LCD_Linea2   0x0000a2    program     static E:\00.-MPLAB\00.-PIC16F84A\LCD_05\LCD_4BIT.INC
       LCD_PosicionLinea1   0x0000a4    program     static E:\00.-MPLAB\00.-PIC16F84A\LCD_05\LCD_4BIT.INC
       LCD_PosicionLinea2   0x0000a6    program     static E:\00.-MPLAB\00.-PIC16F84A\LCD_05\LCD_4BIT.INC
                  LCD_OFF   0x0000a8    program     static E:\00.-MPLAB\00.-PIC16F84A\LCD_05\LCD_4BIT.INC
             LCD_CursorON   0x0000aa    program     static E:\00.-MPLAB\00.-PIC16F84A\LCD_05\LCD_4BIT.INC
            LCD_CursorOFF   0x0000ac    program     static E:\00.-MPLAB\00.-PIC16F84A\LCD_05\LCD_4BIT.INC
                LCD_Borra   0x0000ae    program     static E:\00.-MPLAB\00.-PIC16F84A\LCD_05\LCD_4BIT.INC
      LCD_2Lineas4Bits5x7   0x0000b0    program     static E:\00.-MPLAB\00.-PIC16F84A\LCD_05\LCD_4BIT.INC
         LCD_EnviaComando   0x0000b1    program     static E:\00.-MPLAB\00.-PIC16F84A\LCD_05\LCD_4BIT.INC
             LCD_Caracter   0x0000b3    program     static E:\00.-MPLAB\00.-PIC16F84A\LCD_05\LCD_4BIT.INC
                LCD_Envia   0x0000b5    program     static E:\00.-MPLAB\00.-PIC16F84A\LCD_05\LCD_4BIT.INC
          LCD_CodigoCGROM   0x0000bd    program     static E:\00.-MPLAB\00.-PIC16F84A\LCD_05\LCD_4BIT.INC
        LCD_EnheMinuscula   0x0000be    program     static E:\00.-MPLAB\00.-PIC16F84A\LCD_05\LCD_4BIT.INC
        LCD_EnheMayuscula   0x0000c4    program     static E:\00.-MPLAB\00.-PIC16F84A\LCD_05\LCD_4BIT.INC
                LCD_Grado   0x0000cb    program     static E:\00.-MPLAB\00.-PIC16F84A\LCD_05\LCD_4BIT.INC
             LCD_FinCGROM   0x0000d1    program     static E:\00.-MPLAB\00.-PIC16F84A\LCD_05\LCD_4BIT.INC
        LCD_LineaEnBlanco   0x0000d3    program     static E:\00.-MPLAB\00.-PIC16F84A\LCD_05\LCD_4BIT.INC
      LCD_UnEspacioBlanco   0x0000d5    program     static E:\00.-MPLAB\00.-PIC16F84A\LCD_05\LCD_4BIT.INC
   LCD_DosEspaciosBlancos   0x0000d7    program     static E:\00.-MPLAB\00.-PIC16F84A\LCD_05\LCD_4BIT.INC
  LCD_TresEspaciosBlancos   0x0000d9    program     static E:\00.-MPLAB\00.-PIC16F84A\LCD_05\LCD_4BIT.INC
         LCD_EnviaBlancos   0x0000da    program     static E:\00.-MPLAB\00.-PIC16F84A\LCD_05\LCD_4BIT.INC
      LCD_EnviaOtroBlanco   0x0000db    program     static E:\00.-MPLAB\00.-PIC16F84A\LCD_05\LCD_4BIT.INC
                 LCD_Byte   0x0000e0    program     static E:\00.-MPLAB\00.-PIC16F84A\LCD_05\LCD_4BIT.INC
         LCD_ByteCompleto   0x0000e7    program     static E:\00.-MPLAB\00.-PIC16F84A\LCD_05\LCD_4BIT.INC
        LCD_VisualizaAlto   0x0000e8    program     static E:\00.-MPLAB\00.-PIC16F84A\LCD_05\LCD_4BIT.INC
        LCD_VisualizaBajo   0x0000ea    program     static E:\00.-MPLAB\00.-PIC16F84A\LCD_05\LCD_4BIT.INC
               LCD_Nibble   0x0000eb    program     static E:\00.-MPLAB\00.-PIC16F84A\LCD_05\LCD_4BIT.INC
       LCD_EnviaByteLetra   0x0000f3    program     static E:\00.-MPLAB\00.-PIC16F84A\LCD_05\LCD_4BIT.INC
   LCD_FinVisualizaDigito   0x0000f5    program     static E:\00.-MPLAB\00.-PIC16F84A\LCD_05\LCD_4BIT.INC


