MPLINK 4.49, Linker
Linker Map File - Created Sun Jun 25 21:46:59 2023

                                 Section Info
                  Section       Type    Address   Location Size(Bytes)
                ---------  ---------  ---------  ---------  ---------
                   .org_0       code   0x000000    program   0x000000
                   .org_1       code   0x000000    program   0x000024
.config_2007_MAIN_SALTO_05.O       code   0x002007    program   0x000002



                              Program Memory Usage 
                               Start         End      
                           ---------   ---------      
                            0x000000    0x000011      
                            0x002007    0x002007      
            19 out of 1094 program addresses used, program memory utilization is 1%



                              Symbols - Sorted by Name
                     Name    Address   Location    Storage File                     
                ---------  ---------  ---------  --------- ---------                
             ActivaSalida   0x000010    program     static E:\00.-MPLAB\00.-PIC16F84A\SALTOS_05_examen\main_salto_05.asm
                   Inicio   0x000000    program     static E:\00.-MPLAB\00.-PIC16F84A\SALTOS_05_examen\main_salto_05.asm
                Principal   0x000007    program     static E:\00.-MPLAB\00.-PIC16F84A\SALTOS_05_examen\main_salto_05.asm



                              Symbols - Sorted by Address
                     Name    Address   Location    Storage File                     
                ---------  ---------  ---------  --------- ---------                
                   Inicio   0x000000    program     static E:\00.-MPLAB\00.-PIC16F84A\SALTOS_05_examen\main_salto_05.asm
                Principal   0x000007    program     static E:\00.-MPLAB\00.-PIC16F84A\SALTOS_05_examen\main_salto_05.asm
             ActivaSalida   0x000010    program     static E:\00.-MPLAB\00.-PIC16F84A\SALTOS_05_examen\main_salto_05.asm


