MPASM  5.51                 SUBRUTINAS_01.ASM   6-10-2023  20:56:58         PAGE  1


LOC  OBJECT CODE     LINE SOURCE TEXT
  VALUE

                      00001 ;*********************************** Subrutinas_01.asm **********************************
                      00002 ;
                      00003 ;       ===================================================================
                      00004 ;         Del libro "MICROCONTROLADOR PIC16F84. DESARROLLO DE PROYECTOS"
                      00005 ;         E. Palacios, F. Remiro y L. López.
                      00006 ;         Editorial Ra-Ma.  www.ra-ma.es
                      00007 ;       ===================================================================
                      00008 ;
                      00009 ; Un número binario de 8 bits es convertido a BCD. El resultado se guarda en tres
                      00010 ; posiciones de memorias RAM de datos llamadas Centenas, Decenas y Unidades.
                      00011 ; Finalmente también las unidades y las decenas se visualizarán en los diodos LEDs
                      00012 ; conectados al Puerto B. El número a convertir será la constante "Numero".
                      00013 ;
                      00014 ; Realizar este programa utilizando una subrutina que se llame BIN_a_BCD.
                      00015 ;
                      00016 ; ZONA DE DATOS **********************************************************************
                      00017 
2007   3FF1           00018         __CONFIG   _CP_OFF &  _WDT_OFF & _PWRTE_ON & _XT_OSC
                      00019         LIST       P=16F84A
                      00020         INCLUDE  <P16F84A.INC>
                      00001         LIST
                      00002 
                      00003 ;==========================================================================
                      00004 ;  MPASM PIC16F84A processor include
                      00005 ; 
                      00006 ;  (c) Copyright 1999-2013 Microchip Technology, All rights reserved
                      00007 ;==========================================================================
                      00008 
                      00208         LIST
                      00021 
                      00022         CBLOCK  0x0C                    ; En esta posición empieza la RAM de usuario.
                      00023         ENDC
                      00024 
  0000004D            00025 Numero  EQU     .77                     ; Por ejemplo.
                      00026 
                      00027 ; ZONA DE CÓDIGOS ********************************************************************
                      00028 
0000                  00029         ORG     0                       ; El programa comienza en la dirección 0.
0000                  00030 Inicio
0000   1683           00031         bsf     STATUS,RP0              ; Acceso al Banco 1.
Message[302]: Register in operand not in bank 0.  Ensure that bank bits are correct.
0001   0186           00032         clrf    TRISB                   ; Las líneas del Puerto B se configuran como salida.
0002   1283           00033         bcf     STATUS,RP0              ; Acceso al Banco 0.
0003                  00034 Principal
0003   304D           00035         movlw   Numero
0004   2007           00036         call    BIN_a_BCD
0005   0086           00037         movwf   PORTB                   ; El resultado se visualiza por la salida.
0006   2806           00038         goto    $                       ; Se queda permanentemente en este bucle.
                      00039 
                      00040 ; Subrutina "BIN_a_BCD" -----------------------------------------------------------------
                      00041 ;
                      00042 ; Un número binario de 8 bits es convertido en BCD. El procedimiento utilizado es mediante
                      00043 ; restas de 10, tal como se explicó en el capítulo 9.
MPASM  5.51                 SUBRUTINAS_01.ASM   6-10-2023  20:56:58         PAGE  2


LOC  OBJECT CODE     LINE SOURCE TEXT
  VALUE

                      00044 ;
                      00045 ; Entrada:      En el registro W el número binario a convertir.
                      00046 ; Salidas:      En (Centenas), (Decenas) y (Unidades).
                      00047 ;       También las decenas (nibble alto) y unidades (nibble bajo) en el registro (W).
                      00048 
                      00049         CBLOCK                          ; En las subrutinas no se debe fijar la dirección
  0000000C            00050         Centenas                                ; de la RAM de usuario. Definida a continuación de
  0000000D            00051         Decenas                         ; la última asignada.
  0000000E            00052         Unidades        
                      00053         ENDC
                      00054 ;
0007                  00055 BIN_a_BCD
0007   018C           00056         clrf    Centenas                        ; Carga los registros con el resultado inicial.
0008   018D           00057         clrf    Decenas                 ; En principio (Centenas)=0 y (Decenas)=0.
0009   008E           00058         movwf   Unidades                        ; Se carga el número binario a convertir.
000A                  00059 Resta10
000A   300A           00060         movlw   .10                     ; A las unidades se le va restando 10 en cada
000B   020E           00061         subwf   Unidades,W              ; pasada. (W)=(Unidades)-10.
000C   1C03           00062         btfss   STATUS,C                ; ¿(Unidades)>=10?, ¿(W) positivo?, ¿C=1?
000D   2817           00063         goto    Fin_BIN_BCD             ; No, es menor de 10. Se acabó.
000E                  00064 IncrementaDecenas
000E   008E           00065         movwf   Unidades                        ; Recupera lo que queda por restar.
000F   0A8D           00066         incf    Decenas,F               ; Incrementa las decenas y comprueba si ha
0010   300A           00067         movlw   .10                     ; llegado a 10. Lo hace mediante una resta.
0011   020D           00068         subwf   Decenas,W               ; (W)=(Decenas)-10).
0012   1C03           00069         btfss   STATUS,C                ; ¿C=1?, ¿(W) positivo?, ¿C=1?
0013   280A           00070         goto    Resta10                 ; No. Vuelve a dar otra pasada, restándole 10.
0014                  00071 IncrementaCentenas
0014   018D           00072         clrf    Decenas                 ; Pone a cero las decenas 
0015   0A8C           00073         incf    Centenas,F              ; e incrementa las centenas.
0016   280A           00074         goto    Resta10                 ; Otra pasada: Resta 10 al número a convertir.
0017                  00075 Fin_BIN_BCD
0017   0E0D           00076         swapf   Decenas,W               ; En el nibbe alto de (W) también las decenas.
0018   070E           00077         addwf   Unidades,W              ; En el nibble bajo de (W) las unidades.
0019   0008           00078         return                          ; Vuelve al programa principal.
                      00079 
                      00080         END                             ; Fin del programa.
MPASM  5.51                 SUBRUTINAS_01.ASM   6-10-2023  20:56:58         PAGE  3


SYMBOL TABLE
  LABEL                             VALUE 

BIN_a_BCD                         00000007
C                                 00000000
Centenas                          0000000C
DC                                00000001
Decenas                           0000000D
EEADR                             00000009
EECON1                            00000088
EECON2                            00000089
EEDATA                            00000008
EEIE                              00000006
EEIF                              00000004
F                                 00000001
FSR                               00000004
Fin_BIN_BCD                       00000017
GIE                               00000007
INDF                              00000000
INTCON                            0000000B
INTE                              00000004
INTEDG                            00000006
INTF                              00000001
IRP                               00000007
IncrementaCentenas                00000014
IncrementaDecenas                 0000000E
Inicio                            00000000
NOT_PD                            00000003
NOT_RBPU                          00000007
NOT_TO                            00000004
Numero                            0000004D
OPTION_REG                        00000081
PCL                               00000002
PCLATH                            0000000A
PORTA                             00000005
PORTB                             00000006
PS0                               00000000
PS1                               00000001
PS2                               00000002
PSA                               00000003
Principal                         00000003
RA0                               00000000
RA1                               00000001
RA2                               00000002
RA3                               00000003
RA4                               00000004
RB0                               00000000
RB1                               00000001
RB2                               00000002
RB3                               00000003
RB4                               00000004
RB5                               00000005
RB6                               00000006
RB7                               00000007
RBIE                              00000003
RBIF                              00000000
MPASM  5.51                 SUBRUTINAS_01.ASM   6-10-2023  20:56:58         PAGE  4


SYMBOL TABLE
  LABEL                             VALUE 

RD                                00000000
RP0                               00000005
RP1                               00000006
Resta10                           0000000A
STATUS                            00000003
T0CS                              00000005
T0IE                              00000005
T0IF                              00000002
T0SE                              00000004
TMR0                              00000001
TMR0IE                            00000005
TMR0IF                            00000002
TRISA                             00000085
TRISA0                            00000000
TRISA1                            00000001
TRISA2                            00000002
TRISA3                            00000003
TRISA4                            00000004
TRISB                             00000086
TRISB0                            00000000
TRISB1                            00000001
TRISB2                            00000002
TRISB3                            00000003
TRISB4                            00000004
TRISB5                            00000005
TRISB6                            00000006
TRISB7                            00000007
Unidades                          0000000E
W                                 00000000
WR                                00000001
WREN                              00000002
WRERR                             00000003
Z                                 00000002
_CONFIG                           00002007
_CP_OFF                           00003FFF
_CP_ON                            0000000F
_DEVID1                           00002006
_FOSC_EXTRC                       00003FFF
_FOSC_HS                          00003FFE
_FOSC_LP                          00003FFC
_FOSC_XT                          00003FFD
_HS_OSC                           00003FFE
_IDLOC0                           00002000
_IDLOC1                           00002001
_IDLOC2                           00002002
_IDLOC3                           00002003
_LP_OSC                           00003FFC
_PWRTE_OFF                        00003FFF
_PWRTE_ON                         00003FF7
_RC_OSC                           00003FFF
_WDTE_OFF                         00003FFB
_WDTE_ON                          00003FFF
_WDT_OFF                          00003FFB
MPASM  5.51                 SUBRUTINAS_01.ASM   6-10-2023  20:56:58         PAGE  5


SYMBOL TABLE
  LABEL                             VALUE 

_WDT_ON                           00003FFF
_XT_OSC                           00003FFD
__16F84A                          00000001
__DEBUG                           1


MEMORY USAGE MAP ('X' = Used,  '-' = Unused)

0000 : XXXXXXXXXXXXXXXX XXXXXXXXXX------ ---------------- ----------------
2000 : -------X-------- ---------------- ---------------- ----------------

All other memory blocks unused.

Program Memory Words Used:    26
Program Memory Words Free:   998


Errors   :     0
Warnings :     0 reported,     0 suppressed
Messages :     1 reported,     0 suppressed

