MPASM 03.50 Released                         INDEXADO_02B.ASM   10-15-2003  11:30:19         PAGE  1


LOC  OBJECT CODE     LINE SOURCE TEXT
  VALUE

                      00001 ;********************************** Indexado_02B.asm *************************************
                      00002 ;
                      00003 ;       ===================================================================
                      00004 ;         Del libro "MICROCONTROLADOR PIC16F84A. DESARROLLO DE PROYECTOS"
                      00005 ;         E. Palacios, F. Remiro y L. López.
                      00006 ;         Editorial Ra-Ma.  www.ra-ma.es
                      00007 ;       ===================================================================
                      00008 ;
                      00009 ; Repetición del ejercicio "Indexado_02.asm" sobre la forma de implementar una tabla de 
                      00010 ; verdad, pero resuelto con más eficacia.
                      00011 ;
                      00012 ; ZONA DE DATOS **********************************************************************
                      00013 
2007   3FF1           00014         __CONFIG   _CP_OFF &  _WDT_OFF & _PWRTE_ON & _XT_OSC
                      00015         LIST       P=16F84A     
                      00016         INCLUDE  <P16F84A.INC>  
                      00001         LIST
                      00002 ; P16F84A.INC  Standard Header File, Version 2.00    Microchip Technology, Inc.
                      00134         LIST
                      00017 
                      00018 ; ZONA DE CÓDIGOS ********************************************************************
                      00019 
0000                  00020         ORG     0                       ; El programa comienza en la dirección 0.
0000                  00021 Inicio
0000   1683           00022         bsf     STATUS,RP0              ; Acceso al Banco 1.
Message[302]: Register in operand not in bank 0.  Ensure that bank bits are correct.
0001   0186           00023         clrf    TRISB                   ; Las líneas del Puerto B se configuran como salida.
0002   301F           00024         movlw   b'00011111'             ; Las 5 líneas del Puerto A se configuran como entrada.
Message[302]: Register in operand not in bank 0.  Ensure that bank bits are correct.
0003   0085           00025         movwf   TRISA
0004   1283           00026         bcf     STATUS,RP0              ; Acceso al Banco 0.
0005                  00027 Principal
0005   1003           00028         bcf     STATUS,C                ; Lee los sensores y lo multiplica por dos
0006   0D05           00029         rlf     PORTA,W                 ; añadiendo un 0 y desplazando hacia la izquierda.
0007   390F           00030         andlw   b'00001111'             ; Se queda con los cuatro bits más bajo.
0008   0782           00031         addwf   PCL,F                   ; Salta a la configuración adecuada.
0009   3061           00032         movlw   b'01100001'             ; Estado "Vacio".       (Configuración 0).
000A   2818           00033         goto    ActivaSalida
000B   3062           00034         movlw   b'01100010'             ; Estado "Llenándose". (Configuración 1).
000C   2818           00035         goto    ActivaSalida
000D   3010           00036         movlw   b'00010000'             ; Estado "Alarma".      (Configuración 2).
000E   2818           00037         goto    ActivaSalida
000F   3024           00038         movlw   b'00100100'             ; Estado "Lleno".       (Configuración 3).
0010   2818           00039         goto    ActivaSalida
0011   3010           00040         movlw   b'00010000'             ; Estado "Alarma".      (Configuración 4).
0012   2818           00041         goto    ActivaSalida
0013   3010           00042         movlw   b'00010000'             ; Estado "Alarma".      (Configuración 5).
0014   2818           00043         goto    ActivaSalida
0015   3010           00044         movlw   b'00010000'             ; Estado "Alarma".      (Configuración 6).
0016   2818           00045         goto    ActivaSalida
0017   3008           00046         movlw   b'00001000'             ; Estado "Rebose".      (Configuración 7).
0018                  00047 ActivaSalida
0018   0086           00048         movwf   PORTB                   ; Visualiza por el puerto de salida.
MPASM 03.50 Released                         INDEXADO_02B.ASM   10-15-2003  11:30:19         PAGE  2


LOC  OBJECT CODE     LINE SOURCE TEXT
  VALUE

0019   2805           00049         goto    Principal
                      00050 
                      00051         END
MPASM 03.50 Released                         INDEXADO_02B.ASM   10-15-2003  11:30:19         PAGE  3


SYMBOL TABLE
  LABEL                             VALUE 

ActivaSalida                      00000018
C                                 00000000
DC                                00000001
EEADR                             00000009
EECON1                            00000088
EECON2                            00000089
EEDATA                            00000008
EEIE                              00000006
EEIF                              00000004
F                                 00000001
FSR                               00000004
GIE                               00000007
INDF                              00000000
INTCON                            0000000B
INTE                              00000004
INTEDG                            00000006
INTF                              00000001
IRP                               00000007
Inicio                            00000000
NOT_PD                            00000003
NOT_RBPU                          00000007
NOT_TO                            00000004
OPTION_REG                        00000081
PCL                               00000002
PCLATH                            0000000A
PORTA                             00000005
PORTB                             00000006
PS0                               00000000
PS1                               00000001
PS2                               00000002
PSA                               00000003
Principal                         00000005
RBIE                              00000003
RBIF                              00000000
RD                                00000000
RP0                               00000005
RP1                               00000006
STATUS                            00000003
T0CS                              00000005
T0IE                              00000005
T0IF                              00000002
T0SE                              00000004
TMR0                              00000001
TRISA                             00000085
TRISB                             00000086
W                                 00000000
WR                                00000001
WREN                              00000002
WRERR                             00000003
Z                                 00000002
_CP_OFF                           00003FFF
_CP_ON                            0000000F
_HS_OSC                           00003FFE
MPASM 03.50 Released                         INDEXADO_02B.ASM   10-15-2003  11:30:19         PAGE  4


SYMBOL TABLE
  LABEL                             VALUE 

_LP_OSC                           00003FFC
_PWRTE_OFF                        00003FFF
_PWRTE_ON                         00003FF7
_RC_OSC                           00003FFF
_WDT_OFF                          00003FFB
_WDT_ON                           00003FFF
_XT_OSC                           00003FFD
__16F84A                          00000001


MEMORY USAGE MAP ('X' = Used,  '-' = Unused)

0000 : XXXXXXXXXXXXXXXX XXXXXXXXXX------ ---------------- ----------------
2000 : -------X-------- ---------------- ---------------- ----------------

All other memory blocks unused.

Program Memory Words Used:    26
Program Memory Words Free:   998


Errors   :     0
Warnings :     0 reported,     0 suppressed
Messages :     2 reported,     0 suppressed

