MPASM 03.50 Released                         INDIRECTO_02.ASM   10-25-2003  15:57:38         PAGE  1


LOC  OBJECT CODE     LINE SOURCE TEXT
  VALUE

                      00001 ;*********************************** Indirecto_02.asm ***********************************
                      00002 ;
                      00003 ;       ===================================================================
                      00004 ;         Del libro "MICROCONTROLADOR PIC16F84A. DESARROLLO DE PROYECTOS"
                      00005 ;         E. Palacios, F. Remiro y L. López.
                      00006 ;         Editorial Ra-Ma.  www.ra-ma.es
                      00007 ;       ===================================================================
                      00008 ;
                      00009 ; Este programa comprueba el funcionamiento de la lectura y escritura en la memoria de 
                      00010 ; datos mediante direccionamiento indirecto.
                      00011 ;
                      00012 ; Se trata de escribir, a partir de la última dirección ocupada de memoria RAM de datos
                      00013 ; hasta el final, el contenido con el valor de la dirección. Así, por ejemplo, en la
                      00014 ; dirección 20h se escribe "20", en la dirección 21h se escribe "21", en la dirección 22h
                      00015 ; se escribe "22" y así sucesivamente. Se escribirá hasta la dirección 4Fh que son las
                      00016 ; direcciones implementadas en PIC16F84A.
                      00017 ;
                      00018 ; A continuación se procederá a la lectura de la memoria RAM de datos completa, desde la
                      00019 ; la dirección 00h hasta la 4Fh. En la pantalla se visualizará la dirección y su
                      00020 ; contenido. Observar que direcciones de 00h a 0Bh corresponden al SFR. Cada
                      00021 ; visualización se mantendrá durante medio segundo en pantalla.
                      00022 ;
                      00023 ; En los contadores se carga siempre un valor más, porque la instrucción
                      00024 ; "decfsz RAM_Contador,F" salta cuando es cero y no permite visualizar el contenido del
                      00025 ; último registro.
                      00026  
                      00027 ; ZONA DE DATOS **********************************************************************
                      00028 
2007   3FF1           00029         __CONFIG   _CP_OFF  &  _WDT_OFF & _PWRTE_ON & _XT_OSC
                      00030         LIST       P=16F84A
                      00031         INCLUDE  <P16F84A.INC>
                      00001         LIST
                      00002 ; P16F84A.INC  Standard Header File, Version 2.00    Microchip Technology, Inc.
                      00134         LIST
                      00032 
                      00033         CBLOCK  0x0C
  0000000C            00034         RAM_Dato                        ; Dato a escribir o leer.
  0000000D            00035         RAM_Contador
                      00036         ENDC
                      00037 
  0000004F            00038 RAM_UltimaDireccion     EQU     4Fh     ; Ultima dirección utilizada.
                      00039 
                      00040 ; ZONA DE CÓDIGOS ********************************************************************
                      00041 
0000                  00042         ORG     0
0000                  00043 Inicio
0000   2084           00044         call    LCD_Inicializa
0001   3019           00045         movlw   RAM_PrimeraLibre        ; Este es la primer dato a escribir en la RAM.
0002   008C           00046         movwf   RAM_Dato
0003   3037           00047         movlw   RAM_UltimaDireccion-RAM_PrimeraLibre+1 ; Número de posiciones a escribir.
0004   008D           00048         movwf   RAM_Contador
0005   3019           00049         movlw   RAM_PrimeraLibre
0006   0084           00050         movwf   FSR                     ; Primera dirección de memoria RAM a escribir
MPASM 03.50 Released                         INDIRECTO_02.ASM   10-25-2003  15:57:38         PAGE  2


LOC  OBJECT CODE     LINE SOURCE TEXT
  VALUE

0007                  00051 RAM_Escribe
0007   080C           00052         movf    RAM_Dato,W              ; Escribe el contenido de RAM_Dato en posición
0008   0080           00053         movwf   INDF                    ; apuntada por FSR.
0009   0A84           00054         incf    FSR,F                   ; Apunta a la siguiente dirección de memoria.
000A   0A8C           00055         incf    RAM_Dato,F              ; Incrementa el dato a cargar.
000B   0B8D           00056         decfsz  RAM_Contador,F
000C   2807           00057         goto    RAM_Escribe
                      00058 ;
                      00059 ; El programa principal procede a leer la RAM desde la dirección 0.
                      00060 ;
000D                  00061 Principal
000D   3050           00062         movlw   RAM_UltimaDireccion+1   ; Número de posiciones a leer.
000E   008D           00063         movwf   RAM_Contador
000F   3000           00064         movlw   0                       ; Primera dirección a leer.
0010   0084           00065         movwf   FSR
0011                  00066 RAM_Lee
0011   0800           00067         movf    INDF,W                  ; Lee el contenido de RAM_Dato en posición
0012   008C           00068         movwf   RAM_Dato                ; apuntada por FSR.
0013   2018           00069         call    VisualizaRAM
0014   0A84           00070         incf    FSR,F                   ; Apunta a la siguiente dirección de memoria.
0015   0B8D           00071         decfsz  RAM_Contador,F          ; Si no ha llegado al final pasa a leer la
0016   2811           00072         goto    RAM_Lee                 ; siguiente.
0017   280D           00073         goto    Principal
                      00074 ;
                      00075 ; Subrutina "VisualizaRAM" --------------------------------------------------------------
                      00076 ;
0018                  00077 VisualizaRAM
0018   20B5           00078         call    LCD_Linea1              ; Pasa a visualizarla.
0019   3025           00079         movlw   MensajeDireccion
001A   2108           00080         call    LCD_Mensaje
001B   0804           00081         movf    FSR,W                   ; Visualiza el número de la posición
001C   20F9           00082         call    LCD_ByteCompleto
001D   20B7           00083         call    LCD_Linea2
001E   3031           00084         movlw   MensajeContenido
001F   2108           00085         call    LCD_Mensaje
0020   080C           00086         movf    RAM_Dato,W              ; Visualiza el contenido de la posición
0021   20F9           00087         call    LCD_ByteCompleto
0022   2076           00088         call    Retardo_500ms
0023   0008           00089         return
                      00090 
                      00091 ; "Mensajes" ----------------------------------------------------------------------------
                      00092 ;
0024                  00093 Mensajes
0024   0782           00094         addwf   PCL,F
0025                  00095 MensajeDireccion
0025   3444 3469 3472 00096         DT "Direccion: ", 0x00
       3465 3463 3463 
       3469 346F 346E 
       343A 3420 3400 
0031                  00097 MensajeContenido
0031   3443 346F 346E 00098         DT "Contenido: ", 0x00
       3474 3465 346E 
       3469 3464 346F 
MPASM 03.50 Released                         INDIRECTO_02.ASM   10-25-2003  15:57:38         PAGE  3


LOC  OBJECT CODE     LINE SOURCE TEXT
  VALUE

       343A 3420 3400 
                      00099 
                      00100         INCLUDE  <RETARDOS.INC>         ; Estos includes también reservan posiciones de
                      00001 ;**************************** Librería "RETARDOS.INC" *********************************
                      00002 ;
                      00003 ;       ===================================================================
                      00004 ;         Del libro "MICROCONTROLADOR PIC16F84A. DESARROLLO DE PROYECTOS"
                      00005 ;         E. Palacios, F. Remiro y L. López.
                      00006 ;         Editorial Ra-Ma.  www.ra-ma.es
                      00007 ;       ===================================================================
                      00008 ;
                      00009 ; Librería con múltiples subrutinas de retardos, desde 4 microsegundos hasta 20 segundos. 
                      00010 ; Además se pueden implementar otras subrutinas muy fácilmente.
                      00011 ;
                      00012 ; Se han calculado para un sistema microcontrolador con un PIC trabajando con un cristal
                      00013 ; de cuarzo a 4 MHz. Como cada ciclo máquina son 4 ciclos de reloj, resulta que cada
                      00014 ; ciclo máquina tarda 4 x 1/4MHz = 1 µs.
                      00015 ;
                      00016 ; En los comentarios, "cm" significa "ciclos máquina".
                      00017 ;
                      00018 ; ZONA DE DATOS *********************************************************************
                      00019 
                      00020         CBLOCK
  0000000E            00021         R_ContA                         ; Contadores para los retardos.
  0000000F            00022         R_ContB
  00000010            00023         R_ContC
                      00024         ENDC
                      00025 ;
                      00026 ; RETARDOS de 4 hasta 10 microsegundos ---------------------------------------------------
                      00027 ;
                      00028 ; A continuación retardos pequeños teniendo en cuenta que para una frecuencia de 4 MHZ,
                      00029 ; la llamada a subrutina "call" tarda 2 ciclos máquina, el retorno de subrutina
                      00030 ; "return" toma otros 2 ciclos máquina y cada instrucción "nop" tarda 1 ciclo máquina.
                      00031 ;
003D                  00032 Retardo_10micros                                ; La llamada "call" aporta 2 ciclos máquina.
003D   0000           00033         nop                             ; Aporta 1 ciclo máquina.
003E   0000           00034         nop                             ; Aporta 1 ciclo máquina.
003F   0000           00035         nop                             ; Aporta 1 ciclo máquina.
0040   0000           00036         nop                             ; Aporta 1 ciclo máquina.
0041   0000           00037         nop                             ; Aporta 1 ciclo máquina.
0042                  00038 Retardo_5micros                         ; La llamada "call" aporta 2 ciclos máquina.
0042   0000           00039         nop                             ; Aporta 1 ciclo máquina.
0043                  00040 Retardo_4micros                         ; La llamada "call" aporta 2 ciclos máquina.
0043   0008           00041         return                          ; El salto del retorno aporta 2 ciclos máquina.
                      00042 ;
                      00043 ; RETARDOS de 20 hasta 500 microsegundos ------------------------------------------------
                      00044 ;
0044                  00045 Retardo_500micros                               ; La llamada "call" aporta 2 ciclos máquina.
0044   0000           00046         nop                             ; Aporta 1 ciclo máquina.
0045   30A4           00047         movlw   d'164'                  ; Aporta 1 ciclo máquina. Este es el valor de "K".
0046   2850           00048         goto    RetardoMicros           ; Aporta 2 ciclos máquina.
0047                  00049 Retardo_200micros                               ; La llamada "call" aporta 2 ciclos máquina.
0047   0000           00050         nop                             ; Aporta 1 ciclo máquina.
MPASM 03.50 Released                         INDIRECTO_02.ASM   10-25-2003  15:57:38         PAGE  4


LOC  OBJECT CODE     LINE SOURCE TEXT
  VALUE

0048   3040           00051         movlw   d'64'                   ; Aporta 1 ciclo máquina. Este es el valor de "K".
0049   2850           00052         goto    RetardoMicros           ; Aporta 2 ciclos máquina.
004A                  00053 Retardo_100micros                               ; La llamada "call" aporta 2 ciclos máquina.
004A   301F           00054         movlw   d'31'                   ; Aporta 1 ciclo máquina. Este es el valor de "K".
004B   2850           00055         goto    RetardoMicros           ; Aporta 2 ciclos máquina.
004C                  00056 Retardo_50micros                                ; La llamada "call" aporta 2 ciclos máquina.
004C   0000           00057         nop                             ; Aporta 1 ciclo máquina.
004D   300E           00058         movlw   d'14'                   ; Aporta 1 ciclo máquina. Este es el valor de "K".
004E   2850           00059         goto    RetardoMicros           ; Aporta 2 ciclos máquina.
004F                  00060 Retardo_20micros                                ; La llamada "call" aporta 2 ciclos máquina.
004F   3005           00061         movlw   d'5'                    ; Aporta 1 ciclo máquina. Este es el valor de "K".
                      00062 ;
                      00063 ; El próximo bloque "RetardoMicros" tarda:
                      00064 ; 1 + (K-1) + 2 + (K-1)x2 + 2 = (2 + 3K) ciclos máquina.
                      00065 ;
0050                  00066 RetardoMicros
0050   008E           00067         movwf   R_ContA                 ; Aporta 1 ciclo máquina.
0051                  00068 Rmicros_Bucle
0051   0B8E           00069         decfsz  R_ContA,F               ; (K-1)x1 cm (cuando no salta) + 2 cm (al saltar).
0052   2851           00070         goto    Rmicros_Bucle           ; Aporta (K-1)x2 ciclos máquina.
0053   0008           00071         return                          ; El salto del retorno aporta 2 ciclos máquina.
                      00072 ;
                      00073 ;En total estas subrutinas tardan:
                      00074 ; - Retardo_500micros:  2 + 1 + 1 + 2 + (2 + 3K) = 500 cm = 500 µs. (para K=164 y 4 MHz).
                      00075 ; - Retardo_200micros:  2 + 1 + 1 + 2 + (2 + 3K) = 200 cm = 200 µs. (para K= 64 y 4 MHz).
                      00076 ; - Retardo_100micros:  2     + 1 + 2 + (2 + 3K) = 100 cm = 100 µs. (para K= 31 y 4 MHz).
                      00077 ; - Retardo_50micros :  2 + 1 + 1 + 2 + (2 + 3K) =  50 cm =  50 µs. (para K= 14 y 4 MHz).
                      00078 ; - Retardo_20micros :  2     + 1     + (2 + 3K) =  20 cm =  20 µs. (para K=  5 y 4 MHz).
                      00079 ;
                      00080 ; RETARDOS de 1 ms hasta 200 ms. --------------------------------------------------------
                      00081 ;
0054                  00082 Retardo_200ms                           ; La llamada "call" aporta 2 ciclos máquina.
0054   30C8           00083         movlw   d'200'                  ; Aporta 1 ciclo máquina. Este es el valor de "M".
0055   2863           00084         goto    Retardos_ms             ; Aporta 2 ciclos máquina.
0056                  00085 Retardo_100ms                           ; La llamada "call" aporta 2 ciclos máquina.
0056   3064           00086         movlw   d'100'                  ; Aporta 1 ciclo máquina. Este es el valor de "M".
0057   2863           00087         goto    Retardos_ms             ; Aporta 2 ciclos máquina.
0058                  00088 Retardo_50ms                            ; La llamada "call" aporta 2 ciclos máquina.
0058   3032           00089         movlw   d'50'                   ; Aporta 1 ciclo máquina. Este es el valor de "M".
0059   2863           00090         goto    Retardos_ms             ; Aporta 2 ciclos máquina.
005A                  00091 Retardo_20ms                            ; La llamada "call" aporta 2 ciclos máquina.
005A   3014           00092         movlw   d'20'                   ; Aporta 1 ciclo máquina. Este es el valor de "M".
005B   2863           00093         goto    Retardos_ms             ; Aporta 2 ciclos máquina.
005C                  00094 Retardo_10ms                            ; La llamada "call" aporta 2 ciclos máquina.
005C   300A           00095         movlw   d'10'                   ; Aporta 1 ciclo máquina. Este es el valor de "M".
005D   2863           00096         goto    Retardos_ms             ; Aporta 2 ciclos máquina.
005E                  00097 Retardo_5ms                             ; La llamada "call" aporta 2 ciclos máquina.
005E   3005           00098         movlw   d'5'                    ; Aporta 1 ciclo máquina. Este es el valor de "M".
005F   2863           00099         goto    Retardos_ms             ; Aporta 2 ciclos máquina.
0060                  00100 Retardo_2ms                             ; La llamada "call" aporta 2 ciclos máquina.
0060   3002           00101         movlw   d'2'                    ; Aporta 1 ciclo máquina. Este es el valor de "M".
0061   2863           00102         goto    Retardos_ms             ; Aporta 2 ciclos máquina.
0062                  00103 Retardo_1ms                             ; La llamada "call" aporta 2 ciclos máquina.
MPASM 03.50 Released                         INDIRECTO_02.ASM   10-25-2003  15:57:38         PAGE  5


LOC  OBJECT CODE     LINE SOURCE TEXT
  VALUE

0062   3001           00104         movlw   d'1'                    ; Aporta 1 ciclo máquina. Este es el valor de "M".
                      00105 ;
                      00106 ; El próximo bloque "Retardos_ms" tarda:
                      00107 ; 1 + M + M + KxM + (K-1)xM + Mx2 + (K-1)Mx2 + (M-1) + 2 + (M-1)x2 + 2 =
                      00108 ; = (2 + 4M + 4KM) ciclos máquina. Para K=249 y M=1 supone 1002 ciclos máquina
                      00109 ; que a 4 MHz son 1002 µs = 1 ms.
                      00110 ;
0063                  00111 Retardos_ms
0063   008F           00112         movwf   R_ContB                 ; Aporta 1 ciclo máquina.
0064                  00113 R1ms_BucleExterno
0064   30F9           00114         movlw   d'249'                  ; Aporta Mx1 ciclos máquina. Este es el valor de "K".
0065   008E           00115         movwf   R_ContA                 ; Aporta Mx1 ciclos máquina.
0066                  00116 R1ms_BucleInterno
0066   0000           00117         nop                             ; Aporta KxMx1 ciclos máquina.
0067   0B8E           00118         decfsz  R_ContA,F               ; (K-1)xMx1 cm (cuando no salta) + Mx2 cm (al saltar).
0068   2866           00119         goto    R1ms_BucleInterno               ; Aporta (K-1)xMx2 ciclos máquina.
0069   0B8F           00120         decfsz  R_ContB,F               ; (M-1)x1 cm (cuando no salta) + 2 cm (al saltar).
006A   2864           00121         goto    R1ms_BucleExterno       ; Aporta (M-1)x2 ciclos máquina.
006B   0008           00122         return                          ; El salto del retorno aporta 2 ciclos máquina.
                      00123 ;
                      00124 ;En total estas subrutinas tardan:
                      00125 ; - Retardo_200ms:      2 + 1 + 2 + (2 + 4M + 4KM) = 200007 cm = 200 ms. (M=200 y K=249).
                      00126 ; - Retardo_100ms:      2 + 1 + 2 + (2 + 4M + 4KM) = 100007 cm = 100 ms. (M=100 y K=249).
                      00127 ; - Retardo_50ms :      2 + 1 + 2 + (2 + 4M + 4KM) =  50007 cm =  50 ms. (M= 50 y K=249).
                      00128 ; - Retardo_20ms :      2 + 1 + 2 + (2 + 4M + 4KM) =  20007 cm =  20 ms. (M= 20 y K=249).
                      00129 ; - Retardo_10ms :      2 + 1 + 2 + (2 + 4M + 4KM) =  10007 cm =  10 ms. (M= 10 y K=249).
                      00130 ; - Retardo_5ms  :      2 + 1 + 2 + (2 + 4M + 4KM) =   5007 cm =   5 ms. (M=  5 y K=249).
                      00131 ; - Retardo_2ms  :      2 + 1 + 2 + (2 + 4M + 4KM) =   2007 cm =   2 ms. (M=  2 y K=249).
                      00132 ; - Retardo_1ms  :      2 + 1     + (2 + 4M + 4KM) =   1005 cm =   1 ms. (M=  1 y K=249).
                      00133 ;
                      00134 ; RETARDOS de 0.5 hasta 20 segundos ---------------------------------------------------
                      00135 ;
006C                  00136 Retardo_20s                             ; La llamada "call" aporta 2 ciclos máquina.
006C   30C8           00137         movlw   d'200'                  ; Aporta 1 ciclo máquina. Este es el valor de "N".
006D   2877           00138         goto    Retardo_1Decima         ; Aporta 2 ciclos máquina.
006E                  00139 Retardo_10s                             ; La llamada "call" aporta 2 ciclos máquina.
006E   3064           00140         movlw   d'100'                  ; Aporta 1 ciclo máquina. Este es el valor de "N".
006F   2877           00141         goto    Retardo_1Decima         ; Aporta 2 ciclos máquina.
0070                  00142 Retardo_5s                              ; La llamada "call" aporta 2 ciclos máquina.
0070   3032           00143         movlw   d'50'                   ; Aporta 1 ciclo máquina. Este es el valor de "N".
0071   2877           00144         goto    Retardo_1Decima         ; Aporta 2 ciclos máquina.
0072                  00145 Retardo_2s                              ; La llamada "call" aporta 2 ciclos máquina.
0072   3014           00146         movlw   d'20'                   ; Aporta 1 ciclo máquina. Este es el valor de "N".
0073   2877           00147         goto    Retardo_1Decima         ; Aporta 2 ciclos máquina.
0074                  00148 Retardo_1s                              ; La llamada "call" aporta 2 ciclos máquina.
0074   300A           00149         movlw   d'10'                   ; Aporta 1 ciclo máquina. Este es el valor de "N".
0075   2877           00150         goto    Retardo_1Decima         ; Aporta 2 ciclos máquina.
0076                  00151 Retardo_500ms                           ; La llamada "call" aporta 2 ciclos máquina.
0076   3005           00152         movlw   d'5'                    ; Aporta 1 ciclo máquina. Este es el valor de "N".
                      00153 ;
                      00154 ; El próximo bloque "Retardo_1Decima" tarda:
                      00155 ; 1 + N + N + MxN + MxN + KxMxN + (K-1)xMxN + MxNx2 + (K-1)xMxNx2 +
                      00156 ;   + (M-1)xN + Nx2 + (M-1)xNx2 + (N-1) + 2 + (N-1)x2 + 2 =
MPASM 03.50 Released                         INDIRECTO_02.ASM   10-25-2003  15:57:38         PAGE  6


LOC  OBJECT CODE     LINE SOURCE TEXT
  VALUE

                      00157 ; = (2 + 4M + 4MN + 4KM) ciclos máquina. Para K=249, M=100 y N=1 supone 100011
                      00158 ; ciclos máquina que a 4 MHz son 100011 µs = 100 ms = 0,1 s = 1 décima de segundo.
                      00159 ;
0077                  00160 Retardo_1Decima
0077   0090           00161         movwf   R_ContC                 ; Aporta 1 ciclo máquina.
0078                  00162 R1Decima_BucleExterno2
0078   3064           00163         movlw   d'100'                  ; Aporta Nx1 ciclos máquina. Este es el valor de "M".
0079   008F           00164         movwf   R_ContB                 ; Aporta Nx1 ciclos máquina.
007A                  00165 R1Decima_BucleExterno
007A   30F9           00166         movlw   d'249'                  ; Aporta MxNx1 ciclos máquina. Este es el valor de "K".
007B   008E           00167         movwf   R_ContA                 ; Aporta MxNx1 ciclos máquina.
007C                  00168 R1Decima_BucleInterno          
007C   0000           00169         nop                             ; Aporta KxMxNx1 ciclos máquina.
007D   0B8E           00170         decfsz  R_ContA,F               ; (K-1)xMxNx1 cm (si no salta) + MxNx2 cm (al saltar).
007E   287C           00171         goto    R1Decima_BucleInterno   ; Aporta (K-1)xMxNx2 ciclos máquina.
007F   0B8F           00172         decfsz  R_ContB,F               ; (M-1)xNx1 cm (cuando no salta) + Nx2 cm (al saltar).
0080   287A           00173         goto    R1Decima_BucleExterno   ; Aporta (M-1)xNx2 ciclos máquina.
0081   0B90           00174         decfsz  R_ContC,F               ; (N-1)x1 cm (cuando no salta) + 2 cm (al saltar).
0082   2878           00175         goto    R1Decima_BucleExterno2  ; Aporta (N-1)x2 ciclos máquina.
0083   0008           00176         return                          ; El salto del retorno aporta 2 ciclos máquina.
                      00177 ;
                      00178 ;En total estas subrutinas tardan:
                      00179 ; - Retardo_20s:        2 + 1 + 2 + (2 + 4N + 4MN + 4KMN) = 20000807 cm = 20 s.
                      00180 ;                       (N=200, M=100 y K=249).
                      00181 ; - Retardo_10s:        2 + 1 + 2 + (2 + 4N + 4MN + 4KMN) = 10000407 cm = 10 s.
                      00182 ;                       (N=100, M=100 y K=249).
                      00183 ; - Retardo_5s:         2 + 1 + 2 + (2 + 4N + 4MN + 4KMN) =  5000207 cm =  5 s.
                      00184 ;                       (N= 50, M=100 y K=249).
                      00185 ; - Retardo_2s:         2 + 1 + 2 + (2 + 4N + 4MN + 4KMN) =  2000087 cm =  2 s.
                      00186 ;                       (N= 20, M=100 y K=249).
                      00187 ; - Retardo_1s:         2 + 1 + 2 + (2 + 4N + 4MN + 4KMN) =  1000047 cm =  1 s.
                      00188 ;                       (N= 10, M=100 y K=249).
                      00189 ; - Retardo_500ms:      2 + 1     + (2 + 4N + 4MN + 4KMN) =   500025 cm = 0,5 s.
                      00190 ;                       (N=  5, M=100 y K=249).
                      00191 
                      00192 ;       ===================================================================
                      00193 ;         Del libro "MICROCONTROLADOR PIC16F84A. DESARROLLO DE PROYECTOS"
                      00194 ;         E. Palacios, F. Remiro y L. López.
                      00195 ;         Editorial Ra-Ma.  www.ra-ma.es
                      00196 ;       ===================================================================
                      00197 
                      00198 
                      00199 
                      00200 
                      00101         INCLUDE  <LCD_4BIT.INC>         ; memoria RAM. Por tanto la última posición habrá 
                      00001 ;**************************** Librería "LCD_4BIT.INC" ***********************************
                      00002 ;
                      00003 ;       ===================================================================
                      00004 ;         Del libro "MICROCONTROLADOR PIC16F84A. DESARROLLO DE PROYECTOS"
                      00005 ;         E. Palacios, F. Remiro y L. López.
                      00006 ;         Editorial Ra-Ma.  www.ra-ma.es
                      00007 ;       ===================================================================
                      00008 ;
MPASM 03.50 Released                         INDIRECTO_02.ASM   10-25-2003  15:57:38         PAGE  7


LOC  OBJECT CODE     LINE SOURCE TEXT
  VALUE

                      00009 ; Estas subrutinas permiten realizar las tareas básicas de control de un módulo LCD de 2
                      00010 ; líneas por 16 caracteres, compatible con el modelo LM016L.
                      00011 ;
                      00012 ; El visualizador LCD está conectado al Puerto B del PIC mediante un bus de 4 bits. Las
                      00013 ; conexiones son:
                      00014 ;    -  Las 4 líneas superiores del módulo LCD, pines <DB7:DB4>  se conectan a las 4
                      00015 ;       líneas superiores del Puerto B del PIC, pines <RB7:RB4>.
                      00016 ;    -  Pin RS del LCD a la línea RA0 del PIC.
                      00017 ;    -  Pin R/W del LCD a la línea RA1 del PIC, o a masa.
                      00018 ;    -  Pin Enable del LCD a la línea RA2 del PIC.
                      00019 ;
                      00020 ; Se utilizan llamadas a subrutinas de retardo de tiempo localizadas en la librería RETARDOS.INC.
                      00021 ;
                      00022 ; ZONA DE DATOS *********************************************************************
                      00023 
                      00024         CBLOCK
  00000011            00025         LCD_Dato
  00000012            00026         LCD_GuardaDato
  00000013            00027         LCD_GuardaTRISB
  00000014            00028         LCD_Auxiliar1
  00000015            00029         LCD_Auxiliar2
                      00030         ENDC
                      00031 
  00000010            00032 LCD_CaracteresPorLinea  EQU     .16     ; Número de caracteres por línea de la pantalla.
                      00033 
                      00034 #DEFINE  LCD_PinRS      PORTA,0
                      00035 #DEFINE  LCD_PinRW      PORTA,1
                      00036 #DEFINE  LCD_PinEnable  PORTA,2
                      00037 #DEFINE  LCD_BusDatos   PORTB
                      00038 
                      00039 ; Subrutina "LCD_Inicializa" ------------------------------------------------------------
                      00040 ;
                      00041 ; Inicialización del módulo LCD: Configura funciones del LCD, produce reset por software,
                      00042 ; borra memoria y enciende pantalla. El fabricante especifica que para garantizar la
                      00043 ; configuración inicial hay que hacerla como sigue:
                      00044 ;
0084                  00045 LCD_Inicializa
0084   1683           00046         bsf     STATUS,RP0              ; Configura las líneas conectadas al pines RS,
0085   1005           00047         bcf     LCD_PinRS               ; R/W y E.
0086   1105           00048         bcf     LCD_PinEnable
0087   1085           00049         bcf     LCD_PinRW
0088   1283           00050         bcf     STATUS,RP0
0089   1085           00051         bcf     LCD_PinRW               ; En caso de que esté conectado le indica
                      00052                                         ; que se va a escribir en el LCD.
008A   1105           00053         bcf     LCD_PinEnable           ; Impide funcionamiento del LCD poniendo E=0.
008B   1005           00054         bcf     LCD_PinRS               ; Activa el Modo Comando poniendo RS=0.
008C   205A           00055         call    Retardo_20ms
008D   3030           00056         movlw   b'00110000'     
008E   209C           00057         call    LCD_EscribeLCD          ; Escribe el dato en el LCD.
008F   205E           00058         call    Retardo_5ms     
0090   3030           00059         movlw   b'00110000'     
0091   209C           00060         call    LCD_EscribeLCD
0092   2047           00061         call    Retardo_200micros
MPASM 03.50 Released                         INDIRECTO_02.ASM   10-25-2003  15:57:38         PAGE  8


LOC  OBJECT CODE     LINE SOURCE TEXT
  VALUE

0093   3030           00062         movlw   b'00110000'     
0094   209C           00063         call    LCD_EscribeLCD
0095   3020           00064         movlw   b'00100000'             ; Interface de 4 bits.
0096   209C           00065         call    LCD_EscribeLCD
                      00066 
                      00067 ; Ahora configura el resto de los parámetros: 
                      00068 
0097   20C5           00069         call    LCD_2Lineas4Bits5x7     ; LCD de 2 líneas y caracteres de 5x7 puntos.
0098   20C3           00070         call    LCD_Borra               ; Pantalla encendida y limpia. Cursor al principio
0099   20C1           00071         call    LCD_CursorOFF           ; de la línea 1. Cursor apagado.
009A   20B3           00072         call    LCD_CursorIncr          ; Cursor en modo incrementar.
009B   0008           00073         return
                      00074 
                      00075 ; Subrutina "LCD_EscribeLCD" -----------------------------------------------------------
                      00076 ;
                      00077 ; Envía el dato del registro de trabajo W al bus de dato y produce un pequeño pulso en el pin
                      00078 ; Enable del LCD. Para no alterar el contenido de las líneas de la parte baja del Puerto B que
                      00079 ; no son utilizadas para el LCD (pines RB3:RB0), primero se lee estas líneas y después se
                      00080 ; vuelve a enviar este dato sin cambiarlo.
                      00081 
009C                  00082 LCD_EscribeLCD
009C   39F0           00083         andlw   b'11110000'             ; Se queda con el nibble alto del dato que es el
009D   0091           00084         movwf   LCD_Dato                ; que hay que enviar y lo guarda.
009E   0806           00085         movf    LCD_BusDatos,W          ; Lee la información actual de la parte baja
009F   390F           00086         andlw   b'00001111'             ; del Puerto B, que no se debe alterar.
00A0   0491           00087         iorwf   LCD_Dato,F              ; Enviará la parte alta del dato de entrada
                      00088                                         ; y en la parte baja lo que había antes.
00A1   1683           00089         bsf     STATUS,RP0              ; Acceso al Banco 1.
Message[302]: Register in operand not in bank 0.  Ensure that bank bits are correct.
00A2   0806           00090         movf    TRISB,W         ; Guarda la configuración que tenía antes TRISB.
00A3   0093           00091         movwf   LCD_GuardaTRISB
00A4   300F           00092         movlw   b'00001111'             ; Las 4 líneas inferiores del Puerto B se dejan 
00A5   0586           00093         andwf   PORTB,F                 ; como estaban y las 4 superiores como salida.
00A6   1283           00094         bcf     STATUS,RP0              ; Acceso al Banco 0.
                      00095 ;
00A7   0811           00096         movf    LCD_Dato,W              ; Recupera el dato a enviar.
00A8   0086           00097         movwf   LCD_BusDatos            ; Envía el dato al módulo LCD.
00A9   1505           00098         bsf     LCD_PinEnable           ; Permite funcionamiento del LCD mediante un pequeño
00AA   1105           00099         bcf     LCD_PinEnable           ; pulso y termina impidiendo el funcionamiento del LCD.
00AB   1C05           00100         btfss   LCD_PinRS               ; Debe garantizar una correcta escritura manteniendo 
00AC   2060           00101         call    Retardo_2ms             ; 2 ms en modo comando y 50 µs en modo cáracter.
00AD   204C           00102         call    Retardo_50micros
00AE   1683           00103         bsf     STATUS,RP0              ; Acceso al Banco 1. Restaura el antiguo valor en
00AF   0813           00104         movf    LCD_GuardaTRISB,W       ; la configuración del Puerto B.
00B0   0086           00105         movwf   PORTB                   ; Realmente es TRISB.
00B1   1283           00106         bcf     STATUS,RP0              ; Acceso al Banco 0.
00B2   0008           00107         return
                      00108 
                      00109 ; Subrutinas variadas para el control del módulo LCD -----------------------------------------
                      00110 ;
                      00111 ;Los comandos que pueden ser ejecutados son:
                      00112 ;
00B3                  00113 LCD_CursorIncr                          ; Cursor en modo incrementar.
MPASM 03.50 Released                         INDIRECTO_02.ASM   10-25-2003  15:57:38         PAGE  9


LOC  OBJECT CODE     LINE SOURCE TEXT
  VALUE

00B3   3006           00114         movlw   b'00000110'
00B4   28C6           00115         goto    LCD_EnviaComando
00B5                  00116 LCD_Linea1                              ; Cursor al principio de la Línea 1.
00B5   3080           00117         movlw   b'10000000'             ; Dirección 00h de la DDRAM
00B6   28C6           00118         goto    LCD_EnviaComando
00B7                  00119 LCD_Linea2                              ; Cursor al principio de la Línea 2.
00B7   30C0           00120         movlw   b'11000000'             ; Dirección 40h de la DDRAM
00B8   28C6           00121         goto    LCD_EnviaComando
00B9                  00122 LCD_PosicionLinea1                      ; Cursor a posición de la Línea 1, a partir de la
00B9   3880           00123         iorlw   b'10000000'             ; dirección 00h de la DDRAM más el valor del
00BA   28C6           00124         goto    LCD_EnviaComando        ; registro W.
00BB                  00125 LCD_PosicionLinea2                      ; Cursor a posición de la Línea 2, a partir de la
00BB   38C0           00126         iorlw   b'11000000'             ; dirección 40h de la DDRAM más el valor del
00BC   28C6           00127         goto    LCD_EnviaComando        ; registro W.
00BD                  00128 LCD_OFF                         ; Pantalla apagada.
00BD   3008           00129         movlw   b'00001000'
00BE   28C6           00130         goto    LCD_EnviaComando
00BF                  00131 LCD_CursorON                            ; Pantalla encendida y cursor encendido.
00BF   300E           00132         movlw   b'00001110'
00C0   28C6           00133         goto    LCD_EnviaComando
00C1                  00134 LCD_CursorOFF                           ; Pantalla encendida y cursor apagado.
00C1   300C           00135         movlw   b'00001100'
00C2   28C6           00136         goto    LCD_EnviaComando
00C3                  00137 LCD_Borra                               ; Borra toda la pantalla, memoria DDRAM y pone el 
00C3   3001           00138         movlw   b'00000001'             ; cursor a principio de la línea 1.
00C4   28C6           00139         goto    LCD_EnviaComando
00C5                  00140 LCD_2Lineas4Bits5x7                     ; Define la pantalla de 2 líneas, con caracteres
00C5   3028           00141         movlw   b'00101000'             ; de 5x7 puntos y conexión al PIC mediante bus de
                      00142 ;       goto    LCD_EnviaComando        ; 4 bits. 
                      00143 
                      00144 ; Subrutinas "LCD_EnviaComando" y "LCD_Caracter" ------------------------------------
                      00145 ;
                      00146 ; "LCD_EnviaComando". Escribe un comando en el registro del módulo LCD. La palabra de
                      00147 ; comando ha sido entregada a través del registro W.  Trabaja en Modo Comando.
                      00148 ; "LCD_Caracter". Escribe en la memoria DDRAM del LCD el carácter ASCII introducido a
                      00149 ; a través del registro W. Trabaja en Modo Dato.
                      00150 ;
00C6                  00151 LCD_EnviaComando
00C6   1005           00152         bcf     LCD_PinRS               ; Activa el Modo Comando, poniendo RS=0.
00C7   28CA           00153         goto    LCD_Envia
00C8                  00154 LCD_Caracter
00C8   1405           00155         bsf     LCD_PinRS               ; Activa el "Modo Dato", poniendo RS=1.
00C9   20CF           00156         call    LCD_CodigoCGROM ; Obtiene el código para correcta visualización.
00CA                  00157 LCD_Envia
00CA   0092           00158         movwf   LCD_GuardaDato          ; Guarda el dato a enviar.
00CB   209C           00159         call    LCD_EscribeLCD          ; Primero envía el nibble alto.
00CC   0E12           00160         swapf   LCD_GuardaDato,W        ; Ahora envía el nibble bajo. Para ello pasa el
                      00161                                         ; nibble bajo del dato a enviar a parte alta del byte.
00CD   209C           00162         call    LCD_EscribeLCD          ; Se envía al visualizador LCD.
00CE   0008           00163         return  
                      00164 
                      00165 ; Subrutina "LCD_CodigoCGROM" -----------------------------------------------------------
                      00166 ;
MPASM 03.50 Released                         INDIRECTO_02.ASM   10-25-2003  15:57:38         PAGE 10


LOC  OBJECT CODE     LINE SOURCE TEXT
  VALUE

                      00167 ; A partir del carácter ASCII número 127 los códigos de los caracteres definidos en la
                      00168 ; tabla CGROM del LM016L no coinciden con los códigos ASCII. Así por ejemplo, el código
                      00169 ; ASCII de la "Ñ" en la tabla CGRAM del LM016L es EEh.
                      00170 ;
                      00171 ; Esta subrutina convierte los códigos ASCII de la "Ñ", "º" y otros, a códigos CGROM para que
                      00172 ; que puedan ser visualizado en el módulo LM016L.
                      00173 ; 
                      00174 ; Entrada:      En (W) el código ASCII del carácter que se desea visualizar.
                      00175 ; Salida:       En (W) el código definido en la tabla CGROM.
                      00176 
00CF                  00177 LCD_CodigoCGROM
00CF   0091           00178         movwf   LCD_Dato                ; Guarda el valor del carácter y comprueba si es
00D0                  00179 LCD_EnheMinuscula                       ; un carácter especial.
00D0   3CF1           00180         sublw   'ñ'                     ; ¿Es la "ñ"?
00D1   1D03           00181         btfss   STATUS,Z
00D2   28D6           00182         goto    LCD_EnheMayuscula       ; No es "ñ".
00D3   30EE           00183         movlw   b'11101110'             ; Código CGROM de la "ñ".
00D4   0091           00184         movwf   LCD_Dato
00D5   28E3           00185         goto    LCD_FinCGROM
00D6                  00186 LCD_EnheMayuscula
00D6   0811           00187         movf    LCD_Dato,W              ; Recupera el código ASCII de entrada.
00D7   3CD1           00188         sublw   'Ñ'                     ; ¿Es la "Ñ"?
00D8   1D03           00189         btfss   STATUS,Z
00D9   28DD           00190         goto    LCD_Grado               ; No es "Ñ".
00DA   30EE           00191         movlw   b'11101110'             ; Código CGROM de la "ñ". (No hay símbolo para
00DB   0091           00192         movwf   LCD_Dato                ; la "Ñ" mayúscula en la CGROM).
00DC   28E3           00193         goto    LCD_FinCGROM    
00DD                  00194 LCD_Grado
00DD   0811           00195         movf    LCD_Dato,W              ; Recupera el código ASCII de entrada.
00DE   3CBA           00196         sublw   'º'                     ; ¿Es el símbolo "º"?
00DF   1D03           00197         btfss   STATUS,Z
00E0   28E3           00198         goto    LCD_FinCGROM            ; No es "º".
00E1   30DF           00199         movlw   b'11011111'             ; Código CGROM del símbolo "º".
00E2   0091           00200         movwf   LCD_Dato
00E3                  00201 LCD_FinCGROM
00E3   0811           00202         movf    LCD_Dato,W              ; En (W) el código buscado.
00E4   0008           00203         return
                      00204 
                      00205 ; Subrutina "LCD_DosEspaciosBlancos" y "LCD_LineaBlanco" --------------------------------
                      00206 ;
                      00207 ; Visualiza espacios en blanco.
                      00208 
00E5                  00209 LCD_LineaEnBlanco
00E5   3010           00210         movlw   LCD_CaracteresPorLinea
00E6   28EC           00211         goto    LCD_EnviaBlancos
00E7                  00212 LCD_UnEspacioBlanco
00E7   3001           00213         movlw   .1
00E8   28EC           00214         goto    LCD_EnviaBlancos
00E9                  00215 LCD_DosEspaciosBlancos
00E9   3002           00216         movlw   .2
00EA   28EC           00217         goto    LCD_EnviaBlancos
00EB                  00218 LCD_TresEspaciosBlancos
00EB   3003           00219         movlw   .3
MPASM 03.50 Released                         INDIRECTO_02.ASM   10-25-2003  15:57:38         PAGE 11


LOC  OBJECT CODE     LINE SOURCE TEXT
  VALUE

00EC                  00220 LCD_EnviaBlancos
00EC   0094           00221         movwf   LCD_Auxiliar1           ; (LCD_Auxiliar1) se utiliza como contador.
00ED                  00222 LCD_EnviaOtroBlanco     
00ED   3020           00223         movlw   ' '                     ; Esto es un espacio en blanco.
00EE   20C8           00224         call    LCD_Caracter            ; Visualiza tanto espacios en blanco como se
00EF   0B94           00225         decfsz  LCD_Auxiliar1,F         ; haya cargado en (LCD_Auxiliar1).
00F0   28ED           00226         goto    LCD_EnviaOtroBlanco
00F1   0008           00227         return
                      00228 
                      00229 ; Subrutinas "LCD_ByteCompleto" y "LCD_Byte" --------------------------------------------
                      00230 ;
                      00231 ; Subrutina "LCD_ByteCompleto", visualiza el byte que almacena el registro W en el
                      00232 ; lugar actual de la pantalla. Por ejemplo, si (W)=b'10101110' visualiza "AE".
                      00233 ;
                      00234 ; Subrutina "LCD_Byte" igual que la anterior, pero en caso de que el nibble alto sea cero 
                      00235 ; visualiza en su lugar un espacio en blanco. Por ejemplo si (W)=b'10101110' visualiza "AE"
                      00236 ; y si (W)=b'00001110', visualiza " E" (un espacio blanco delante).
                      00237 ;
                      00238 ; Utilizan la subrutina "LCD_Nibble" que se analiza más adelante.
                      00239 ;
00F2                  00240 LCD_Byte
00F2   0095           00241         movwf   LCD_Auxiliar2           ; Guarda el valor de entrada.
00F3   39F0           00242         andlw   b'11110000'             ; Analiza si el nibble alto es cero.
00F4   1D03           00243         btfss   STATUS,Z                ; Si es cero lo apaga.
00F5   28FA           00244         goto    LCD_VisualizaAlto               ; No es cero y lo visualiza.
00F6   3020           00245         movlw   ' '                     ; Visualiza un espacio en blanco.
00F7   20C8           00246         call    LCD_Caracter
00F8   28FC           00247         goto    LCD_VisualizaBajo
                      00248 
00F9                  00249 LCD_ByteCompleto
00F9   0095           00250         movwf   LCD_Auxiliar2           ; Guarda el valor de entrada.
00FA                  00251 LCD_VisualizaAlto
00FA   0E15           00252         swapf   LCD_Auxiliar2,W         ; Pone el nibble alto en la parte baja.
00FB   20FD           00253         call    LCD_Nibble              ; Lo visualiza.
00FC                  00254 LCD_VisualizaBajo
00FC   0815           00255         movf    LCD_Auxiliar2,W         ; Repite el proceso con el nibble bajo.
                      00256 ;       call    LCD_Nibble              ; Lo visualiza.
                      00257 ;       return
                      00258 
                      00259 ; Subrutina "LCD_Nibble" ----------------------------------------------------------------
                      00260 ;
                      00261 ; Visualiza en el lugar actual de la pantalla, el valor hexadecimal que almacena en el nibble
                      00262 ; bajo del registro W. El nibble alto de W no es tenido en cuenta. Ejemplos:
                      00263 ; - Si (W)=b'01010110', se visualizará "6". 
                      00264 ; - Si (W)=b'10101110', se visualizará "E". 
                      00265 ;
00FD                  00266 LCD_Nibble
00FD   390F           00267         andlw   b'00001111'             ; Se queda con la parte baja.
00FE   0094           00268         movwf   LCD_Auxiliar1           ; Lo guarda.
00FF   3C09           00269         sublw   0x09                    ; Comprueba si hay que representarlo con letra.
0100   1C03           00270         btfss   STATUS,C        
0101   2905           00271         goto    LCD_EnviaByteLetra
0102   0814           00272         movf    LCD_Auxiliar1,W
MPASM 03.50 Released                         INDIRECTO_02.ASM   10-25-2003  15:57:38         PAGE 12


LOC  OBJECT CODE     LINE SOURCE TEXT
  VALUE

0103   3E30           00273         addlw   '0'                     ; El número se pasa a carácter ASCII sumándole
0104   2907           00274         goto    LCD_FinVisualizaDigito  ; el ASCII del cero y lo visualiza.
0105                  00275 LCD_EnviaByteLetra
0105   0814           00276         movf    LCD_Auxiliar1,W
0106   3E37           00277         addlw   'A'-0x0A                        ; Sí, por tanto, se le suma el ASCII de la 'A'.
0107                  00278 LCD_FinVisualizaDigito
0107   28C8           00279         goto    LCD_Caracter            ; Y visualiza el carácter. Se hace con un "goto"
                      00280                                         ; para no sobrecargar la pila.
                      00281                                         
                      00282 ;       ===================================================================
                      00283 ;         Del libro "MICROCONTROLADOR PIC16F84A. DESARROLLO DE PROYECTOS"
                      00284 ;         E. Palacios, F. Remiro y L. López.
                      00285 ;         Editorial Ra-Ma.  www.ra-ma.es
                      00286 ;       ===================================================================
                      00102         INCLUDE  <LCD_MENS.INC>         ; que definirla después de éstos.
                      00001 ;**************************** Librería "LCD_MENS.INC" ********************************
                      00002 ;
                      00003 ;       ===================================================================
                      00004 ;         Del libro "MICROCONTROLADOR PIC16F84A. DESARROLLO DE PROYECTOS"
                      00005 ;         E. Palacios, F. Remiro y L. López.
                      00006 ;         Editorial Ra-Ma.  www.ra-ma.es
                      00007 ;       ===================================================================
                      00008 ;
                      00009 ; Librería de subrutinas para el manejo de mensajes a visualizar en un visualizador LCD.
                      00010 
                      00011         CBLOCK
  00000016            00012         LCD_ApuntaCaracter              ; Indica la posición del carácter a visualizar
                      00013                                         ; respecto del comienzo de todos los mensajes,
                      00014                                         ; (posición de la etiqueta "Mensajes").
  00000017            00015         LCD_ValorCaracter                       ; Código ASCII del carácter a 
                      00016         ENDC                            ; visualizar.
                      00017 
                      00018 ; Los mensajes tienen que estar situados dentro de las 256 primeras posiciones de la 
                      00019 ; memoria de programa, es decir, no pueden superar la dirección 0FFh.
                      00020 
                      00021 ; Subrutina "LCD_Mensaje" ---------------------------------------------------------------
                      00022 ;
                      00023 ; Visualiza por pantalla el mensaje apuntado por el registro W.
                      00024 ;
                      00025 ; Los mensajes deben localizarse dentro de una zona encabezada por la etiqueta "Mensajes" y que
                      00026 ; tenga la siguiente estructura:
                      00027 ;
                      00028 ; Mensajes                              ; ¡Etiqueta obligatoria!
                      00029 ;       addwf   PCL,F
                      00030 ; Mensaje0                              ; Posición inicial del mensaje.
                      00031 ;       DT ".. ..", 0x00                        ; Mensaje terminado en 0x00.
                      00032 ; Mensaje1
                      00033 ;       ...     
                      00034 ;       ...
                      00035 ; FinMensajes
                      00036 ;
                      00037 ; La llamada a esta subrutina se realizará siguiendo este ejemplo:
                      00038 ;
MPASM 03.50 Released                         INDIRECTO_02.ASM   10-25-2003  15:57:38         PAGE 13


LOC  OBJECT CODE     LINE SOURCE TEXT
  VALUE

                      00039 ;       movlw   Mensaje0                        ; Carga la posición del mensaje.
                      00040 ;       call    LCD_Mensaje             ; Visualiza el mensaje.
                      00041 ;
0108                  00042 LCD_Mensaje
0108   0096           00043         movwf   LCD_ApuntaCaracter      ; Posición del primer carácter del mensaje.
0109   3024           00044         movlw   Mensajes                        ; Halla la posición relativa del primer carácter
010A   0296           00045         subwf   LCD_ApuntaCaracter,F    ; del mensaje respecto de etiqueta "Mensajes".
010B   0396           00046         decf    LCD_ApuntaCaracter,F    ; Compensa la posición que ocupa "addwf PCL,F".
010C                  00047 LCD_VisualizaOtroCaracter
010C   0816           00048         movf    LCD_ApuntaCaracter,W
010D   2024           00049         call    Mensajes                        ; Obtiene el código ASCII del carácter apuntado.
010E   0097           00050         movwf   LCD_ValorCaracter               ; Guarda el valor de carácter.
010F   0897           00051         movf    LCD_ValorCaracter,F     ; Lo único que hace es posicionar flag Z. En caso
0110   1903           00052         btfsc   STATUS,Z                ; que sea "0x00", que es código indicador final 
0111   2915           00053         goto    LCD_FinMensaje          ; de mensaje, sale fuera.
0112                  00054 LCD_NoUltimoCaracter
0112   20C8           00055         call    LCD_Caracter            ; Visualiza el carácter ASCII leído.
0113   0A96           00056         incf    LCD_ApuntaCaracter,F    ; Apunta a la posición del siguiente carácter 
0114   290C           00057         goto    LCD_VisualizaOtroCaracter       ; dentro del mensaje.
0115                  00058 LCD_FinMensaje
0115   0008           00059         return                          ; Vuelve al programa principal.
                      00060 
                      00061 ; Subrutina "LCD_MensajeMovimiento" -----------------------------------------------------
                      00062 ;
                      00063 ; Visualiza un mensaje de mayor longitud que los 16 caracteres que pueden representarse
                      00064 ; en una línea, por tanto se desplaza a través de la pantalla.
                      00065 ;
                      00066 ; En el mensaje debe dejarse 16 espacios en blanco, al principio y al final para
                      00067 ; conseguir que el desplazamiento del mensaje sea lo más legible posible.
                      00068 ;
                      00069         CBLOCK  
  00000018            00070         LCD_CursorPosicion              ; Contabiliza la posición del cursor dentro de la
                      00071         ENDC                            ; pantalla LCD
                      00072 
0116                  00073 LCD_MensajeMovimiento
0116   0096           00074         movwf   LCD_ApuntaCaracter      ; Posición del primer carácter del mensaje.
0117   3024           00075         movlw   Mensajes                        ; Halla la posición relativa del primer carácter
0118   0296           00076         subwf   LCD_ApuntaCaracter,F    ; del mensaje respecto de la etiqueta "Mensajes".
0119   0396           00077         decf    LCD_ApuntaCaracter,F    ; Compensa la posición que ocupa "addwf PCL,F".
011A                  00078 LCD_PrimeraPosicion
011A   0198           00079         clrf    LCD_CursorPosicion      ; El cursor en la posición 0 de la línea.
011B   20C3           00080         call    LCD_Borra               ; Se sitúa en la primera posición de la línea 1 y
011C                  00081 LCD_VisualizaCaracter                   ; borra la pantalla.
011C   3010           00082         movlw   LCD_CaracteresPorLinea  ; ¿Ha llegado a final de línea?
011D   0218           00083         subwf   LCD_CursorPosicion,W
011E   1D03           00084         btfss   STATUS,Z
011F   2925           00085         goto    LCD_NoEsFinalLinea
0120                  00086 LCD_EsFinalLinea
0120   2054           00087         call    Retardo_200ms           ; Lo mantiene visualizado durante este tiempo.
0121   2054           00088         call    Retardo_200ms
0122   300F           00089         movlw   LCD_CaracteresPorLinea-1; Apunta a la posición del segundo carácter visualizado
0123   0296           00090         subwf   LCD_ApuntaCaracter,F    ; en pantalla, que será el primero en la siguiente
0124   291A           00091         goto    LCD_PrimeraPosicion      ; visualización de línea, para producir el efecto
MPASM 03.50 Released                         INDIRECTO_02.ASM   10-25-2003  15:57:38         PAGE 14


LOC  OBJECT CODE     LINE SOURCE TEXT
  VALUE

0125                  00092 LCD_NoEsFinalLinea                      ; de desplazamiento hacia la izquierda.
0125   0816           00093         movf    LCD_ApuntaCaracter,W
0126   2024           00094         call    Mensajes                        ; Obtiene el ASCII del carácter apuntado.
0127   0097           00095         movwf   LCD_ValorCaracter               ; Guarda el valor de carácter.
0128   0897           00096         movf    LCD_ValorCaracter,F     ; Lo único que hace es posicionar flag Z. En caso
0129   1903           00097         btfsc   STATUS,Z                ; que sea "0x00", que es código indicador final 
012A   292F           00098         goto    LCD_FinMovimiento       ; de mensaje, sale fuera.
012B                  00099 LCD_NoUltimoCaracter2
012B   20C8           00100         call    LCD_Caracter            ; Visualiza el carácter ASCII leído.
012C   0A98           00101         incf    LCD_CursorPosicion,F    ; Contabiliza el incremento de posición del 
                      00102                                         ; cursor en la pantalla.
012D   0A96           00103         incf    LCD_ApuntaCaracter,F    ; Apunta a la siguiente posición por visualizar.
012E   291C           00104         goto    LCD_VisualizaCaracter   ; Vuelve a visualizar el siguiente carácter
012F                  00105 LCD_FinMovimiento                       ; de la línea.
012F   0008           00106         return                          ; Vuelve al programa principal.
                      00107         
                      00108 ;       ===================================================================
                      00109 ;         Del libro "MICROCONTROLADOR PIC16F84A. DESARROLLO DE PROYECTOS"
                      00110 ;         E. Palacios, F. Remiro y L. López.
                      00111 ;         Editorial Ra-Ma.  www.ra-ma.es
                      00112 ;       ===================================================================     
                      00113         
                      00103 
                      00104         CBLOCK
  00000019            00105         RAM_PrimeraLibre                ; Ultima posición de RAM ocupada por una variable.
                      00106         ENDC
                      00107 
                      00108         END
MPASM 03.50 Released                         INDIRECTO_02.ASM   10-25-2003  15:57:38         PAGE 15


SYMBOL TABLE
  LABEL                             VALUE 

C                                 00000000
DC                                00000001
EEADR                             00000009
EECON1                            00000088
EECON2                            00000089
EEDATA                            00000008
EEIE                              00000006
EEIF                              00000004
F                                 00000001
FSR                               00000004
GIE                               00000007
INDF                              00000000
INTCON                            0000000B
INTE                              00000004
INTEDG                            00000006
INTF                              00000001
IRP                               00000007
Inicio                            00000000
LCD_2Lineas4Bits5x7               000000C5
LCD_ApuntaCaracter                00000016
LCD_Auxiliar1                     00000014
LCD_Auxiliar2                     00000015
LCD_Borra                         000000C3
LCD_BusDatos                      PORTB
LCD_Byte                          000000F2
LCD_ByteCompleto                  000000F9
LCD_Caracter                      000000C8
LCD_CaracteresPorLinea            00000010
LCD_CodigoCGROM                   000000CF
LCD_CursorIncr                    000000B3
LCD_CursorOFF                     000000C1
LCD_CursorON                      000000BF
LCD_CursorPosicion                00000018
LCD_Dato                          00000011
LCD_DosEspaciosBlancos            000000E9
LCD_EnheMayuscula                 000000D6
LCD_EnheMinuscula                 000000D0
LCD_Envia                         000000CA
LCD_EnviaBlancos                  000000EC
LCD_EnviaByteLetra                00000105
LCD_EnviaComando                  000000C6
LCD_EnviaOtroBlanco               000000ED
LCD_EsFinalLinea                  00000120
LCD_EscribeLCD                    0000009C
LCD_FinCGROM                      000000E3
LCD_FinMensaje                    00000115
LCD_FinMovimiento                 0000012F
LCD_FinVisualizaDigito            00000107
LCD_Grado                         000000DD
LCD_GuardaDato                    00000012
LCD_GuardaTRISB                   00000013
LCD_Inicializa                    00000084
LCD_Linea1                        000000B5
MPASM 03.50 Released                         INDIRECTO_02.ASM   10-25-2003  15:57:38         PAGE 16


SYMBOL TABLE
  LABEL                             VALUE 

LCD_Linea2                        000000B7
LCD_LineaEnBlanco                 000000E5
LCD_Mensaje                       00000108
LCD_MensajeMovimiento             00000116
LCD_Nibble                        000000FD
LCD_NoEsFinalLinea                00000125
LCD_NoUltimoCaracter              00000112
LCD_NoUltimoCaracter2             0000012B
LCD_OFF                           000000BD
LCD_PinEnable                     PORTA,2
LCD_PinRS                         PORTA,0
LCD_PinRW                         PORTA,1
LCD_PosicionLinea1                000000B9
LCD_PosicionLinea2                000000BB
LCD_PrimeraPosicion               0000011A
LCD_TresEspaciosBlancos           000000EB
LCD_UnEspacioBlanco               000000E7
LCD_ValorCaracter                 00000017
LCD_VisualizaAlto                 000000FA
LCD_VisualizaBajo                 000000FC
LCD_VisualizaCaracter             0000011C
LCD_VisualizaOtroCaracter         0000010C
MensajeContenido                  00000031
MensajeDireccion                  00000025
Mensajes                          00000024
NOT_PD                            00000003
NOT_RBPU                          00000007
NOT_TO                            00000004
OPTION_REG                        00000081
PCL                               00000002
PCLATH                            0000000A
PORTA                             00000005
PORTB                             00000006
PS0                               00000000
PS1                               00000001
PS2                               00000002
PSA                               00000003
Principal                         0000000D
R1Decima_BucleExterno             0000007A
R1Decima_BucleExterno2            00000078
R1Decima_BucleInterno             0000007C
R1ms_BucleExterno                 00000064
R1ms_BucleInterno                 00000066
RAM_Contador                      0000000D
RAM_Dato                          0000000C
RAM_Escribe                       00000007
RAM_Lee                           00000011
RAM_PrimeraLibre                  00000019
RAM_UltimaDireccion               0000004F
RBIE                              00000003
RBIF                              00000000
RD                                00000000
RP0                               00000005
MPASM 03.50 Released                         INDIRECTO_02.ASM   10-25-2003  15:57:38         PAGE 17


SYMBOL TABLE
  LABEL                             VALUE 

RP1                               00000006
R_ContA                           0000000E
R_ContB                           0000000F
R_ContC                           00000010
RetardoMicros                     00000050
Retardo_100micros                 0000004A
Retardo_100ms                     00000056
Retardo_10micros                  0000003D
Retardo_10ms                      0000005C
Retardo_10s                       0000006E
Retardo_1Decima                   00000077
Retardo_1ms                       00000062
Retardo_1s                        00000074
Retardo_200micros                 00000047
Retardo_200ms                     00000054
Retardo_20micros                  0000004F
Retardo_20ms                      0000005A
Retardo_20s                       0000006C
Retardo_2ms                       00000060
Retardo_2s                        00000072
Retardo_4micros                   00000043
Retardo_500micros                 00000044
Retardo_500ms                     00000076
Retardo_50micros                  0000004C
Retardo_50ms                      00000058
Retardo_5micros                   00000042
Retardo_5ms                       0000005E
Retardo_5s                        00000070
Retardos_ms                       00000063
Rmicros_Bucle                     00000051
STATUS                            00000003
T0CS                              00000005
T0IE                              00000005
T0IF                              00000002
T0SE                              00000004
TMR0                              00000001
TRISA                             00000085
TRISB                             00000086
VisualizaRAM                      00000018
W                                 00000000
WR                                00000001
WREN                              00000002
WRERR                             00000003
Z                                 00000002
_CP_OFF                           00003FFF
_CP_ON                            0000000F
_HS_OSC                           00003FFE
_LP_OSC                           00003FFC
_PWRTE_OFF                        00003FFF
_PWRTE_ON                         00003FF7
_RC_OSC                           00003FFF
_WDT_OFF                          00003FFB
_WDT_ON                           00003FFF
MPASM 03.50 Released                         INDIRECTO_02.ASM   10-25-2003  15:57:38         PAGE 18


SYMBOL TABLE
  LABEL                             VALUE 

_XT_OSC                           00003FFD
__16F84A                          00000001


MEMORY USAGE MAP ('X' = Used,  '-' = Unused)

0000 : XXXXXXXXXXXXXXXX XXXXXXXXXXXXXXXX XXXXXXXXXXXXXXXX XXXXXXXXXXXXXXXX
0040 : XXXXXXXXXXXXXXXX XXXXXXXXXXXXXXXX XXXXXXXXXXXXXXXX XXXXXXXXXXXXXXXX
0080 : XXXXXXXXXXXXXXXX XXXXXXXXXXXXXXXX XXXXXXXXXXXXXXXX XXXXXXXXXXXXXXXX
00C0 : XXXXXXXXXXXXXXXX XXXXXXXXXXXXXXXX XXXXXXXXXXXXXXXX XXXXXXXXXXXXXXXX
0100 : XXXXXXXXXXXXXXXX XXXXXXXXXXXXXXXX XXXXXXXXXXXXXXXX ----------------
2000 : -------X-------- ---------------- ---------------- ----------------

All other memory blocks unused.

Program Memory Words Used:   304
Program Memory Words Free:   720


Errors   :     0
Warnings :     0 reported,     0 suppressed
Messages :     1 reported,     0 suppressed

