MPLINK 4.49, Linker
Linker Map File - Created Sun Jun 04 19:17:47 2023

                                 Section Info
                  Section       Type    Address   Location Size(Bytes)
                ---------  ---------  ---------  ---------  ---------
                   .org_0       code   0x000000    program   0x000000
                   .org_1       code   0x000000    program   0x0001e2
    .config_2007_LCD_04.O       code   0x002007    program   0x000002



                              Program Memory Usage 
                               Start         End      
                           ---------   ---------      
                            0x000000    0x0000f0      
                            0x002007    0x002007      
            242 out of 1094 program addresses used, program memory utilization is 22%



                              Symbols - Sorted by Name
                     Name    Address   Location    Storage File                     
                ---------  ---------  ---------  --------- ---------                
   BCD_IncrementaCentenas   0x000064    program     static E:\00.-MPLAB\00.-PIC16F84A\LCD_04\BIN_BCD.INC
    BCD_IncrementaDecenas   0x00005e    program     static E:\00.-MPLAB\00.-PIC16F84A\LCD_04\BIN_BCD.INC
              BCD_Resta10   0x00005a    program     static E:\00.-MPLAB\00.-PIC16F84A\LCD_04\BIN_BCD.INC
              BIN_BCD_Fin   0x000067    program     static E:\00.-MPLAB\00.-PIC16F84A\LCD_04\BIN_BCD.INC
                BIN_a_BCD   0x000057    program     static E:\00.-MPLAB\00.-PIC16F84A\LCD_04\BIN_BCD.INC
                   Inicio   0x000000    program     static E:\00.-MPLAB\00.-PIC16F84A\LCD_04\LCD_04.asm
      LCD_2Lineas4Bits5x7   0x0000ab    program     static E:\00.-MPLAB\00.-PIC16F84A\LCD_04\LCD_4BIT.INC
                LCD_Borra   0x0000a9    program     static E:\00.-MPLAB\00.-PIC16F84A\LCD_04\LCD_4BIT.INC
                 LCD_Byte   0x0000db    program     static E:\00.-MPLAB\00.-PIC16F84A\LCD_04\LCD_4BIT.INC
         LCD_ByteCompleto   0x0000e2    program     static E:\00.-MPLAB\00.-PIC16F84A\LCD_04\LCD_4BIT.INC
             LCD_Caracter   0x0000ae    program     static E:\00.-MPLAB\00.-PIC16F84A\LCD_04\LCD_4BIT.INC
          LCD_CodigoCGROM   0x0000b8    program     static E:\00.-MPLAB\00.-PIC16F84A\LCD_04\LCD_4BIT.INC
           LCD_CursorIncr   0x000099    program     static E:\00.-MPLAB\00.-PIC16F84A\LCD_04\LCD_4BIT.INC
            LCD_CursorOFF   0x0000a7    program     static E:\00.-MPLAB\00.-PIC16F84A\LCD_04\LCD_4BIT.INC
             LCD_CursorON   0x0000a5    program     static E:\00.-MPLAB\00.-PIC16F84A\LCD_04\LCD_4BIT.INC
   LCD_DosEspaciosBlancos   0x0000d2    program     static E:\00.-MPLAB\00.-PIC16F84A\LCD_04\LCD_4BIT.INC
        LCD_EnheMayuscula   0x0000bf    program     static E:\00.-MPLAB\00.-PIC16F84A\LCD_04\LCD_4BIT.INC
        LCD_EnheMinuscula   0x0000b9    program     static E:\00.-MPLAB\00.-PIC16F84A\LCD_04\LCD_4BIT.INC
                LCD_Envia   0x0000b0    program     static E:\00.-MPLAB\00.-PIC16F84A\LCD_04\LCD_4BIT.INC
         LCD_EnviaBlancos   0x0000d5    program     static E:\00.-MPLAB\00.-PIC16F84A\LCD_04\LCD_4BIT.INC
       LCD_EnviaByteLetra   0x0000ee    program     static E:\00.-MPLAB\00.-PIC16F84A\LCD_04\LCD_4BIT.INC
         LCD_EnviaComando   0x0000ac    program     static E:\00.-MPLAB\00.-PIC16F84A\LCD_04\LCD_4BIT.INC
      LCD_EnviaOtroBlanco   0x0000d6    program     static E:\00.-MPLAB\00.-PIC16F84A\LCD_04\LCD_4BIT.INC
           LCD_EscribeLCD   0x000082    program     static E:\00.-MPLAB\00.-PIC16F84A\LCD_04\LCD_4BIT.INC
             LCD_FinCGROM   0x0000cc    program     static E:\00.-MPLAB\00.-PIC16F84A\LCD_04\LCD_4BIT.INC
   LCD_FinVisualizaDigito   0x0000f0    program     static E:\00.-MPLAB\00.-PIC16F84A\LCD_04\LCD_4BIT.INC
                LCD_Grado   0x0000c6    program     static E:\00.-MPLAB\00.-PIC16F84A\LCD_04\LCD_4BIT.INC
           LCD_Inicializa   0x00006a    program     static E:\00.-MPLAB\00.-PIC16F84A\LCD_04\LCD_4BIT.INC
               LCD_Linea1   0x00009b    program     static E:\00.-MPLAB\00.-PIC16F84A\LCD_04\LCD_4BIT.INC
               LCD_Linea2   0x00009d    program     static E:\00.-MPLAB\00.-PIC16F84A\LCD_04\LCD_4BIT.INC
        LCD_LineaEnBlanco   0x0000ce    program     static E:\00.-MPLAB\00.-PIC16F84A\LCD_04\LCD_4BIT.INC
               LCD_Nibble   0x0000e6    program     static E:\00.-MPLAB\00.-PIC16F84A\LCD_04\LCD_4BIT.INC
                  LCD_OFF   0x0000a3    program     static E:\00.-MPLAB\00.-PIC16F84A\LCD_04\LCD_4BIT.INC
       LCD_PosicionLinea1   0x00009f    program     static E:\00.-MPLAB\00.-PIC16F84A\LCD_04\LCD_4BIT.INC
       LCD_PosicionLinea2   0x0000a1    program     static E:\00.-MPLAB\00.-PIC16F84A\LCD_04\LCD_4BIT.INC
  LCD_TresEspaciosBlancos   0x0000d4    program     static E:\00.-MPLAB\00.-PIC16F84A\LCD_04\LCD_4BIT.INC
      LCD_UnEspacioBlanco   0x0000d0    program     static E:\00.-MPLAB\00.-PIC16F84A\LCD_04\LCD_4BIT.INC
        LCD_VisualizaAlto   0x0000e3    program     static E:\00.-MPLAB\00.-PIC16F84A\LCD_04\LCD_4BIT.INC
        LCD_VisualizaBajo   0x0000e5    program     static E:\00.-MPLAB\00.-PIC16F84A\LCD_04\LCD_4BIT.INC
                Principal   0x000001    program     static E:\00.-MPLAB\00.-PIC16F84A\LCD_04\LCD_04.asm
    R1Decima_BucleExterno   0x00004d    program     static E:\00.-MPLAB\00.-PIC16F84A\LCD_04\RETARDOS.INC
   R1Decima_BucleExterno2   0x00004b    program     static E:\00.-MPLAB\00.-PIC16F84A\LCD_04\RETARDOS.INC
    R1Decima_BucleInterno   0x00004f    program     static E:\00.-MPLAB\00.-PIC16F84A\LCD_04\RETARDOS.INC
        R1ms_BucleExterno   0x000037    program     static E:\00.-MPLAB\00.-PIC16F84A\LCD_04\RETARDOS.INC
        R1ms_BucleInterno   0x000039    program     static E:\00.-MPLAB\00.-PIC16F84A\LCD_04\RETARDOS.INC
            RetardoMicros   0x000023    program     static E:\00.-MPLAB\00.-PIC16F84A\LCD_04\RETARDOS.INC
        Retardo_100micros   0x00001d    program     static E:\00.-MPLAB\00.-PIC16F84A\LCD_04\RETARDOS.INC
            Retardo_100ms   0x000029    program     static E:\00.-MPLAB\00.-PIC16F84A\LCD_04\RETARDOS.INC
         Retardo_10micros   0x000010    program     static E:\00.-MPLAB\00.-PIC16F84A\LCD_04\RETARDOS.INC
             Retardo_10ms   0x00002f    program     static E:\00.-MPLAB\00.-PIC16F84A\LCD_04\RETARDOS.INC
              Retardo_10s   0x000041    program     static E:\00.-MPLAB\00.-PIC16F84A\LCD_04\RETARDOS.INC
          Retardo_1Decima   0x00004a    program     static E:\00.-MPLAB\00.-PIC16F84A\LCD_04\RETARDOS.INC
              Retardo_1ms   0x000035    program     static E:\00.-MPLAB\00.-PIC16F84A\LCD_04\RETARDOS.INC
               Retardo_1s   0x000047    program     static E:\00.-MPLAB\00.-PIC16F84A\LCD_04\RETARDOS.INC
        Retardo_200micros   0x00001a    program     static E:\00.-MPLAB\00.-PIC16F84A\LCD_04\RETARDOS.INC
            Retardo_200ms   0x000027    program     static E:\00.-MPLAB\00.-PIC16F84A\LCD_04\RETARDOS.INC
         Retardo_20micros   0x000022    program     static E:\00.-MPLAB\00.-PIC16F84A\LCD_04\RETARDOS.INC
             Retardo_20ms   0x00002d    program     static E:\00.-MPLAB\00.-PIC16F84A\LCD_04\RETARDOS.INC
              Retardo_20s   0x00003f    program     static E:\00.-MPLAB\00.-PIC16F84A\LCD_04\RETARDOS.INC
              Retardo_2ms   0x000033    program     static E:\00.-MPLAB\00.-PIC16F84A\LCD_04\RETARDOS.INC
               Retardo_2s   0x000045    program     static E:\00.-MPLAB\00.-PIC16F84A\LCD_04\RETARDOS.INC
          Retardo_4micros   0x000016    program     static E:\00.-MPLAB\00.-PIC16F84A\LCD_04\RETARDOS.INC
        Retardo_500micros   0x000017    program     static E:\00.-MPLAB\00.-PIC16F84A\LCD_04\RETARDOS.INC
            Retardo_500ms   0x000049    program     static E:\00.-MPLAB\00.-PIC16F84A\LCD_04\RETARDOS.INC
         Retardo_50micros   0x00001f    program     static E:\00.-MPLAB\00.-PIC16F84A\LCD_04\RETARDOS.INC
             Retardo_50ms   0x00002b    program     static E:\00.-MPLAB\00.-PIC16F84A\LCD_04\RETARDOS.INC
          Retardo_5micros   0x000015    program     static E:\00.-MPLAB\00.-PIC16F84A\LCD_04\RETARDOS.INC
              Retardo_5ms   0x000031    program     static E:\00.-MPLAB\00.-PIC16F84A\LCD_04\RETARDOS.INC
               Retardo_5s   0x000043    program     static E:\00.-MPLAB\00.-PIC16F84A\LCD_04\RETARDOS.INC
              Retardos_ms   0x000036    program     static E:\00.-MPLAB\00.-PIC16F84A\LCD_04\RETARDOS.INC
            Rmicros_Bucle   0x000024    program     static E:\00.-MPLAB\00.-PIC16F84A\LCD_04\RETARDOS.INC
                Visualiza   0x000003    program     static E:\00.-MPLAB\00.-PIC16F84A\LCD_04\LCD_04.asm
        VisualizaContador   0x00000a    program     static E:\00.-MPLAB\00.-PIC16F84A\LCD_04\LCD_04.asm



                              Symbols - Sorted by Address
                     Name    Address   Location    Storage File                     
                ---------  ---------  ---------  --------- ---------                
                   Inicio   0x000000    program     static E:\00.-MPLAB\00.-PIC16F84A\LCD_04\LCD_04.asm
                Principal   0x000001    program     static E:\00.-MPLAB\00.-PIC16F84A\LCD_04\LCD_04.asm
                Visualiza   0x000003    program     static E:\00.-MPLAB\00.-PIC16F84A\LCD_04\LCD_04.asm
        VisualizaContador   0x00000a    program     static E:\00.-MPLAB\00.-PIC16F84A\LCD_04\LCD_04.asm
         Retardo_10micros   0x000010    program     static E:\00.-MPLAB\00.-PIC16F84A\LCD_04\RETARDOS.INC
          Retardo_5micros   0x000015    program     static E:\00.-MPLAB\00.-PIC16F84A\LCD_04\RETARDOS.INC
          Retardo_4micros   0x000016    program     static E:\00.-MPLAB\00.-PIC16F84A\LCD_04\RETARDOS.INC
        Retardo_500micros   0x000017    program     static E:\00.-MPLAB\00.-PIC16F84A\LCD_04\RETARDOS.INC
        Retardo_200micros   0x00001a    program     static E:\00.-MPLAB\00.-PIC16F84A\LCD_04\RETARDOS.INC
        Retardo_100micros   0x00001d    program     static E:\00.-MPLAB\00.-PIC16F84A\LCD_04\RETARDOS.INC
         Retardo_50micros   0x00001f    program     static E:\00.-MPLAB\00.-PIC16F84A\LCD_04\RETARDOS.INC
         Retardo_20micros   0x000022    program     static E:\00.-MPLAB\00.-PIC16F84A\LCD_04\RETARDOS.INC
            RetardoMicros   0x000023    program     static E:\00.-MPLAB\00.-PIC16F84A\LCD_04\RETARDOS.INC
            Rmicros_Bucle   0x000024    program     static E:\00.-MPLAB\00.-PIC16F84A\LCD_04\RETARDOS.INC
            Retardo_200ms   0x000027    program     static E:\00.-MPLAB\00.-PIC16F84A\LCD_04\RETARDOS.INC
            Retardo_100ms   0x000029    program     static E:\00.-MPLAB\00.-PIC16F84A\LCD_04\RETARDOS.INC
             Retardo_50ms   0x00002b    program     static E:\00.-MPLAB\00.-PIC16F84A\LCD_04\RETARDOS.INC
             Retardo_20ms   0x00002d    program     static E:\00.-MPLAB\00.-PIC16F84A\LCD_04\RETARDOS.INC
             Retardo_10ms   0x00002f    program     static E:\00.-MPLAB\00.-PIC16F84A\LCD_04\RETARDOS.INC
              Retardo_5ms   0x000031    program     static E:\00.-MPLAB\00.-PIC16F84A\LCD_04\RETARDOS.INC
              Retardo_2ms   0x000033    program     static E:\00.-MPLAB\00.-PIC16F84A\LCD_04\RETARDOS.INC
              Retardo_1ms   0x000035    program     static E:\00.-MPLAB\00.-PIC16F84A\LCD_04\RETARDOS.INC
              Retardos_ms   0x000036    program     static E:\00.-MPLAB\00.-PIC16F84A\LCD_04\RETARDOS.INC
        R1ms_BucleExterno   0x000037    program     static E:\00.-MPLAB\00.-PIC16F84A\LCD_04\RETARDOS.INC
        R1ms_BucleInterno   0x000039    program     static E:\00.-MPLAB\00.-PIC16F84A\LCD_04\RETARDOS.INC
              Retardo_20s   0x00003f    program     static E:\00.-MPLAB\00.-PIC16F84A\LCD_04\RETARDOS.INC
              Retardo_10s   0x000041    program     static E:\00.-MPLAB\00.-PIC16F84A\LCD_04\RETARDOS.INC
               Retardo_5s   0x000043    program     static E:\00.-MPLAB\00.-PIC16F84A\LCD_04\RETARDOS.INC
               Retardo_2s   0x000045    program     static E:\00.-MPLAB\00.-PIC16F84A\LCD_04\RETARDOS.INC
               Retardo_1s   0x000047    program     static E:\00.-MPLAB\00.-PIC16F84A\LCD_04\RETARDOS.INC
            Retardo_500ms   0x000049    program     static E:\00.-MPLAB\00.-PIC16F84A\LCD_04\RETARDOS.INC
          Retardo_1Decima   0x00004a    program     static E:\00.-MPLAB\00.-PIC16F84A\LCD_04\RETARDOS.INC
   R1Decima_BucleExterno2   0x00004b    program     static E:\00.-MPLAB\00.-PIC16F84A\LCD_04\RETARDOS.INC
    R1Decima_BucleExterno   0x00004d    program     static E:\00.-MPLAB\00.-PIC16F84A\LCD_04\RETARDOS.INC
    R1Decima_BucleInterno   0x00004f    program     static E:\00.-MPLAB\00.-PIC16F84A\LCD_04\RETARDOS.INC
                BIN_a_BCD   0x000057    program     static E:\00.-MPLAB\00.-PIC16F84A\LCD_04\BIN_BCD.INC
              BCD_Resta10   0x00005a    program     static E:\00.-MPLAB\00.-PIC16F84A\LCD_04\BIN_BCD.INC
    BCD_IncrementaDecenas   0x00005e    program     static E:\00.-MPLAB\00.-PIC16F84A\LCD_04\BIN_BCD.INC
   BCD_IncrementaCentenas   0x000064    program     static E:\00.-MPLAB\00.-PIC16F84A\LCD_04\BIN_BCD.INC
              BIN_BCD_Fin   0x000067    program     static E:\00.-MPLAB\00.-PIC16F84A\LCD_04\BIN_BCD.INC
           LCD_Inicializa   0x00006a    program     static E:\00.-MPLAB\00.-PIC16F84A\LCD_04\LCD_4BIT.INC
           LCD_EscribeLCD   0x000082    program     static E:\00.-MPLAB\00.-PIC16F84A\LCD_04\LCD_4BIT.INC
           LCD_CursorIncr   0x000099    program     static E:\00.-MPLAB\00.-PIC16F84A\LCD_04\LCD_4BIT.INC
               LCD_Linea1   0x00009b    program     static E:\00.-MPLAB\00.-PIC16F84A\LCD_04\LCD_4BIT.INC
               LCD_Linea2   0x00009d    program     static E:\00.-MPLAB\00.-PIC16F84A\LCD_04\LCD_4BIT.INC
       LCD_PosicionLinea1   0x00009f    program     static E:\00.-MPLAB\00.-PIC16F84A\LCD_04\LCD_4BIT.INC
       LCD_PosicionLinea2   0x0000a1    program     static E:\00.-MPLAB\00.-PIC16F84A\LCD_04\LCD_4BIT.INC
                  LCD_OFF   0x0000a3    program     static E:\00.-MPLAB\00.-PIC16F84A\LCD_04\LCD_4BIT.INC
             LCD_CursorON   0x0000a5    program     static E:\00.-MPLAB\00.-PIC16F84A\LCD_04\LCD_4BIT.INC
            LCD_CursorOFF   0x0000a7    program     static E:\00.-MPLAB\00.-PIC16F84A\LCD_04\LCD_4BIT.INC
                LCD_Borra   0x0000a9    program     static E:\00.-MPLAB\00.-PIC16F84A\LCD_04\LCD_4BIT.INC
      LCD_2Lineas4Bits5x7   0x0000ab    program     static E:\00.-MPLAB\00.-PIC16F84A\LCD_04\LCD_4BIT.INC
         LCD_EnviaComando   0x0000ac    program     static E:\00.-MPLAB\00.-PIC16F84A\LCD_04\LCD_4BIT.INC
             LCD_Caracter   0x0000ae    program     static E:\00.-MPLAB\00.-PIC16F84A\LCD_04\LCD_4BIT.INC
                LCD_Envia   0x0000b0    program     static E:\00.-MPLAB\00.-PIC16F84A\LCD_04\LCD_4BIT.INC
          LCD_CodigoCGROM   0x0000b8    program     static E:\00.-MPLAB\00.-PIC16F84A\LCD_04\LCD_4BIT.INC
        LCD_EnheMinuscula   0x0000b9    program     static E:\00.-MPLAB\00.-PIC16F84A\LCD_04\LCD_4BIT.INC
        LCD_EnheMayuscula   0x0000bf    program     static E:\00.-MPLAB\00.-PIC16F84A\LCD_04\LCD_4BIT.INC
                LCD_Grado   0x0000c6    program     static E:\00.-MPLAB\00.-PIC16F84A\LCD_04\LCD_4BIT.INC
             LCD_FinCGROM   0x0000cc    program     static E:\00.-MPLAB\00.-PIC16F84A\LCD_04\LCD_4BIT.INC
        LCD_LineaEnBlanco   0x0000ce    program     static E:\00.-MPLAB\00.-PIC16F84A\LCD_04\LCD_4BIT.INC
      LCD_UnEspacioBlanco   0x0000d0    program     static E:\00.-MPLAB\00.-PIC16F84A\LCD_04\LCD_4BIT.INC
   LCD_DosEspaciosBlancos   0x0000d2    program     static E:\00.-MPLAB\00.-PIC16F84A\LCD_04\LCD_4BIT.INC
  LCD_TresEspaciosBlancos   0x0000d4    program     static E:\00.-MPLAB\00.-PIC16F84A\LCD_04\LCD_4BIT.INC
         LCD_EnviaBlancos   0x0000d5    program     static E:\00.-MPLAB\00.-PIC16F84A\LCD_04\LCD_4BIT.INC
      LCD_EnviaOtroBlanco   0x0000d6    program     static E:\00.-MPLAB\00.-PIC16F84A\LCD_04\LCD_4BIT.INC
                 LCD_Byte   0x0000db    program     static E:\00.-MPLAB\00.-PIC16F84A\LCD_04\LCD_4BIT.INC
         LCD_ByteCompleto   0x0000e2    program     static E:\00.-MPLAB\00.-PIC16F84A\LCD_04\LCD_4BIT.INC
        LCD_VisualizaAlto   0x0000e3    program     static E:\00.-MPLAB\00.-PIC16F84A\LCD_04\LCD_4BIT.INC
        LCD_VisualizaBajo   0x0000e5    program     static E:\00.-MPLAB\00.-PIC16F84A\LCD_04\LCD_4BIT.INC
               LCD_Nibble   0x0000e6    program     static E:\00.-MPLAB\00.-PIC16F84A\LCD_04\LCD_4BIT.INC
       LCD_EnviaByteLetra   0x0000ee    program     static E:\00.-MPLAB\00.-PIC16F84A\LCD_04\LCD_4BIT.INC
   LCD_FinVisualizaDigito   0x0000f0    program     static E:\00.-MPLAB\00.-PIC16F84A\LCD_04\LCD_4BIT.INC


