MPLINK 4.49, Linker
Linker Map File - Created Thu Jun 08 16:31:49 2023

                                 Section Info
                  Section       Type    Address   Location Size(Bytes)
                ---------  ---------  ---------  ---------  ---------
                   .org_0       code   0x000000    program   0x000000
                   .org_1       code   0x000000    program   0x000242
.config_2007_MENSAJE_04.O       code   0x002007    program   0x000002



                              Program Memory Usage 
                               Start         End      
                           ---------   ---------      
                            0x000000    0x000120      
                            0x002007    0x002007      
            290 out of 1094 program addresses used, program memory utilization is 26%



                              Symbols - Sorted by Name
                     Name    Address   Location    Storage File                     
                ---------  ---------  ---------  --------- ---------                
                   Inicio   0x000000    program     static E:\00.-MPLAB\00.-PIC16F84A\MENSAJE_04\Mensaje_04.asm
      LCD_2Lineas4Bits5x7   0x00006c    program     static E:\00.-MPLAB\00.-PIC16F84A\MENSAJE_04\LCD_4BIT.INC
                LCD_Borra   0x00006a    program     static E:\00.-MPLAB\00.-PIC16F84A\MENSAJE_04\LCD_4BIT.INC
                 LCD_Byte   0x00009c    program     static E:\00.-MPLAB\00.-PIC16F84A\MENSAJE_04\LCD_4BIT.INC
         LCD_ByteCompleto   0x0000a3    program     static E:\00.-MPLAB\00.-PIC16F84A\MENSAJE_04\LCD_4BIT.INC
             LCD_Caracter   0x00006f    program     static E:\00.-MPLAB\00.-PIC16F84A\MENSAJE_04\LCD_4BIT.INC
          LCD_CodigoCGROM   0x000079    program     static E:\00.-MPLAB\00.-PIC16F84A\MENSAJE_04\LCD_4BIT.INC
           LCD_CursorIncr   0x00005a    program     static E:\00.-MPLAB\00.-PIC16F84A\MENSAJE_04\LCD_4BIT.INC
            LCD_CursorOFF   0x000068    program     static E:\00.-MPLAB\00.-PIC16F84A\MENSAJE_04\LCD_4BIT.INC
             LCD_CursorON   0x000066    program     static E:\00.-MPLAB\00.-PIC16F84A\MENSAJE_04\LCD_4BIT.INC
   LCD_DosEspaciosBlancos   0x000093    program     static E:\00.-MPLAB\00.-PIC16F84A\MENSAJE_04\LCD_4BIT.INC
        LCD_EnheMayuscula   0x000080    program     static E:\00.-MPLAB\00.-PIC16F84A\MENSAJE_04\LCD_4BIT.INC
        LCD_EnheMinuscula   0x00007a    program     static E:\00.-MPLAB\00.-PIC16F84A\MENSAJE_04\LCD_4BIT.INC
                LCD_Envia   0x000071    program     static E:\00.-MPLAB\00.-PIC16F84A\MENSAJE_04\LCD_4BIT.INC
         LCD_EnviaBlancos   0x000096    program     static E:\00.-MPLAB\00.-PIC16F84A\MENSAJE_04\LCD_4BIT.INC
       LCD_EnviaByteLetra   0x0000af    program     static E:\00.-MPLAB\00.-PIC16F84A\MENSAJE_04\LCD_4BIT.INC
         LCD_EnviaComando   0x00006d    program     static E:\00.-MPLAB\00.-PIC16F84A\MENSAJE_04\LCD_4BIT.INC
      LCD_EnviaOtroBlanco   0x000097    program     static E:\00.-MPLAB\00.-PIC16F84A\MENSAJE_04\LCD_4BIT.INC
         LCD_EsFinalLinea   0x0000ca    program     static E:\00.-MPLAB\00.-PIC16F84A\MENSAJE_04\LCD_MENS.INC
           LCD_EscribeLCD   0x000043    program     static E:\00.-MPLAB\00.-PIC16F84A\MENSAJE_04\LCD_4BIT.INC
             LCD_FinCGROM   0x00008d    program     static E:\00.-MPLAB\00.-PIC16F84A\MENSAJE_04\LCD_4BIT.INC
           LCD_FinMensaje   0x0000bf    program     static E:\00.-MPLAB\00.-PIC16F84A\MENSAJE_04\LCD_MENS.INC
        LCD_FinMovimiento   0x0000d9    program     static E:\00.-MPLAB\00.-PIC16F84A\MENSAJE_04\LCD_MENS.INC
   LCD_FinVisualizaDigito   0x0000b1    program     static E:\00.-MPLAB\00.-PIC16F84A\MENSAJE_04\LCD_4BIT.INC
                LCD_Grado   0x000087    program     static E:\00.-MPLAB\00.-PIC16F84A\MENSAJE_04\LCD_4BIT.INC
           LCD_Inicializa   0x00002b    program     static E:\00.-MPLAB\00.-PIC16F84A\MENSAJE_04\LCD_4BIT.INC
               LCD_Linea1   0x00005c    program     static E:\00.-MPLAB\00.-PIC16F84A\MENSAJE_04\LCD_4BIT.INC
               LCD_Linea2   0x00005e    program     static E:\00.-MPLAB\00.-PIC16F84A\MENSAJE_04\LCD_4BIT.INC
        LCD_LineaEnBlanco   0x00008f    program     static E:\00.-MPLAB\00.-PIC16F84A\MENSAJE_04\LCD_4BIT.INC
              LCD_Mensaje   0x0000b2    program     static E:\00.-MPLAB\00.-PIC16F84A\MENSAJE_04\LCD_MENS.INC
    LCD_MensajeMovimiento   0x0000c0    program     static E:\00.-MPLAB\00.-PIC16F84A\MENSAJE_04\LCD_MENS.INC
               LCD_Nibble   0x0000a7    program     static E:\00.-MPLAB\00.-PIC16F84A\MENSAJE_04\LCD_4BIT.INC
       LCD_NoEsFinalLinea   0x0000cf    program     static E:\00.-MPLAB\00.-PIC16F84A\MENSAJE_04\LCD_MENS.INC
     LCD_NoUltimoCaracter   0x0000bc    program     static E:\00.-MPLAB\00.-PIC16F84A\MENSAJE_04\LCD_MENS.INC
    LCD_NoUltimoCaracter2   0x0000d5    program     static E:\00.-MPLAB\00.-PIC16F84A\MENSAJE_04\LCD_MENS.INC
                  LCD_OFF   0x000064    program     static E:\00.-MPLAB\00.-PIC16F84A\MENSAJE_04\LCD_4BIT.INC
       LCD_PosicionLinea1   0x000060    program     static E:\00.-MPLAB\00.-PIC16F84A\MENSAJE_04\LCD_4BIT.INC
       LCD_PosicionLinea2   0x000062    program     static E:\00.-MPLAB\00.-PIC16F84A\MENSAJE_04\LCD_4BIT.INC
      LCD_PrimeraPosicion   0x0000c4    program     static E:\00.-MPLAB\00.-PIC16F84A\MENSAJE_04\LCD_MENS.INC
  LCD_TresEspaciosBlancos   0x000095    program     static E:\00.-MPLAB\00.-PIC16F84A\MENSAJE_04\LCD_4BIT.INC
      LCD_UnEspacioBlanco   0x000091    program     static E:\00.-MPLAB\00.-PIC16F84A\MENSAJE_04\LCD_4BIT.INC
        LCD_VisualizaAlto   0x0000a4    program     static E:\00.-MPLAB\00.-PIC16F84A\MENSAJE_04\LCD_4BIT.INC
        LCD_VisualizaBajo   0x0000a6    program     static E:\00.-MPLAB\00.-PIC16F84A\MENSAJE_04\LCD_4BIT.INC
    LCD_VisualizaCaracter   0x0000c6    program     static E:\00.-MPLAB\00.-PIC16F84A\MENSAJE_04\LCD_MENS.INC
LCD_VisualizaOtroCaracter   0x0000b6    program     static E:\00.-MPLAB\00.-PIC16F84A\MENSAJE_04\LCD_MENS.INC
                 Mensaje0   0x00000b    program     static E:\00.-MPLAB\00.-PIC16F84A\MENSAJE_04\Mensaje_04.asm
                 Mensaje1   0x00001a    program     static E:\00.-MPLAB\00.-PIC16F84A\MENSAJE_04\Mensaje_04.asm
                 Mensajes   0x00000a    program     static E:\00.-MPLAB\00.-PIC16F84A\MENSAJE_04\Mensaje_04.asm
                Principal   0x000001    program     static E:\00.-MPLAB\00.-PIC16F84A\MENSAJE_04\Mensaje_04.asm
    R1Decima_BucleExterno   0x000117    program     static E:\00.-MPLAB\00.-PIC16F84A\MENSAJE_04\RETARDOS.INC
   R1Decima_BucleExterno2   0x000115    program     static E:\00.-MPLAB\00.-PIC16F84A\MENSAJE_04\RETARDOS.INC
    R1Decima_BucleInterno   0x000119    program     static E:\00.-MPLAB\00.-PIC16F84A\MENSAJE_04\RETARDOS.INC
        R1ms_BucleExterno   0x000101    program     static E:\00.-MPLAB\00.-PIC16F84A\MENSAJE_04\RETARDOS.INC
        R1ms_BucleInterno   0x000103    program     static E:\00.-MPLAB\00.-PIC16F84A\MENSAJE_04\RETARDOS.INC
            RetardoMicros   0x0000ed    program     static E:\00.-MPLAB\00.-PIC16F84A\MENSAJE_04\RETARDOS.INC
        Retardo_100micros   0x0000e7    program     static E:\00.-MPLAB\00.-PIC16F84A\MENSAJE_04\RETARDOS.INC
            Retardo_100ms   0x0000f3    program     static E:\00.-MPLAB\00.-PIC16F84A\MENSAJE_04\RETARDOS.INC
         Retardo_10micros   0x0000da    program     static E:\00.-MPLAB\00.-PIC16F84A\MENSAJE_04\RETARDOS.INC
             Retardo_10ms   0x0000f9    program     static E:\00.-MPLAB\00.-PIC16F84A\MENSAJE_04\RETARDOS.INC
              Retardo_10s   0x00010b    program     static E:\00.-MPLAB\00.-PIC16F84A\MENSAJE_04\RETARDOS.INC
          Retardo_1Decima   0x000114    program     static E:\00.-MPLAB\00.-PIC16F84A\MENSAJE_04\RETARDOS.INC
              Retardo_1ms   0x0000ff    program     static E:\00.-MPLAB\00.-PIC16F84A\MENSAJE_04\RETARDOS.INC
               Retardo_1s   0x000111    program     static E:\00.-MPLAB\00.-PIC16F84A\MENSAJE_04\RETARDOS.INC
        Retardo_200micros   0x0000e4    program     static E:\00.-MPLAB\00.-PIC16F84A\MENSAJE_04\RETARDOS.INC
            Retardo_200ms   0x0000f1    program     static E:\00.-MPLAB\00.-PIC16F84A\MENSAJE_04\RETARDOS.INC
         Retardo_20micros   0x0000ec    program     static E:\00.-MPLAB\00.-PIC16F84A\MENSAJE_04\RETARDOS.INC
             Retardo_20ms   0x0000f7    program     static E:\00.-MPLAB\00.-PIC16F84A\MENSAJE_04\RETARDOS.INC
              Retardo_20s   0x000109    program     static E:\00.-MPLAB\00.-PIC16F84A\MENSAJE_04\RETARDOS.INC
              Retardo_2ms   0x0000fd    program     static E:\00.-MPLAB\00.-PIC16F84A\MENSAJE_04\RETARDOS.INC
               Retardo_2s   0x00010f    program     static E:\00.-MPLAB\00.-PIC16F84A\MENSAJE_04\RETARDOS.INC
          Retardo_4micros   0x0000e0    program     static E:\00.-MPLAB\00.-PIC16F84A\MENSAJE_04\RETARDOS.INC
        Retardo_500micros   0x0000e1    program     static E:\00.-MPLAB\00.-PIC16F84A\MENSAJE_04\RETARDOS.INC
            Retardo_500ms   0x000113    program     static E:\00.-MPLAB\00.-PIC16F84A\MENSAJE_04\RETARDOS.INC
         Retardo_50micros   0x0000e9    program     static E:\00.-MPLAB\00.-PIC16F84A\MENSAJE_04\RETARDOS.INC
             Retardo_50ms   0x0000f5    program     static E:\00.-MPLAB\00.-PIC16F84A\MENSAJE_04\RETARDOS.INC
          Retardo_5micros   0x0000df    program     static E:\00.-MPLAB\00.-PIC16F84A\MENSAJE_04\RETARDOS.INC
              Retardo_5ms   0x0000fb    program     static E:\00.-MPLAB\00.-PIC16F84A\MENSAJE_04\RETARDOS.INC
               Retardo_5s   0x00010d    program     static E:\00.-MPLAB\00.-PIC16F84A\MENSAJE_04\RETARDOS.INC
              Retardos_ms   0x000100    program     static E:\00.-MPLAB\00.-PIC16F84A\MENSAJE_04\RETARDOS.INC
            Rmicros_Bucle   0x0000ee    program     static E:\00.-MPLAB\00.-PIC16F84A\MENSAJE_04\RETARDOS.INC



                              Symbols - Sorted by Address
                     Name    Address   Location    Storage File                     
                ---------  ---------  ---------  --------- ---------                
                   Inicio   0x000000    program     static E:\00.-MPLAB\00.-PIC16F84A\MENSAJE_04\Mensaje_04.asm
                Principal   0x000001    program     static E:\00.-MPLAB\00.-PIC16F84A\MENSAJE_04\Mensaje_04.asm
                 Mensajes   0x00000a    program     static E:\00.-MPLAB\00.-PIC16F84A\MENSAJE_04\Mensaje_04.asm
                 Mensaje0   0x00000b    program     static E:\00.-MPLAB\00.-PIC16F84A\MENSAJE_04\Mensaje_04.asm
                 Mensaje1   0x00001a    program     static E:\00.-MPLAB\00.-PIC16F84A\MENSAJE_04\Mensaje_04.asm
           LCD_Inicializa   0x00002b    program     static E:\00.-MPLAB\00.-PIC16F84A\MENSAJE_04\LCD_4BIT.INC
           LCD_EscribeLCD   0x000043    program     static E:\00.-MPLAB\00.-PIC16F84A\MENSAJE_04\LCD_4BIT.INC
           LCD_CursorIncr   0x00005a    program     static E:\00.-MPLAB\00.-PIC16F84A\MENSAJE_04\LCD_4BIT.INC
               LCD_Linea1   0x00005c    program     static E:\00.-MPLAB\00.-PIC16F84A\MENSAJE_04\LCD_4BIT.INC
               LCD_Linea2   0x00005e    program     static E:\00.-MPLAB\00.-PIC16F84A\MENSAJE_04\LCD_4BIT.INC
       LCD_PosicionLinea1   0x000060    program     static E:\00.-MPLAB\00.-PIC16F84A\MENSAJE_04\LCD_4BIT.INC
       LCD_PosicionLinea2   0x000062    program     static E:\00.-MPLAB\00.-PIC16F84A\MENSAJE_04\LCD_4BIT.INC
                  LCD_OFF   0x000064    program     static E:\00.-MPLAB\00.-PIC16F84A\MENSAJE_04\LCD_4BIT.INC
             LCD_CursorON   0x000066    program     static E:\00.-MPLAB\00.-PIC16F84A\MENSAJE_04\LCD_4BIT.INC
            LCD_CursorOFF   0x000068    program     static E:\00.-MPLAB\00.-PIC16F84A\MENSAJE_04\LCD_4BIT.INC
                LCD_Borra   0x00006a    program     static E:\00.-MPLAB\00.-PIC16F84A\MENSAJE_04\LCD_4BIT.INC
      LCD_2Lineas4Bits5x7   0x00006c    program     static E:\00.-MPLAB\00.-PIC16F84A\MENSAJE_04\LCD_4BIT.INC
         LCD_EnviaComando   0x00006d    program     static E:\00.-MPLAB\00.-PIC16F84A\MENSAJE_04\LCD_4BIT.INC
             LCD_Caracter   0x00006f    program     static E:\00.-MPLAB\00.-PIC16F84A\MENSAJE_04\LCD_4BIT.INC
                LCD_Envia   0x000071    program     static E:\00.-MPLAB\00.-PIC16F84A\MENSAJE_04\LCD_4BIT.INC
          LCD_CodigoCGROM   0x000079    program     static E:\00.-MPLAB\00.-PIC16F84A\MENSAJE_04\LCD_4BIT.INC
        LCD_EnheMinuscula   0x00007a    program     static E:\00.-MPLAB\00.-PIC16F84A\MENSAJE_04\LCD_4BIT.INC
        LCD_EnheMayuscula   0x000080    program     static E:\00.-MPLAB\00.-PIC16F84A\MENSAJE_04\LCD_4BIT.INC
                LCD_Grado   0x000087    program     static E:\00.-MPLAB\00.-PIC16F84A\MENSAJE_04\LCD_4BIT.INC
             LCD_FinCGROM   0x00008d    program     static E:\00.-MPLAB\00.-PIC16F84A\MENSAJE_04\LCD_4BIT.INC
        LCD_LineaEnBlanco   0x00008f    program     static E:\00.-MPLAB\00.-PIC16F84A\MENSAJE_04\LCD_4BIT.INC
      LCD_UnEspacioBlanco   0x000091    program     static E:\00.-MPLAB\00.-PIC16F84A\MENSAJE_04\LCD_4BIT.INC
   LCD_DosEspaciosBlancos   0x000093    program     static E:\00.-MPLAB\00.-PIC16F84A\MENSAJE_04\LCD_4BIT.INC
  LCD_TresEspaciosBlancos   0x000095    program     static E:\00.-MPLAB\00.-PIC16F84A\MENSAJE_04\LCD_4BIT.INC
         LCD_EnviaBlancos   0x000096    program     static E:\00.-MPLAB\00.-PIC16F84A\MENSAJE_04\LCD_4BIT.INC
      LCD_EnviaOtroBlanco   0x000097    program     static E:\00.-MPLAB\00.-PIC16F84A\MENSAJE_04\LCD_4BIT.INC
                 LCD_Byte   0x00009c    program     static E:\00.-MPLAB\00.-PIC16F84A\MENSAJE_04\LCD_4BIT.INC
         LCD_ByteCompleto   0x0000a3    program     static E:\00.-MPLAB\00.-PIC16F84A\MENSAJE_04\LCD_4BIT.INC
        LCD_VisualizaAlto   0x0000a4    program     static E:\00.-MPLAB\00.-PIC16F84A\MENSAJE_04\LCD_4BIT.INC
        LCD_VisualizaBajo   0x0000a6    program     static E:\00.-MPLAB\00.-PIC16F84A\MENSAJE_04\LCD_4BIT.INC
               LCD_Nibble   0x0000a7    program     static E:\00.-MPLAB\00.-PIC16F84A\MENSAJE_04\LCD_4BIT.INC
       LCD_EnviaByteLetra   0x0000af    program     static E:\00.-MPLAB\00.-PIC16F84A\MENSAJE_04\LCD_4BIT.INC
   LCD_FinVisualizaDigito   0x0000b1    program     static E:\00.-MPLAB\00.-PIC16F84A\MENSAJE_04\LCD_4BIT.INC
              LCD_Mensaje   0x0000b2    program     static E:\00.-MPLAB\00.-PIC16F84A\MENSAJE_04\LCD_MENS.INC
LCD_VisualizaOtroCaracter   0x0000b6    program     static E:\00.-MPLAB\00.-PIC16F84A\MENSAJE_04\LCD_MENS.INC
     LCD_NoUltimoCaracter   0x0000bc    program     static E:\00.-MPLAB\00.-PIC16F84A\MENSAJE_04\LCD_MENS.INC
           LCD_FinMensaje   0x0000bf    program     static E:\00.-MPLAB\00.-PIC16F84A\MENSAJE_04\LCD_MENS.INC
    LCD_MensajeMovimiento   0x0000c0    program     static E:\00.-MPLAB\00.-PIC16F84A\MENSAJE_04\LCD_MENS.INC
      LCD_PrimeraPosicion   0x0000c4    program     static E:\00.-MPLAB\00.-PIC16F84A\MENSAJE_04\LCD_MENS.INC
    LCD_VisualizaCaracter   0x0000c6    program     static E:\00.-MPLAB\00.-PIC16F84A\MENSAJE_04\LCD_MENS.INC
         LCD_EsFinalLinea   0x0000ca    program     static E:\00.-MPLAB\00.-PIC16F84A\MENSAJE_04\LCD_MENS.INC
       LCD_NoEsFinalLinea   0x0000cf    program     static E:\00.-MPLAB\00.-PIC16F84A\MENSAJE_04\LCD_MENS.INC
    LCD_NoUltimoCaracter2   0x0000d5    program     static E:\00.-MPLAB\00.-PIC16F84A\MENSAJE_04\LCD_MENS.INC
        LCD_FinMovimiento   0x0000d9    program     static E:\00.-MPLAB\00.-PIC16F84A\MENSAJE_04\LCD_MENS.INC
         Retardo_10micros   0x0000da    program     static E:\00.-MPLAB\00.-PIC16F84A\MENSAJE_04\RETARDOS.INC
          Retardo_5micros   0x0000df    program     static E:\00.-MPLAB\00.-PIC16F84A\MENSAJE_04\RETARDOS.INC
          Retardo_4micros   0x0000e0    program     static E:\00.-MPLAB\00.-PIC16F84A\MENSAJE_04\RETARDOS.INC
        Retardo_500micros   0x0000e1    program     static E:\00.-MPLAB\00.-PIC16F84A\MENSAJE_04\RETARDOS.INC
        Retardo_200micros   0x0000e4    program     static E:\00.-MPLAB\00.-PIC16F84A\MENSAJE_04\RETARDOS.INC
        Retardo_100micros   0x0000e7    program     static E:\00.-MPLAB\00.-PIC16F84A\MENSAJE_04\RETARDOS.INC
         Retardo_50micros   0x0000e9    program     static E:\00.-MPLAB\00.-PIC16F84A\MENSAJE_04\RETARDOS.INC
         Retardo_20micros   0x0000ec    program     static E:\00.-MPLAB\00.-PIC16F84A\MENSAJE_04\RETARDOS.INC
            RetardoMicros   0x0000ed    program     static E:\00.-MPLAB\00.-PIC16F84A\MENSAJE_04\RETARDOS.INC
            Rmicros_Bucle   0x0000ee    program     static E:\00.-MPLAB\00.-PIC16F84A\MENSAJE_04\RETARDOS.INC
            Retardo_200ms   0x0000f1    program     static E:\00.-MPLAB\00.-PIC16F84A\MENSAJE_04\RETARDOS.INC
            Retardo_100ms   0x0000f3    program     static E:\00.-MPLAB\00.-PIC16F84A\MENSAJE_04\RETARDOS.INC
             Retardo_50ms   0x0000f5    program     static E:\00.-MPLAB\00.-PIC16F84A\MENSAJE_04\RETARDOS.INC
             Retardo_20ms   0x0000f7    program     static E:\00.-MPLAB\00.-PIC16F84A\MENSAJE_04\RETARDOS.INC
             Retardo_10ms   0x0000f9    program     static E:\00.-MPLAB\00.-PIC16F84A\MENSAJE_04\RETARDOS.INC
              Retardo_5ms   0x0000fb    program     static E:\00.-MPLAB\00.-PIC16F84A\MENSAJE_04\RETARDOS.INC
              Retardo_2ms   0x0000fd    program     static E:\00.-MPLAB\00.-PIC16F84A\MENSAJE_04\RETARDOS.INC
              Retardo_1ms   0x0000ff    program     static E:\00.-MPLAB\00.-PIC16F84A\MENSAJE_04\RETARDOS.INC
              Retardos_ms   0x000100    program     static E:\00.-MPLAB\00.-PIC16F84A\MENSAJE_04\RETARDOS.INC
        R1ms_BucleExterno   0x000101    program     static E:\00.-MPLAB\00.-PIC16F84A\MENSAJE_04\RETARDOS.INC
        R1ms_BucleInterno   0x000103    program     static E:\00.-MPLAB\00.-PIC16F84A\MENSAJE_04\RETARDOS.INC
              Retardo_20s   0x000109    program     static E:\00.-MPLAB\00.-PIC16F84A\MENSAJE_04\RETARDOS.INC
              Retardo_10s   0x00010b    program     static E:\00.-MPLAB\00.-PIC16F84A\MENSAJE_04\RETARDOS.INC
               Retardo_5s   0x00010d    program     static E:\00.-MPLAB\00.-PIC16F84A\MENSAJE_04\RETARDOS.INC
               Retardo_2s   0x00010f    program     static E:\00.-MPLAB\00.-PIC16F84A\MENSAJE_04\RETARDOS.INC
               Retardo_1s   0x000111    program     static E:\00.-MPLAB\00.-PIC16F84A\MENSAJE_04\RETARDOS.INC
            Retardo_500ms   0x000113    program     static E:\00.-MPLAB\00.-PIC16F84A\MENSAJE_04\RETARDOS.INC
          Retardo_1Decima   0x000114    program     static E:\00.-MPLAB\00.-PIC16F84A\MENSAJE_04\RETARDOS.INC
   R1Decima_BucleExterno2   0x000115    program     static E:\00.-MPLAB\00.-PIC16F84A\MENSAJE_04\RETARDOS.INC
    R1Decima_BucleExterno   0x000117    program     static E:\00.-MPLAB\00.-PIC16F84A\MENSAJE_04\RETARDOS.INC
    R1Decima_BucleInterno   0x000119    program     static E:\00.-MPLAB\00.-PIC16F84A\MENSAJE_04\RETARDOS.INC


