MPLINK 4.49, Linker
Linker Map File - Created Wed Jun 07 19:14:52 2023

                                 Section Info
                  Section       Type    Address   Location Size(Bytes)
                ---------  ---------  ---------  ---------  ---------
                   .org_0       code   0x000000    program   0x000000
                   .org_1       code   0x000000    program   0x0001d6
.config_2007_MENSAJE_01.O       code   0x002007    program   0x000002



                              Program Memory Usage 
                               Start         End      
                           ---------   ---------      
                            0x000000    0x0000ea      
                            0x002007    0x002007      
            236 out of 1094 program addresses used, program memory utilization is 21%



                              Symbols - Sorted by Name
                     Name    Address   Location    Storage File                     
                ---------  ---------  ---------  --------- ---------                
                      Fin   0x00000b    program     static E:\00.-MPLAB\00.-PIC16F84A\MENSAJE_01\Mensaje_01.asm
                   Inicio   0x000000    program     static E:\00.-MPLAB\00.-PIC16F84A\MENSAJE_01\Mensaje_01.asm
      LCD_2Lineas4Bits5x7   0x00005e    program     static E:\00.-MPLAB\00.-PIC16F84A\MENSAJE_01\LCD_4BIT.INC
                LCD_Borra   0x00005c    program     static E:\00.-MPLAB\00.-PIC16F84A\MENSAJE_01\LCD_4BIT.INC
                 LCD_Byte   0x00008e    program     static E:\00.-MPLAB\00.-PIC16F84A\MENSAJE_01\LCD_4BIT.INC
         LCD_ByteCompleto   0x000095    program     static E:\00.-MPLAB\00.-PIC16F84A\MENSAJE_01\LCD_4BIT.INC
             LCD_Caracter   0x000061    program     static E:\00.-MPLAB\00.-PIC16F84A\MENSAJE_01\LCD_4BIT.INC
          LCD_CodigoCGROM   0x00006b    program     static E:\00.-MPLAB\00.-PIC16F84A\MENSAJE_01\LCD_4BIT.INC
           LCD_CursorIncr   0x00004c    program     static E:\00.-MPLAB\00.-PIC16F84A\MENSAJE_01\LCD_4BIT.INC
            LCD_CursorOFF   0x00005a    program     static E:\00.-MPLAB\00.-PIC16F84A\MENSAJE_01\LCD_4BIT.INC
             LCD_CursorON   0x000058    program     static E:\00.-MPLAB\00.-PIC16F84A\MENSAJE_01\LCD_4BIT.INC
   LCD_DosEspaciosBlancos   0x000085    program     static E:\00.-MPLAB\00.-PIC16F84A\MENSAJE_01\LCD_4BIT.INC
        LCD_EnheMayuscula   0x000072    program     static E:\00.-MPLAB\00.-PIC16F84A\MENSAJE_01\LCD_4BIT.INC
        LCD_EnheMinuscula   0x00006c    program     static E:\00.-MPLAB\00.-PIC16F84A\MENSAJE_01\LCD_4BIT.INC
                LCD_Envia   0x000063    program     static E:\00.-MPLAB\00.-PIC16F84A\MENSAJE_01\LCD_4BIT.INC
         LCD_EnviaBlancos   0x000088    program     static E:\00.-MPLAB\00.-PIC16F84A\MENSAJE_01\LCD_4BIT.INC
       LCD_EnviaByteLetra   0x0000a1    program     static E:\00.-MPLAB\00.-PIC16F84A\MENSAJE_01\LCD_4BIT.INC
         LCD_EnviaComando   0x00005f    program     static E:\00.-MPLAB\00.-PIC16F84A\MENSAJE_01\LCD_4BIT.INC
      LCD_EnviaOtroBlanco   0x000089    program     static E:\00.-MPLAB\00.-PIC16F84A\MENSAJE_01\LCD_4BIT.INC
           LCD_EscribeLCD   0x000035    program     static E:\00.-MPLAB\00.-PIC16F84A\MENSAJE_01\LCD_4BIT.INC
             LCD_FinCGROM   0x00007f    program     static E:\00.-MPLAB\00.-PIC16F84A\MENSAJE_01\LCD_4BIT.INC
   LCD_FinVisualizaDigito   0x0000a3    program     static E:\00.-MPLAB\00.-PIC16F84A\MENSAJE_01\LCD_4BIT.INC
                LCD_Grado   0x000079    program     static E:\00.-MPLAB\00.-PIC16F84A\MENSAJE_01\LCD_4BIT.INC
           LCD_Inicializa   0x00001d    program     static E:\00.-MPLAB\00.-PIC16F84A\MENSAJE_01\LCD_4BIT.INC
               LCD_Linea1   0x00004e    program     static E:\00.-MPLAB\00.-PIC16F84A\MENSAJE_01\LCD_4BIT.INC
               LCD_Linea2   0x000050    program     static E:\00.-MPLAB\00.-PIC16F84A\MENSAJE_01\LCD_4BIT.INC
        LCD_LineaEnBlanco   0x000081    program     static E:\00.-MPLAB\00.-PIC16F84A\MENSAJE_01\LCD_4BIT.INC
               LCD_Nibble   0x000099    program     static E:\00.-MPLAB\00.-PIC16F84A\MENSAJE_01\LCD_4BIT.INC
     LCD_NoUltimoCaracter   0x000008    program     static E:\00.-MPLAB\00.-PIC16F84A\MENSAJE_01\Mensaje_01.asm
                  LCD_OFF   0x000056    program     static E:\00.-MPLAB\00.-PIC16F84A\MENSAJE_01\LCD_4BIT.INC
       LCD_PosicionLinea1   0x000052    program     static E:\00.-MPLAB\00.-PIC16F84A\MENSAJE_01\LCD_4BIT.INC
       LCD_PosicionLinea2   0x000054    program     static E:\00.-MPLAB\00.-PIC16F84A\MENSAJE_01\LCD_4BIT.INC
  LCD_TresEspaciosBlancos   0x000087    program     static E:\00.-MPLAB\00.-PIC16F84A\MENSAJE_01\LCD_4BIT.INC
      LCD_UnEspacioBlanco   0x000083    program     static E:\00.-MPLAB\00.-PIC16F84A\MENSAJE_01\LCD_4BIT.INC
        LCD_VisualizaAlto   0x000096    program     static E:\00.-MPLAB\00.-PIC16F84A\MENSAJE_01\LCD_4BIT.INC
        LCD_VisualizaBajo   0x000098    program     static E:\00.-MPLAB\00.-PIC16F84A\MENSAJE_01\LCD_4BIT.INC
LCD_VisualizaOtroCaracter   0x000002    program     static E:\00.-MPLAB\00.-PIC16F84A\MENSAJE_01\Mensaje_01.asm
                 Mensaje0   0x00000d    program     static E:\00.-MPLAB\00.-PIC16F84A\MENSAJE_01\Mensaje_01.asm
                 Mensajes   0x00000c    program     static E:\00.-MPLAB\00.-PIC16F84A\MENSAJE_01\Mensaje_01.asm
    R1Decima_BucleExterno   0x0000e1    program     static E:\00.-MPLAB\00.-PIC16F84A\MENSAJE_01\RETARDOS.INC
   R1Decima_BucleExterno2   0x0000df    program     static E:\00.-MPLAB\00.-PIC16F84A\MENSAJE_01\RETARDOS.INC
    R1Decima_BucleInterno   0x0000e3    program     static E:\00.-MPLAB\00.-PIC16F84A\MENSAJE_01\RETARDOS.INC
        R1ms_BucleExterno   0x0000cb    program     static E:\00.-MPLAB\00.-PIC16F84A\MENSAJE_01\RETARDOS.INC
        R1ms_BucleInterno   0x0000cd    program     static E:\00.-MPLAB\00.-PIC16F84A\MENSAJE_01\RETARDOS.INC
            RetardoMicros   0x0000b7    program     static E:\00.-MPLAB\00.-PIC16F84A\MENSAJE_01\RETARDOS.INC
        Retardo_100micros   0x0000b1    program     static E:\00.-MPLAB\00.-PIC16F84A\MENSAJE_01\RETARDOS.INC
            Retardo_100ms   0x0000bd    program     static E:\00.-MPLAB\00.-PIC16F84A\MENSAJE_01\RETARDOS.INC
         Retardo_10micros   0x0000a4    program     static E:\00.-MPLAB\00.-PIC16F84A\MENSAJE_01\RETARDOS.INC
             Retardo_10ms   0x0000c3    program     static E:\00.-MPLAB\00.-PIC16F84A\MENSAJE_01\RETARDOS.INC
              Retardo_10s   0x0000d5    program     static E:\00.-MPLAB\00.-PIC16F84A\MENSAJE_01\RETARDOS.INC
          Retardo_1Decima   0x0000de    program     static E:\00.-MPLAB\00.-PIC16F84A\MENSAJE_01\RETARDOS.INC
              Retardo_1ms   0x0000c9    program     static E:\00.-MPLAB\00.-PIC16F84A\MENSAJE_01\RETARDOS.INC
               Retardo_1s   0x0000db    program     static E:\00.-MPLAB\00.-PIC16F84A\MENSAJE_01\RETARDOS.INC
        Retardo_200micros   0x0000ae    program     static E:\00.-MPLAB\00.-PIC16F84A\MENSAJE_01\RETARDOS.INC
            Retardo_200ms   0x0000bb    program     static E:\00.-MPLAB\00.-PIC16F84A\MENSAJE_01\RETARDOS.INC
         Retardo_20micros   0x0000b6    program     static E:\00.-MPLAB\00.-PIC16F84A\MENSAJE_01\RETARDOS.INC
             Retardo_20ms   0x0000c1    program     static E:\00.-MPLAB\00.-PIC16F84A\MENSAJE_01\RETARDOS.INC
              Retardo_20s   0x0000d3    program     static E:\00.-MPLAB\00.-PIC16F84A\MENSAJE_01\RETARDOS.INC
              Retardo_2ms   0x0000c7    program     static E:\00.-MPLAB\00.-PIC16F84A\MENSAJE_01\RETARDOS.INC
               Retardo_2s   0x0000d9    program     static E:\00.-MPLAB\00.-PIC16F84A\MENSAJE_01\RETARDOS.INC
          Retardo_4micros   0x0000aa    program     static E:\00.-MPLAB\00.-PIC16F84A\MENSAJE_01\RETARDOS.INC
        Retardo_500micros   0x0000ab    program     static E:\00.-MPLAB\00.-PIC16F84A\MENSAJE_01\RETARDOS.INC
            Retardo_500ms   0x0000dd    program     static E:\00.-MPLAB\00.-PIC16F84A\MENSAJE_01\RETARDOS.INC
         Retardo_50micros   0x0000b3    program     static E:\00.-MPLAB\00.-PIC16F84A\MENSAJE_01\RETARDOS.INC
             Retardo_50ms   0x0000bf    program     static E:\00.-MPLAB\00.-PIC16F84A\MENSAJE_01\RETARDOS.INC
          Retardo_5micros   0x0000a9    program     static E:\00.-MPLAB\00.-PIC16F84A\MENSAJE_01\RETARDOS.INC
              Retardo_5ms   0x0000c5    program     static E:\00.-MPLAB\00.-PIC16F84A\MENSAJE_01\RETARDOS.INC
               Retardo_5s   0x0000d7    program     static E:\00.-MPLAB\00.-PIC16F84A\MENSAJE_01\RETARDOS.INC
              Retardos_ms   0x0000ca    program     static E:\00.-MPLAB\00.-PIC16F84A\MENSAJE_01\RETARDOS.INC
            Rmicros_Bucle   0x0000b8    program     static E:\00.-MPLAB\00.-PIC16F84A\MENSAJE_01\RETARDOS.INC



                              Symbols - Sorted by Address
                     Name    Address   Location    Storage File                     
                ---------  ---------  ---------  --------- ---------                
                   Inicio   0x000000    program     static E:\00.-MPLAB\00.-PIC16F84A\MENSAJE_01\Mensaje_01.asm
LCD_VisualizaOtroCaracter   0x000002    program     static E:\00.-MPLAB\00.-PIC16F84A\MENSAJE_01\Mensaje_01.asm
     LCD_NoUltimoCaracter   0x000008    program     static E:\00.-MPLAB\00.-PIC16F84A\MENSAJE_01\Mensaje_01.asm
                      Fin   0x00000b    program     static E:\00.-MPLAB\00.-PIC16F84A\MENSAJE_01\Mensaje_01.asm
                 Mensajes   0x00000c    program     static E:\00.-MPLAB\00.-PIC16F84A\MENSAJE_01\Mensaje_01.asm
                 Mensaje0   0x00000d    program     static E:\00.-MPLAB\00.-PIC16F84A\MENSAJE_01\Mensaje_01.asm
           LCD_Inicializa   0x00001d    program     static E:\00.-MPLAB\00.-PIC16F84A\MENSAJE_01\LCD_4BIT.INC
           LCD_EscribeLCD   0x000035    program     static E:\00.-MPLAB\00.-PIC16F84A\MENSAJE_01\LCD_4BIT.INC
           LCD_CursorIncr   0x00004c    program     static E:\00.-MPLAB\00.-PIC16F84A\MENSAJE_01\LCD_4BIT.INC
               LCD_Linea1   0x00004e    program     static E:\00.-MPLAB\00.-PIC16F84A\MENSAJE_01\LCD_4BIT.INC
               LCD_Linea2   0x000050    program     static E:\00.-MPLAB\00.-PIC16F84A\MENSAJE_01\LCD_4BIT.INC
       LCD_PosicionLinea1   0x000052    program     static E:\00.-MPLAB\00.-PIC16F84A\MENSAJE_01\LCD_4BIT.INC
       LCD_PosicionLinea2   0x000054    program     static E:\00.-MPLAB\00.-PIC16F84A\MENSAJE_01\LCD_4BIT.INC
                  LCD_OFF   0x000056    program     static E:\00.-MPLAB\00.-PIC16F84A\MENSAJE_01\LCD_4BIT.INC
             LCD_CursorON   0x000058    program     static E:\00.-MPLAB\00.-PIC16F84A\MENSAJE_01\LCD_4BIT.INC
            LCD_CursorOFF   0x00005a    program     static E:\00.-MPLAB\00.-PIC16F84A\MENSAJE_01\LCD_4BIT.INC
                LCD_Borra   0x00005c    program     static E:\00.-MPLAB\00.-PIC16F84A\MENSAJE_01\LCD_4BIT.INC
      LCD_2Lineas4Bits5x7   0x00005e    program     static E:\00.-MPLAB\00.-PIC16F84A\MENSAJE_01\LCD_4BIT.INC
         LCD_EnviaComando   0x00005f    program     static E:\00.-MPLAB\00.-PIC16F84A\MENSAJE_01\LCD_4BIT.INC
             LCD_Caracter   0x000061    program     static E:\00.-MPLAB\00.-PIC16F84A\MENSAJE_01\LCD_4BIT.INC
                LCD_Envia   0x000063    program     static E:\00.-MPLAB\00.-PIC16F84A\MENSAJE_01\LCD_4BIT.INC
          LCD_CodigoCGROM   0x00006b    program     static E:\00.-MPLAB\00.-PIC16F84A\MENSAJE_01\LCD_4BIT.INC
        LCD_EnheMinuscula   0x00006c    program     static E:\00.-MPLAB\00.-PIC16F84A\MENSAJE_01\LCD_4BIT.INC
        LCD_EnheMayuscula   0x000072    program     static E:\00.-MPLAB\00.-PIC16F84A\MENSAJE_01\LCD_4BIT.INC
                LCD_Grado   0x000079    program     static E:\00.-MPLAB\00.-PIC16F84A\MENSAJE_01\LCD_4BIT.INC
             LCD_FinCGROM   0x00007f    program     static E:\00.-MPLAB\00.-PIC16F84A\MENSAJE_01\LCD_4BIT.INC
        LCD_LineaEnBlanco   0x000081    program     static E:\00.-MPLAB\00.-PIC16F84A\MENSAJE_01\LCD_4BIT.INC
      LCD_UnEspacioBlanco   0x000083    program     static E:\00.-MPLAB\00.-PIC16F84A\MENSAJE_01\LCD_4BIT.INC
   LCD_DosEspaciosBlancos   0x000085    program     static E:\00.-MPLAB\00.-PIC16F84A\MENSAJE_01\LCD_4BIT.INC
  LCD_TresEspaciosBlancos   0x000087    program     static E:\00.-MPLAB\00.-PIC16F84A\MENSAJE_01\LCD_4BIT.INC
         LCD_EnviaBlancos   0x000088    program     static E:\00.-MPLAB\00.-PIC16F84A\MENSAJE_01\LCD_4BIT.INC
      LCD_EnviaOtroBlanco   0x000089    program     static E:\00.-MPLAB\00.-PIC16F84A\MENSAJE_01\LCD_4BIT.INC
                 LCD_Byte   0x00008e    program     static E:\00.-MPLAB\00.-PIC16F84A\MENSAJE_01\LCD_4BIT.INC
         LCD_ByteCompleto   0x000095    program     static E:\00.-MPLAB\00.-PIC16F84A\MENSAJE_01\LCD_4BIT.INC
        LCD_VisualizaAlto   0x000096    program     static E:\00.-MPLAB\00.-PIC16F84A\MENSAJE_01\LCD_4BIT.INC
        LCD_VisualizaBajo   0x000098    program     static E:\00.-MPLAB\00.-PIC16F84A\MENSAJE_01\LCD_4BIT.INC
               LCD_Nibble   0x000099    program     static E:\00.-MPLAB\00.-PIC16F84A\MENSAJE_01\LCD_4BIT.INC
       LCD_EnviaByteLetra   0x0000a1    program     static E:\00.-MPLAB\00.-PIC16F84A\MENSAJE_01\LCD_4BIT.INC
   LCD_FinVisualizaDigito   0x0000a3    program     static E:\00.-MPLAB\00.-PIC16F84A\MENSAJE_01\LCD_4BIT.INC
         Retardo_10micros   0x0000a4    program     static E:\00.-MPLAB\00.-PIC16F84A\MENSAJE_01\RETARDOS.INC
          Retardo_5micros   0x0000a9    program     static E:\00.-MPLAB\00.-PIC16F84A\MENSAJE_01\RETARDOS.INC
          Retardo_4micros   0x0000aa    program     static E:\00.-MPLAB\00.-PIC16F84A\MENSAJE_01\RETARDOS.INC
        Retardo_500micros   0x0000ab    program     static E:\00.-MPLAB\00.-PIC16F84A\MENSAJE_01\RETARDOS.INC
        Retardo_200micros   0x0000ae    program     static E:\00.-MPLAB\00.-PIC16F84A\MENSAJE_01\RETARDOS.INC
        Retardo_100micros   0x0000b1    program     static E:\00.-MPLAB\00.-PIC16F84A\MENSAJE_01\RETARDOS.INC
         Retardo_50micros   0x0000b3    program     static E:\00.-MPLAB\00.-PIC16F84A\MENSAJE_01\RETARDOS.INC
         Retardo_20micros   0x0000b6    program     static E:\00.-MPLAB\00.-PIC16F84A\MENSAJE_01\RETARDOS.INC
            RetardoMicros   0x0000b7    program     static E:\00.-MPLAB\00.-PIC16F84A\MENSAJE_01\RETARDOS.INC
            Rmicros_Bucle   0x0000b8    program     static E:\00.-MPLAB\00.-PIC16F84A\MENSAJE_01\RETARDOS.INC
            Retardo_200ms   0x0000bb    program     static E:\00.-MPLAB\00.-PIC16F84A\MENSAJE_01\RETARDOS.INC
            Retardo_100ms   0x0000bd    program     static E:\00.-MPLAB\00.-PIC16F84A\MENSAJE_01\RETARDOS.INC
             Retardo_50ms   0x0000bf    program     static E:\00.-MPLAB\00.-PIC16F84A\MENSAJE_01\RETARDOS.INC
             Retardo_20ms   0x0000c1    program     static E:\00.-MPLAB\00.-PIC16F84A\MENSAJE_01\RETARDOS.INC
             Retardo_10ms   0x0000c3    program     static E:\00.-MPLAB\00.-PIC16F84A\MENSAJE_01\RETARDOS.INC
              Retardo_5ms   0x0000c5    program     static E:\00.-MPLAB\00.-PIC16F84A\MENSAJE_01\RETARDOS.INC
              Retardo_2ms   0x0000c7    program     static E:\00.-MPLAB\00.-PIC16F84A\MENSAJE_01\RETARDOS.INC
              Retardo_1ms   0x0000c9    program     static E:\00.-MPLAB\00.-PIC16F84A\MENSAJE_01\RETARDOS.INC
              Retardos_ms   0x0000ca    program     static E:\00.-MPLAB\00.-PIC16F84A\MENSAJE_01\RETARDOS.INC
        R1ms_BucleExterno   0x0000cb    program     static E:\00.-MPLAB\00.-PIC16F84A\MENSAJE_01\RETARDOS.INC
        R1ms_BucleInterno   0x0000cd    program     static E:\00.-MPLAB\00.-PIC16F84A\MENSAJE_01\RETARDOS.INC
              Retardo_20s   0x0000d3    program     static E:\00.-MPLAB\00.-PIC16F84A\MENSAJE_01\RETARDOS.INC
              Retardo_10s   0x0000d5    program     static E:\00.-MPLAB\00.-PIC16F84A\MENSAJE_01\RETARDOS.INC
               Retardo_5s   0x0000d7    program     static E:\00.-MPLAB\00.-PIC16F84A\MENSAJE_01\RETARDOS.INC
               Retardo_2s   0x0000d9    program     static E:\00.-MPLAB\00.-PIC16F84A\MENSAJE_01\RETARDOS.INC
               Retardo_1s   0x0000db    program     static E:\00.-MPLAB\00.-PIC16F84A\MENSAJE_01\RETARDOS.INC
            Retardo_500ms   0x0000dd    program     static E:\00.-MPLAB\00.-PIC16F84A\MENSAJE_01\RETARDOS.INC
          Retardo_1Decima   0x0000de    program     static E:\00.-MPLAB\00.-PIC16F84A\MENSAJE_01\RETARDOS.INC
   R1Decima_BucleExterno2   0x0000df    program     static E:\00.-MPLAB\00.-PIC16F84A\MENSAJE_01\RETARDOS.INC
    R1Decima_BucleExterno   0x0000e1    program     static E:\00.-MPLAB\00.-PIC16F84A\MENSAJE_01\RETARDOS.INC
    R1Decima_BucleInterno   0x0000e3    program     static E:\00.-MPLAB\00.-PIC16F84A\MENSAJE_01\RETARDOS.INC


