MPLINK 4.49, Linker
Linker Map File - Created Wed Jun 07 19:19:47 2023

                                 Section Info
                  Section       Type    Address   Location Size(Bytes)
                ---------  ---------  ---------  ---------  ---------
                   .org_0       code   0x000000    program   0x000000
                   .org_1       code   0x000000    program   0x00021c
.config_2007_MENSAJE_02.O       code   0x002007    program   0x000002



                              Program Memory Usage 
                               Start         End      
                           ---------   ---------      
                            0x000000    0x00010d      
                            0x002007    0x002007      
            271 out of 1094 program addresses used, program memory utilization is 24%



                              Symbols - Sorted by Name
                     Name    Address   Location    Storage File                     
                ---------  ---------  ---------  --------- ---------                
                   Inicio   0x000000    program     static E:\00.-MPLAB\00.-PIC16F84A\MENSAJE_02\Mensaje_02.asm
      LCD_2Lineas4Bits5x7   0x000059    program     static E:\00.-MPLAB\00.-PIC16F84A\MENSAJE_02\LCD_4BIT.INC
                LCD_Borra   0x000057    program     static E:\00.-MPLAB\00.-PIC16F84A\MENSAJE_02\LCD_4BIT.INC
                 LCD_Byte   0x000089    program     static E:\00.-MPLAB\00.-PIC16F84A\MENSAJE_02\LCD_4BIT.INC
         LCD_ByteCompleto   0x000090    program     static E:\00.-MPLAB\00.-PIC16F84A\MENSAJE_02\LCD_4BIT.INC
             LCD_Caracter   0x00005c    program     static E:\00.-MPLAB\00.-PIC16F84A\MENSAJE_02\LCD_4BIT.INC
          LCD_CodigoCGROM   0x000066    program     static E:\00.-MPLAB\00.-PIC16F84A\MENSAJE_02\LCD_4BIT.INC
           LCD_CursorIncr   0x000047    program     static E:\00.-MPLAB\00.-PIC16F84A\MENSAJE_02\LCD_4BIT.INC
            LCD_CursorOFF   0x000055    program     static E:\00.-MPLAB\00.-PIC16F84A\MENSAJE_02\LCD_4BIT.INC
             LCD_CursorON   0x000053    program     static E:\00.-MPLAB\00.-PIC16F84A\MENSAJE_02\LCD_4BIT.INC
   LCD_DosEspaciosBlancos   0x000080    program     static E:\00.-MPLAB\00.-PIC16F84A\MENSAJE_02\LCD_4BIT.INC
        LCD_EnheMayuscula   0x00006d    program     static E:\00.-MPLAB\00.-PIC16F84A\MENSAJE_02\LCD_4BIT.INC
        LCD_EnheMinuscula   0x000067    program     static E:\00.-MPLAB\00.-PIC16F84A\MENSAJE_02\LCD_4BIT.INC
                LCD_Envia   0x00005e    program     static E:\00.-MPLAB\00.-PIC16F84A\MENSAJE_02\LCD_4BIT.INC
         LCD_EnviaBlancos   0x000083    program     static E:\00.-MPLAB\00.-PIC16F84A\MENSAJE_02\LCD_4BIT.INC
       LCD_EnviaByteLetra   0x00009c    program     static E:\00.-MPLAB\00.-PIC16F84A\MENSAJE_02\LCD_4BIT.INC
         LCD_EnviaComando   0x00005a    program     static E:\00.-MPLAB\00.-PIC16F84A\MENSAJE_02\LCD_4BIT.INC
      LCD_EnviaOtroBlanco   0x000084    program     static E:\00.-MPLAB\00.-PIC16F84A\MENSAJE_02\LCD_4BIT.INC
         LCD_EsFinalLinea   0x0000b7    program     static E:\00.-MPLAB\00.-PIC16F84A\MENSAJE_02\LCD_MENS.INC
           LCD_EscribeLCD   0x000030    program     static E:\00.-MPLAB\00.-PIC16F84A\MENSAJE_02\LCD_4BIT.INC
             LCD_FinCGROM   0x00007a    program     static E:\00.-MPLAB\00.-PIC16F84A\MENSAJE_02\LCD_4BIT.INC
           LCD_FinMensaje   0x0000ac    program     static E:\00.-MPLAB\00.-PIC16F84A\MENSAJE_02\LCD_MENS.INC
        LCD_FinMovimiento   0x0000c6    program     static E:\00.-MPLAB\00.-PIC16F84A\MENSAJE_02\LCD_MENS.INC
   LCD_FinVisualizaDigito   0x00009e    program     static E:\00.-MPLAB\00.-PIC16F84A\MENSAJE_02\LCD_4BIT.INC
                LCD_Grado   0x000074    program     static E:\00.-MPLAB\00.-PIC16F84A\MENSAJE_02\LCD_4BIT.INC
           LCD_Inicializa   0x000018    program     static E:\00.-MPLAB\00.-PIC16F84A\MENSAJE_02\LCD_4BIT.INC
               LCD_Linea1   0x000049    program     static E:\00.-MPLAB\00.-PIC16F84A\MENSAJE_02\LCD_4BIT.INC
               LCD_Linea2   0x00004b    program     static E:\00.-MPLAB\00.-PIC16F84A\MENSAJE_02\LCD_4BIT.INC
        LCD_LineaEnBlanco   0x00007c    program     static E:\00.-MPLAB\00.-PIC16F84A\MENSAJE_02\LCD_4BIT.INC
              LCD_Mensaje   0x00009f    program     static E:\00.-MPLAB\00.-PIC16F84A\MENSAJE_02\LCD_MENS.INC
    LCD_MensajeMovimiento   0x0000ad    program     static E:\00.-MPLAB\00.-PIC16F84A\MENSAJE_02\LCD_MENS.INC
               LCD_Nibble   0x000094    program     static E:\00.-MPLAB\00.-PIC16F84A\MENSAJE_02\LCD_4BIT.INC
       LCD_NoEsFinalLinea   0x0000bc    program     static E:\00.-MPLAB\00.-PIC16F84A\MENSAJE_02\LCD_MENS.INC
     LCD_NoUltimoCaracter   0x0000a9    program     static E:\00.-MPLAB\00.-PIC16F84A\MENSAJE_02\LCD_MENS.INC
    LCD_NoUltimoCaracter2   0x0000c2    program     static E:\00.-MPLAB\00.-PIC16F84A\MENSAJE_02\LCD_MENS.INC
                  LCD_OFF   0x000051    program     static E:\00.-MPLAB\00.-PIC16F84A\MENSAJE_02\LCD_4BIT.INC
       LCD_PosicionLinea1   0x00004d    program     static E:\00.-MPLAB\00.-PIC16F84A\MENSAJE_02\LCD_4BIT.INC
       LCD_PosicionLinea2   0x00004f    program     static E:\00.-MPLAB\00.-PIC16F84A\MENSAJE_02\LCD_4BIT.INC
      LCD_PrimeraPosicion   0x0000b1    program     static E:\00.-MPLAB\00.-PIC16F84A\MENSAJE_02\LCD_MENS.INC
  LCD_TresEspaciosBlancos   0x000082    program     static E:\00.-MPLAB\00.-PIC16F84A\MENSAJE_02\LCD_4BIT.INC
      LCD_UnEspacioBlanco   0x00007e    program     static E:\00.-MPLAB\00.-PIC16F84A\MENSAJE_02\LCD_4BIT.INC
        LCD_VisualizaAlto   0x000091    program     static E:\00.-MPLAB\00.-PIC16F84A\MENSAJE_02\LCD_4BIT.INC
        LCD_VisualizaBajo   0x000093    program     static E:\00.-MPLAB\00.-PIC16F84A\MENSAJE_02\LCD_4BIT.INC
    LCD_VisualizaCaracter   0x0000b3    program     static E:\00.-MPLAB\00.-PIC16F84A\MENSAJE_02\LCD_MENS.INC
LCD_VisualizaOtroCaracter   0x0000a3    program     static E:\00.-MPLAB\00.-PIC16F84A\MENSAJE_02\LCD_MENS.INC
                 Mensaje0   0x000005    program     static E:\00.-MPLAB\00.-PIC16F84A\MENSAJE_02\Mensaje_02.asm
                 Mensajes   0x000004    program     static E:\00.-MPLAB\00.-PIC16F84A\MENSAJE_02\Mensaje_02.asm
    R1Decima_BucleExterno   0x000104    program     static E:\00.-MPLAB\00.-PIC16F84A\MENSAJE_02\RETARDOS.INC
   R1Decima_BucleExterno2   0x000102    program     static E:\00.-MPLAB\00.-PIC16F84A\MENSAJE_02\RETARDOS.INC
    R1Decima_BucleInterno   0x000106    program     static E:\00.-MPLAB\00.-PIC16F84A\MENSAJE_02\RETARDOS.INC
        R1ms_BucleExterno   0x0000ee    program     static E:\00.-MPLAB\00.-PIC16F84A\MENSAJE_02\RETARDOS.INC
        R1ms_BucleInterno   0x0000f0    program     static E:\00.-MPLAB\00.-PIC16F84A\MENSAJE_02\RETARDOS.INC
            RetardoMicros   0x0000da    program     static E:\00.-MPLAB\00.-PIC16F84A\MENSAJE_02\RETARDOS.INC
        Retardo_100micros   0x0000d4    program     static E:\00.-MPLAB\00.-PIC16F84A\MENSAJE_02\RETARDOS.INC
            Retardo_100ms   0x0000e0    program     static E:\00.-MPLAB\00.-PIC16F84A\MENSAJE_02\RETARDOS.INC
         Retardo_10micros   0x0000c7    program     static E:\00.-MPLAB\00.-PIC16F84A\MENSAJE_02\RETARDOS.INC
             Retardo_10ms   0x0000e6    program     static E:\00.-MPLAB\00.-PIC16F84A\MENSAJE_02\RETARDOS.INC
              Retardo_10s   0x0000f8    program     static E:\00.-MPLAB\00.-PIC16F84A\MENSAJE_02\RETARDOS.INC
          Retardo_1Decima   0x000101    program     static E:\00.-MPLAB\00.-PIC16F84A\MENSAJE_02\RETARDOS.INC
              Retardo_1ms   0x0000ec    program     static E:\00.-MPLAB\00.-PIC16F84A\MENSAJE_02\RETARDOS.INC
               Retardo_1s   0x0000fe    program     static E:\00.-MPLAB\00.-PIC16F84A\MENSAJE_02\RETARDOS.INC
        Retardo_200micros   0x0000d1    program     static E:\00.-MPLAB\00.-PIC16F84A\MENSAJE_02\RETARDOS.INC
            Retardo_200ms   0x0000de    program     static E:\00.-MPLAB\00.-PIC16F84A\MENSAJE_02\RETARDOS.INC
         Retardo_20micros   0x0000d9    program     static E:\00.-MPLAB\00.-PIC16F84A\MENSAJE_02\RETARDOS.INC
             Retardo_20ms   0x0000e4    program     static E:\00.-MPLAB\00.-PIC16F84A\MENSAJE_02\RETARDOS.INC
              Retardo_20s   0x0000f6    program     static E:\00.-MPLAB\00.-PIC16F84A\MENSAJE_02\RETARDOS.INC
              Retardo_2ms   0x0000ea    program     static E:\00.-MPLAB\00.-PIC16F84A\MENSAJE_02\RETARDOS.INC
               Retardo_2s   0x0000fc    program     static E:\00.-MPLAB\00.-PIC16F84A\MENSAJE_02\RETARDOS.INC
          Retardo_4micros   0x0000cd    program     static E:\00.-MPLAB\00.-PIC16F84A\MENSAJE_02\RETARDOS.INC
        Retardo_500micros   0x0000ce    program     static E:\00.-MPLAB\00.-PIC16F84A\MENSAJE_02\RETARDOS.INC
            Retardo_500ms   0x000100    program     static E:\00.-MPLAB\00.-PIC16F84A\MENSAJE_02\RETARDOS.INC
         Retardo_50micros   0x0000d6    program     static E:\00.-MPLAB\00.-PIC16F84A\MENSAJE_02\RETARDOS.INC
             Retardo_50ms   0x0000e2    program     static E:\00.-MPLAB\00.-PIC16F84A\MENSAJE_02\RETARDOS.INC
          Retardo_5micros   0x0000cc    program     static E:\00.-MPLAB\00.-PIC16F84A\MENSAJE_02\RETARDOS.INC
              Retardo_5ms   0x0000e8    program     static E:\00.-MPLAB\00.-PIC16F84A\MENSAJE_02\RETARDOS.INC
               Retardo_5s   0x0000fa    program     static E:\00.-MPLAB\00.-PIC16F84A\MENSAJE_02\RETARDOS.INC
              Retardos_ms   0x0000ed    program     static E:\00.-MPLAB\00.-PIC16F84A\MENSAJE_02\RETARDOS.INC
            Rmicros_Bucle   0x0000db    program     static E:\00.-MPLAB\00.-PIC16F84A\MENSAJE_02\RETARDOS.INC



                              Symbols - Sorted by Address
                     Name    Address   Location    Storage File                     
                ---------  ---------  ---------  --------- ---------                
                   Inicio   0x000000    program     static E:\00.-MPLAB\00.-PIC16F84A\MENSAJE_02\Mensaje_02.asm
                 Mensajes   0x000004    program     static E:\00.-MPLAB\00.-PIC16F84A\MENSAJE_02\Mensaje_02.asm
                 Mensaje0   0x000005    program     static E:\00.-MPLAB\00.-PIC16F84A\MENSAJE_02\Mensaje_02.asm
           LCD_Inicializa   0x000018    program     static E:\00.-MPLAB\00.-PIC16F84A\MENSAJE_02\LCD_4BIT.INC
           LCD_EscribeLCD   0x000030    program     static E:\00.-MPLAB\00.-PIC16F84A\MENSAJE_02\LCD_4BIT.INC
           LCD_CursorIncr   0x000047    program     static E:\00.-MPLAB\00.-PIC16F84A\MENSAJE_02\LCD_4BIT.INC
               LCD_Linea1   0x000049    program     static E:\00.-MPLAB\00.-PIC16F84A\MENSAJE_02\LCD_4BIT.INC
               LCD_Linea2   0x00004b    program     static E:\00.-MPLAB\00.-PIC16F84A\MENSAJE_02\LCD_4BIT.INC
       LCD_PosicionLinea1   0x00004d    program     static E:\00.-MPLAB\00.-PIC16F84A\MENSAJE_02\LCD_4BIT.INC
       LCD_PosicionLinea2   0x00004f    program     static E:\00.-MPLAB\00.-PIC16F84A\MENSAJE_02\LCD_4BIT.INC
                  LCD_OFF   0x000051    program     static E:\00.-MPLAB\00.-PIC16F84A\MENSAJE_02\LCD_4BIT.INC
             LCD_CursorON   0x000053    program     static E:\00.-MPLAB\00.-PIC16F84A\MENSAJE_02\LCD_4BIT.INC
            LCD_CursorOFF   0x000055    program     static E:\00.-MPLAB\00.-PIC16F84A\MENSAJE_02\LCD_4BIT.INC
                LCD_Borra   0x000057    program     static E:\00.-MPLAB\00.-PIC16F84A\MENSAJE_02\LCD_4BIT.INC
      LCD_2Lineas4Bits5x7   0x000059    program     static E:\00.-MPLAB\00.-PIC16F84A\MENSAJE_02\LCD_4BIT.INC
         LCD_EnviaComando   0x00005a    program     static E:\00.-MPLAB\00.-PIC16F84A\MENSAJE_02\LCD_4BIT.INC
             LCD_Caracter   0x00005c    program     static E:\00.-MPLAB\00.-PIC16F84A\MENSAJE_02\LCD_4BIT.INC
                LCD_Envia   0x00005e    program     static E:\00.-MPLAB\00.-PIC16F84A\MENSAJE_02\LCD_4BIT.INC
          LCD_CodigoCGROM   0x000066    program     static E:\00.-MPLAB\00.-PIC16F84A\MENSAJE_02\LCD_4BIT.INC
        LCD_EnheMinuscula   0x000067    program     static E:\00.-MPLAB\00.-PIC16F84A\MENSAJE_02\LCD_4BIT.INC
        LCD_EnheMayuscula   0x00006d    program     static E:\00.-MPLAB\00.-PIC16F84A\MENSAJE_02\LCD_4BIT.INC
                LCD_Grado   0x000074    program     static E:\00.-MPLAB\00.-PIC16F84A\MENSAJE_02\LCD_4BIT.INC
             LCD_FinCGROM   0x00007a    program     static E:\00.-MPLAB\00.-PIC16F84A\MENSAJE_02\LCD_4BIT.INC
        LCD_LineaEnBlanco   0x00007c    program     static E:\00.-MPLAB\00.-PIC16F84A\MENSAJE_02\LCD_4BIT.INC
      LCD_UnEspacioBlanco   0x00007e    program     static E:\00.-MPLAB\00.-PIC16F84A\MENSAJE_02\LCD_4BIT.INC
   LCD_DosEspaciosBlancos   0x000080    program     static E:\00.-MPLAB\00.-PIC16F84A\MENSAJE_02\LCD_4BIT.INC
  LCD_TresEspaciosBlancos   0x000082    program     static E:\00.-MPLAB\00.-PIC16F84A\MENSAJE_02\LCD_4BIT.INC
         LCD_EnviaBlancos   0x000083    program     static E:\00.-MPLAB\00.-PIC16F84A\MENSAJE_02\LCD_4BIT.INC
      LCD_EnviaOtroBlanco   0x000084    program     static E:\00.-MPLAB\00.-PIC16F84A\MENSAJE_02\LCD_4BIT.INC
                 LCD_Byte   0x000089    program     static E:\00.-MPLAB\00.-PIC16F84A\MENSAJE_02\LCD_4BIT.INC
         LCD_ByteCompleto   0x000090    program     static E:\00.-MPLAB\00.-PIC16F84A\MENSAJE_02\LCD_4BIT.INC
        LCD_VisualizaAlto   0x000091    program     static E:\00.-MPLAB\00.-PIC16F84A\MENSAJE_02\LCD_4BIT.INC
        LCD_VisualizaBajo   0x000093    program     static E:\00.-MPLAB\00.-PIC16F84A\MENSAJE_02\LCD_4BIT.INC
               LCD_Nibble   0x000094    program     static E:\00.-MPLAB\00.-PIC16F84A\MENSAJE_02\LCD_4BIT.INC
       LCD_EnviaByteLetra   0x00009c    program     static E:\00.-MPLAB\00.-PIC16F84A\MENSAJE_02\LCD_4BIT.INC
   LCD_FinVisualizaDigito   0x00009e    program     static E:\00.-MPLAB\00.-PIC16F84A\MENSAJE_02\LCD_4BIT.INC
              LCD_Mensaje   0x00009f    program     static E:\00.-MPLAB\00.-PIC16F84A\MENSAJE_02\LCD_MENS.INC
LCD_VisualizaOtroCaracter   0x0000a3    program     static E:\00.-MPLAB\00.-PIC16F84A\MENSAJE_02\LCD_MENS.INC
     LCD_NoUltimoCaracter   0x0000a9    program     static E:\00.-MPLAB\00.-PIC16F84A\MENSAJE_02\LCD_MENS.INC
           LCD_FinMensaje   0x0000ac    program     static E:\00.-MPLAB\00.-PIC16F84A\MENSAJE_02\LCD_MENS.INC
    LCD_MensajeMovimiento   0x0000ad    program     static E:\00.-MPLAB\00.-PIC16F84A\MENSAJE_02\LCD_MENS.INC
      LCD_PrimeraPosicion   0x0000b1    program     static E:\00.-MPLAB\00.-PIC16F84A\MENSAJE_02\LCD_MENS.INC
    LCD_VisualizaCaracter   0x0000b3    program     static E:\00.-MPLAB\00.-PIC16F84A\MENSAJE_02\LCD_MENS.INC
         LCD_EsFinalLinea   0x0000b7    program     static E:\00.-MPLAB\00.-PIC16F84A\MENSAJE_02\LCD_MENS.INC
       LCD_NoEsFinalLinea   0x0000bc    program     static E:\00.-MPLAB\00.-PIC16F84A\MENSAJE_02\LCD_MENS.INC
    LCD_NoUltimoCaracter2   0x0000c2    program     static E:\00.-MPLAB\00.-PIC16F84A\MENSAJE_02\LCD_MENS.INC
        LCD_FinMovimiento   0x0000c6    program     static E:\00.-MPLAB\00.-PIC16F84A\MENSAJE_02\LCD_MENS.INC
         Retardo_10micros   0x0000c7    program     static E:\00.-MPLAB\00.-PIC16F84A\MENSAJE_02\RETARDOS.INC
          Retardo_5micros   0x0000cc    program     static E:\00.-MPLAB\00.-PIC16F84A\MENSAJE_02\RETARDOS.INC
          Retardo_4micros   0x0000cd    program     static E:\00.-MPLAB\00.-PIC16F84A\MENSAJE_02\RETARDOS.INC
        Retardo_500micros   0x0000ce    program     static E:\00.-MPLAB\00.-PIC16F84A\MENSAJE_02\RETARDOS.INC
        Retardo_200micros   0x0000d1    program     static E:\00.-MPLAB\00.-PIC16F84A\MENSAJE_02\RETARDOS.INC
        Retardo_100micros   0x0000d4    program     static E:\00.-MPLAB\00.-PIC16F84A\MENSAJE_02\RETARDOS.INC
         Retardo_50micros   0x0000d6    program     static E:\00.-MPLAB\00.-PIC16F84A\MENSAJE_02\RETARDOS.INC
         Retardo_20micros   0x0000d9    program     static E:\00.-MPLAB\00.-PIC16F84A\MENSAJE_02\RETARDOS.INC
            RetardoMicros   0x0000da    program     static E:\00.-MPLAB\00.-PIC16F84A\MENSAJE_02\RETARDOS.INC
            Rmicros_Bucle   0x0000db    program     static E:\00.-MPLAB\00.-PIC16F84A\MENSAJE_02\RETARDOS.INC
            Retardo_200ms   0x0000de    program     static E:\00.-MPLAB\00.-PIC16F84A\MENSAJE_02\RETARDOS.INC
            Retardo_100ms   0x0000e0    program     static E:\00.-MPLAB\00.-PIC16F84A\MENSAJE_02\RETARDOS.INC
             Retardo_50ms   0x0000e2    program     static E:\00.-MPLAB\00.-PIC16F84A\MENSAJE_02\RETARDOS.INC
             Retardo_20ms   0x0000e4    program     static E:\00.-MPLAB\00.-PIC16F84A\MENSAJE_02\RETARDOS.INC
             Retardo_10ms   0x0000e6    program     static E:\00.-MPLAB\00.-PIC16F84A\MENSAJE_02\RETARDOS.INC
              Retardo_5ms   0x0000e8    program     static E:\00.-MPLAB\00.-PIC16F84A\MENSAJE_02\RETARDOS.INC
              Retardo_2ms   0x0000ea    program     static E:\00.-MPLAB\00.-PIC16F84A\MENSAJE_02\RETARDOS.INC
              Retardo_1ms   0x0000ec    program     static E:\00.-MPLAB\00.-PIC16F84A\MENSAJE_02\RETARDOS.INC
              Retardos_ms   0x0000ed    program     static E:\00.-MPLAB\00.-PIC16F84A\MENSAJE_02\RETARDOS.INC
        R1ms_BucleExterno   0x0000ee    program     static E:\00.-MPLAB\00.-PIC16F84A\MENSAJE_02\RETARDOS.INC
        R1ms_BucleInterno   0x0000f0    program     static E:\00.-MPLAB\00.-PIC16F84A\MENSAJE_02\RETARDOS.INC
              Retardo_20s   0x0000f6    program     static E:\00.-MPLAB\00.-PIC16F84A\MENSAJE_02\RETARDOS.INC
              Retardo_10s   0x0000f8    program     static E:\00.-MPLAB\00.-PIC16F84A\MENSAJE_02\RETARDOS.INC
               Retardo_5s   0x0000fa    program     static E:\00.-MPLAB\00.-PIC16F84A\MENSAJE_02\RETARDOS.INC
               Retardo_2s   0x0000fc    program     static E:\00.-MPLAB\00.-PIC16F84A\MENSAJE_02\RETARDOS.INC
               Retardo_1s   0x0000fe    program     static E:\00.-MPLAB\00.-PIC16F84A\MENSAJE_02\RETARDOS.INC
            Retardo_500ms   0x000100    program     static E:\00.-MPLAB\00.-PIC16F84A\MENSAJE_02\RETARDOS.INC
          Retardo_1Decima   0x000101    program     static E:\00.-MPLAB\00.-PIC16F84A\MENSAJE_02\RETARDOS.INC
   R1Decima_BucleExterno2   0x000102    program     static E:\00.-MPLAB\00.-PIC16F84A\MENSAJE_02\RETARDOS.INC
    R1Decima_BucleExterno   0x000104    program     static E:\00.-MPLAB\00.-PIC16F84A\MENSAJE_02\RETARDOS.INC
    R1Decima_BucleInterno   0x000106    program     static E:\00.-MPLAB\00.-PIC16F84A\MENSAJE_02\RETARDOS.INC


