MPLINK 4.49, Linker
Linker Map File - Created Sun Jun 11 20:18:09 2023

                                 Section Info
                  Section       Type    Address   Location Size(Bytes)
                ---------  ---------  ---------  ---------  ---------
                   .org_0       code   0x000000    program   0x000000
                   .org_1       code   0x000000    program   0x000030
.config_2007_RETARDO_01.O       code   0x002007    program   0x000002



                              Program Memory Usage 
                               Start         End      
                           ---------   ---------      
                            0x000000    0x000017      
                            0x002007    0x002007      
            25 out of 1094 program addresses used, program memory utilization is 2%



                              Symbols - Sorted by Name
                     Name    Address   Location    Storage File                     
                ---------  ---------  ---------  --------- ---------                
                   Inicio   0x000000    program     static E:\00.-MPLAB\00.-PIC16F84A\RETARDO_01\Retardo_01.asm
                Principal   0x000003    program     static E:\00.-MPLAB\00.-PIC16F84A\RETARDO_01\Retardo_01.asm
        R1ms_BucleExterno   0x000010    program     static E:\00.-MPLAB\00.-PIC16F84A\RETARDO_01\Retardo_01.asm
        R1ms_BucleInterno   0x000012    program     static E:\00.-MPLAB\00.-PIC16F84A\RETARDO_01\Retardo_01.asm
            Retardo_100ms   0x00000c    program     static E:\00.-MPLAB\00.-PIC16F84A\RETARDO_01\Retardo_01.asm
              Retardo_1ms   0x00000e    program     static E:\00.-MPLAB\00.-PIC16F84A\RETARDO_01\Retardo_01.asm
            Retardo_200ms   0x00000a    program     static E:\00.-MPLAB\00.-PIC16F84A\RETARDO_01\Retardo_01.asm
              Retardos_ms   0x00000f    program     static E:\00.-MPLAB\00.-PIC16F84A\RETARDO_01\Retardo_01.asm



                              Symbols - Sorted by Address
                     Name    Address   Location    Storage File                     
                ---------  ---------  ---------  --------- ---------                
                   Inicio   0x000000    program     static E:\00.-MPLAB\00.-PIC16F84A\RETARDO_01\Retardo_01.asm
                Principal   0x000003    program     static E:\00.-MPLAB\00.-PIC16F84A\RETARDO_01\Retardo_01.asm
            Retardo_200ms   0x00000a    program     static E:\00.-MPLAB\00.-PIC16F84A\RETARDO_01\Retardo_01.asm
            Retardo_100ms   0x00000c    program     static E:\00.-MPLAB\00.-PIC16F84A\RETARDO_01\Retardo_01.asm
              Retardo_1ms   0x00000e    program     static E:\00.-MPLAB\00.-PIC16F84A\RETARDO_01\Retardo_01.asm
              Retardos_ms   0x00000f    program     static E:\00.-MPLAB\00.-PIC16F84A\RETARDO_01\Retardo_01.asm
        R1ms_BucleExterno   0x000010    program     static E:\00.-MPLAB\00.-PIC16F84A\RETARDO_01\Retardo_01.asm
        R1ms_BucleInterno   0x000012    program     static E:\00.-MPLAB\00.-PIC16F84A\RETARDO_01\Retardo_01.asm


